
--- 2026-09-11T11:57:40.552298+00:00 ---
ICBME_C1_seed42_fold1 epoch=1 loss=0.7102 MAE=13.046/8.338 score=0.7064
ICBME_C1_seed42_fold1 epoch=2 loss=0.6552 MAE=12.749/8.159 score=0.6908
ICBME_C1_seed42_fold1 epoch=3 loss=0.6356 MAE=13.345/8.424 score=0.7183
ICBME_C1_seed42_fold1 epoch=4 loss=0.6238 MAE=12.838/8.275 score=0.6980
ICBME_C2_seed42_fold1 epoch=1 loss=0.7620 MAE=13.390/8.523 score=0.7236
ICBME_C2_seed42_fold1 epoch=2 loss=0.7136 MAE=12.869/8.235 score=0.6972
ICBME_C2_seed42_fold1 epoch=3 loss=0.6982 MAE=12.968/8.495 score=0.7106
ICBME_C3_seed42_fold1 epoch=1 loss=0.6990 MAE=12.926/8.424 score=0.7065
ICBME_C3_seed42_fold1 epoch=2 loss=0.6565 MAE=12.870/8.371 score=0.7028
ICBME_C3_seed42_fold1 epoch=3 loss=0.6423 MAE=13.146/8.459 score=0.7142
ICBME_C1_seed42_fold2 epoch=1 loss=0.7202 MAE=13.229/8.479 score=0.7171
ICBME_C1_seed42_fold2 epoch=2 loss=0.6544 MAE=12.923/8.477 score=0.7084
ICBME_C1_seed42_fold2 epoch=3 loss=0.6338 MAE=13.366/8.242 score=0.7113
ICBME_C1_seed42_fold2 epoch=4 loss=0.6173 MAE=13.000/8.230 score=0.7005
ICBME_C2_seed42_fold2 epoch=1 loss=0.7551 MAE=13.777/9.785 score=0.7857
ICBME_C2_seed42_fold2 epoch=2 loss=0.7089 MAE=12.955/8.585 score=0.7137
ICBME_C2_seed42_fold2 epoch=3 loss=0.6942 MAE=13.905/8.334 score=0.7302
ICBME_C3_seed42_fold2 epoch=1 loss=0.6970 MAE=13.151/8.498 score=0.7157
ICBME_C3_seed42_fold2 epoch=2 loss=0.6528 MAE=12.946/8.430 score=0.7071
ICBME_C3_seed42_fold2 epoch=3 loss=0.6367 MAE=13.406/8.498 score=0.7228
ICBME_C1_seed42_fold3 epoch=1 loss=0.7176 MAE=13.151/8.650 score=0.7233
ICBME_C1_seed42_fold3 epoch=2 loss=0.6550 MAE=12.947/8.382 score=0.7066
ICBME_C1_seed42_fold3 epoch=3 loss=0.6326 MAE=13.490/8.346 score=0.7204
ICBME_C1_seed42_fold3 epoch=4 loss=0.6163 MAE=13.210/8.534 score=0.7202
ICBME_C2_seed42_fold3 epoch=1 loss=0.7562 MAE=13.297/8.429 score=0.7183
ICBME_C2_seed42_fold3 epoch=2 loss=0.7089 MAE=13.417/8.423 score=0.7214
ICBME_C2_seed42_fold3 epoch=3 loss=0.6958 MAE=13.526/8.413 score=0.7241
ICBME_C3_seed42_fold3 epoch=1 loss=0.6942 MAE=12.998/8.396 score=0.7086
ICBME_C3_seed42_fold3 epoch=2 loss=0.6536 MAE=13.545/8.474 score=0.7271
ICBME_C3_seed42_fold3 epoch=3 loss=0.6395 MAE=13.471/8.356 score=0.7202
ICBME_C1_seed42_fold4 epoch=1 loss=0.7204 MAE=13.008/7.964 score=0.6847
ICBME_C1_seed42_fold4 epoch=2 loss=0.6558 MAE=12.771/7.873 score=0.6744
ICBME_C1_seed42_fold4 epoch=3 loss=0.6336 MAE=12.753/7.885 score=0.6744
ICBME_C1_seed42_fold4 epoch=4 loss=0.6173 MAE=12.924/7.956 score=0.6820
ICBME_C2_seed42_fold4 epoch=1 loss=0.7430 MAE=13.065/8.030 score=0.6890
ICBME_C2_seed42_fold4 epoch=2 loss=0.7050 MAE=12.777/7.997 score=0.6796
ICBME_C2_seed42_fold4 epoch=3 loss=0.6931 MAE=13.026/8.055 score=0.6889
ICBME_C3_seed42_fold4 epoch=1 loss=0.6993 MAE=12.985/7.913 score=0.6820
ICBME_C3_seed42_fold4 epoch=2 loss=0.6555 MAE=12.890/7.855 score=0.6770
ICBME_C3_seed42_fold4 epoch=3 loss=0.6414 MAE=12.956/7.983 score=0.6840
ICBME_C1_seed42_fold5 epoch=1 loss=0.7065 MAE=13.942/8.975 score=0.7596
ICBME_C1_seed42_fold5 epoch=2 loss=0.6472 MAE=13.649/8.599 score=0.7360
ICBME_C1_seed42_fold5 epoch=3 loss=0.6282 MAE=14.249/8.897 score=0.7651
ICBME_C1_seed42_fold5 epoch=4 loss=0.6131 MAE=13.725/8.651 score=0.7402
ICBME_C2_seed42_fold5 epoch=1 loss=0.7510 MAE=14.116/8.889 score=0.7610
ICBME_C2_seed42_fold5 epoch=2 loss=0.7024 MAE=13.735/8.612 score=0.7390
ICBME_C2_seed42_fold5 epoch=3 loss=0.6899 MAE=14.134/8.934 score=0.7634
ICBME_C3_seed42_fold5 epoch=1 loss=0.6928 MAE=14.120/8.954 score=0.7638
ICBME_C3_seed42_fold5 epoch=2 loss=0.6457 MAE=13.798/8.749 score=0.7463
ICBME_C3_seed42_fold5 epoch=3 loss=0.6321 MAE=13.821/8.692 score=0.7447
ICBME_C1_seed123_fold1 epoch=1 loss=0.7179 MAE=13.683/9.069 score=0.7565
ICBME_C1_seed123_fold1 epoch=2 loss=0.6509 MAE=13.294/9.051 score=0.7449
ICBME_C1_seed123_fold1 epoch=3 loss=0.6345 MAE=13.242/8.810 score=0.7335
ICBME_C1_seed123_fold1 epoch=4 loss=0.6135 MAE=13.090/8.872 score=0.7318
ICBME_C2_seed123_fold1 epoch=1 loss=0.7544 MAE=13.513/9.037 score=0.7504
ICBME_C2_seed123_fold1 epoch=2 loss=0.7039 MAE=13.641/8.889 score=0.7479
ICBME_C2_seed123_fold1 epoch=3 loss=0.6937 MAE=13.386/8.887 score=0.7407
ICBME_C3_seed123_fold1 epoch=1 loss=0.6919 MAE=13.221/8.951 score=0.7387
ICBME_C3_seed123_fold1 epoch=2 loss=0.6494 MAE=13.085/9.125 score=0.7421
ICBME_C3_seed123_fold1 epoch=3 loss=0.6403 MAE=13.233/8.856 score=0.7351
ICBME_C1_seed123_fold2 epoch=1 loss=0.7182 MAE=13.283/8.343 score=0.7101
ICBME_C1_seed123_fold2 epoch=2 loss=0.6511 MAE=13.184/8.222 score=0.7025
ICBME_C1_seed123_fold2 epoch=3 loss=0.6315 MAE=13.165/8.005 score=0.6931
ICBME_C1_seed123_fold2 epoch=4 loss=0.6161 MAE=12.930/8.130 score=0.6916
ICBME_C2_seed123_fold2 epoch=1 loss=0.7600 MAE=13.770/8.571 score=0.7330
ICBME_C2_seed123_fold2 epoch=2 loss=0.7058 MAE=13.235/8.229 score=0.7042
ICBME_C2_seed123_fold2 epoch=3 loss=0.6931 MAE=13.204/8.184 score=0.7015
ICBME_C3_seed123_fold2 epoch=1 loss=0.6939 MAE=13.775/8.263 score=0.7207
ICBME_C3_seed123_fold2 epoch=2 loss=0.6522 MAE=13.284/8.225 score=0.7054
ICBME_C3_seed123_fold2 epoch=3 loss=0.6379 MAE=13.234/8.072 score=0.6978
ICBME_C1_seed123_fold3 epoch=1 loss=0.7233 MAE=13.564/8.629 score=0.7340
ICBME_C1_seed123_fold3 epoch=2 loss=0.6580 MAE=12.670/8.187 score=0.6908
ICBME_C1_seed123_fold3 epoch=3 loss=0.6412 MAE=12.739/8.187 score=0.6927
ICBME_C1_seed123_fold3 epoch=4 loss=0.6253 MAE=12.895/8.319 score=0.7025
ICBME_C2_seed123_fold3 epoch=1 loss=0.7490 MAE=13.541/8.452 score=0.7261
ICBME_C2_seed123_fold3 epoch=2 loss=0.7109 MAE=13.052/8.401 score=0.7103
ICBME_C2_seed123_fold3 epoch=3 loss=0.6985 MAE=12.765/8.219 score=0.6947
ICBME_C3_seed123_fold3 epoch=1 loss=0.6994 MAE=13.752/8.697 score=0.7420
ICBME_C3_seed123_fold3 epoch=2 loss=0.6570 MAE=13.052/8.413 score=0.7108
ICBME_C3_seed123_fold3 epoch=3 loss=0.6450 MAE=12.818/8.367 score=0.7023
ICBME_C1_seed123_fold4 epoch=1 loss=0.7153 MAE=13.705/8.442 score=0.7301
ICBME_C1_seed123_fold4 epoch=2 loss=0.6514 MAE=13.937/8.671 score=0.7459
ICBME_C1_seed123_fold4 epoch=3 loss=0.6348 MAE=13.526/8.399 score=0.7233
ICBME_C1_seed123_fold4 epoch=4 loss=0.6183 MAE=13.523/8.308 score=0.7195
ICBME_C2_seed123_fold4 epoch=1 loss=0.7581 MAE=13.868/8.662 score=0.7436
ICBME_C2_seed123_fold4 epoch=2 loss=0.7048 MAE=14.344/9.265 score=0.7816
ICBME_C2_seed123_fold4 epoch=3 loss=0.6934 MAE=13.773/8.458 score=0.7327
ICBME_C3_seed123_fold4 epoch=1 loss=0.6876 MAE=14.007/8.513 score=0.7415
ICBME_C3_seed123_fold4 epoch=2 loss=0.6492 MAE=14.013/8.592 score=0.7449
ICBME_C3_seed123_fold4 epoch=3 loss=0.6367 MAE=13.726/8.403 score=0.7291
ICBME_C1_seed123_fold5 epoch=1 loss=0.7115 MAE=13.163/8.163 score=0.6991
ICBME_C1_seed123_fold5 epoch=2 loss=0.6552 MAE=12.798/8.078 score=0.6854
ICBME_C1_seed123_fold5 epoch=3 loss=0.6328 MAE=13.165/8.066 score=0.6951
ICBME_C1_seed123_fold5 epoch=4 loss=0.6205 MAE=12.898/7.897 score=0.6808
ICBME_C2_seed123_fold5 epoch=1 loss=0.7479 MAE=13.429/8.364 score=0.7146
ICBME_C2_seed123_fold5 epoch=2 loss=0.7082 MAE=12.948/8.070 score=0.6893
ICBME_C2_seed123_fold5 epoch=3 loss=0.6943 MAE=13.161/7.980 score=0.6915
ICBME_C3_seed123_fold5 epoch=1 loss=0.6988 MAE=13.064/8.203 score=0.6979
ICBME_C3_seed123_fold5 epoch=2 loss=0.6552 MAE=12.699/7.897 score=0.6753
ICBME_C3_seed123_fold5 epoch=3 loss=0.6384 MAE=13.032/7.984 score=0.6881
ICBME_C1_seed2026_fold1 epoch=1 loss=0.7222 MAE=13.249/8.477 score=0.7166
ICBME_C1_seed2026_fold1 epoch=2 loss=0.6518 MAE=13.149/8.305 score=0.7068
ICBME_C1_seed2026_fold1 epoch=3 loss=0.6319 MAE=12.983/8.232 score=0.6992
ICBME_C1_seed2026_fold1 epoch=4 loss=0.6192 MAE=13.117/8.212 score=0.7021
ICBME_C2_seed2026_fold1 epoch=1 loss=0.7500 MAE=13.297/8.468 score=0.7176
ICBME_C2_seed2026_fold1 epoch=2 loss=0.7033 MAE=13.412/8.303 score=0.7141
ICBME_C2_seed2026_fold1 epoch=3 loss=0.6946 MAE=13.333/8.263 score=0.7102
ICBME_C3_seed2026_fold1 epoch=1 loss=0.6940 MAE=13.227/8.264 score=0.7073
ICBME_C3_seed2026_fold1 epoch=2 loss=0.6500 MAE=13.256/8.294 score=0.7094
ICBME_C3_seed2026_fold1 epoch=3 loss=0.6366 MAE=13.182/8.242 score=0.7051
ICBME_C1_seed2026_fold2 epoch=1 loss=0.7238 MAE=13.108/8.291 score=0.7043
ICBME_C1_seed2026_fold2 epoch=2 loss=0.6585 MAE=13.296/8.316 score=0.7106
ICBME_C1_seed2026_fold2 epoch=3 loss=0.6384 MAE=12.802/8.238 score=0.6936
ICBME_C1_seed2026_fold2 epoch=4 loss=0.6197 MAE=13.015/8.407 score=0.7064
ICBME_C2_seed2026_fold2 epoch=1 loss=0.7624 MAE=13.715/8.792 score=0.7417
ICBME_C2_seed2026_fold2 epoch=2 loss=0.7088 MAE=13.831/8.431 score=0.7302
ICBME_C2_seed2026_fold2 epoch=3 loss=0.6970 MAE=13.106/8.440 score=0.7103
ICBME_C3_seed2026_fold2 epoch=1 loss=0.6970 MAE=13.331/8.554 score=0.7213
ICBME_C3_seed2026_fold2 epoch=2 loss=0.6548 MAE=13.745/8.471 score=0.7295
ICBME_C3_seed2026_fold2 epoch=3 loss=0.6452 MAE=12.961/8.354 score=0.7028
ICBME_C1_seed2026_fold3 epoch=1 loss=0.7158 MAE=12.794/8.269 score=0.6921
ICBME_C1_seed2026_fold3 epoch=2 loss=0.6586 MAE=12.628/8.129 score=0.6818
ICBME_C1_seed2026_fold3 epoch=3 loss=0.6375 MAE=12.709/8.397 score=0.6949
ICBME_C1_seed2026_fold3 epoch=4 loss=0.6211 MAE=12.414/8.195 score=0.6785
ICBME_C2_seed2026_fold3 epoch=1 loss=0.7491 MAE=12.834/8.316 score=0.6951
ICBME_C2_seed2026_fold3 epoch=2 loss=0.7119 MAE=12.684/8.331 score=0.6916
ICBME_C2_seed2026_fold3 epoch=3 loss=0.6945 MAE=12.653/8.324 score=0.6904
ICBME_C3_seed2026_fold3 epoch=1 loss=0.6969 MAE=12.883/8.234 score=0.6932
ICBME_C3_seed2026_fold3 epoch=2 loss=0.6561 MAE=12.654/8.254 score=0.6876
ICBME_C3_seed2026_fold3 epoch=3 loss=0.6423 MAE=12.669/8.352 score=0.6920
ICBME_C1_seed2026_fold4 epoch=1 loss=0.7171 MAE=13.347/8.903 score=0.7441
ICBME_C1_seed2026_fold4 epoch=2 loss=0.6546 MAE=13.201/8.732 score=0.7329
ICBME_C1_seed2026_fold4 epoch=3 loss=0.6357 MAE=13.243/8.551 score=0.7266
ICBME_C1_seed2026_fold4 epoch=4 loss=0.6197 MAE=13.352/8.636 score=0.7332
ICBME_C2_seed2026_fold4 epoch=1 loss=0.7600 MAE=13.608/8.843 score=0.7490
ICBME_C2_seed2026_fold4 epoch=2 loss=0.7088 MAE=13.354/8.762 score=0.7385
ICBME_C2_seed2026_fold4 epoch=3 loss=0.6981 MAE=13.967/8.782 score=0.7566
ICBME_C3_seed2026_fold4 epoch=1 loss=0.6976 MAE=13.838/9.033 score=0.7633
ICBME_C3_seed2026_fold4 epoch=2 loss=0.6531 MAE=13.311/8.600 score=0.7306
ICBME_C3_seed2026_fold4 epoch=3 loss=0.6385 MAE=13.619/9.017 score=0.7565
ICBME_C1_seed2026_fold5 epoch=1 loss=0.7076 MAE=13.417/8.410 score=0.7188
ICBME_C1_seed2026_fold5 epoch=2 loss=0.6471 MAE=13.511/8.753 score=0.7354
ICBME_C1_seed2026_fold5 epoch=3 loss=0.6272 MAE=13.384/8.253 score=0.7115
ICBME_C1_seed2026_fold5 epoch=4 loss=0.6118 MAE=13.559/8.246 score=0.7162
ICBME_C2_seed2026_fold5 epoch=1 loss=0.7521 MAE=13.574/8.369 score=0.7216
ICBME_C2_seed2026_fold5 epoch=2 loss=0.7093 MAE=13.651/8.478 score=0.7282
ICBME_C2_seed2026_fold5 epoch=3 loss=0.6926 MAE=13.666/8.477 score=0.7286
ICBME_C3_seed2026_fold5 epoch=1 loss=0.6868 MAE=13.449/8.266 score=0.7139
ICBME_C3_seed2026_fold5 epoch=2 loss=0.6483 MAE=13.623/9.038 score=0.7501
ICBME_C3_seed2026_fold5 epoch=3 loss=0.6360 MAE=13.464/8.303 score=0.7158
                                                candidate_id                          clinical_method  selection_role  fits  mae_sbp_mean  mae_sbp_sd  mae_dbp_mean  mae_dbp_sd  tail_mae_sbp_mean  tail_mae_dbp_mean  high_bp_sensitivity_mean  high_bp_specificity_mean  clinical_selection_score_mean  clinical_selection_score_sd
MEDOBJ_020_resnet_multiview10__physio_multitask_aug_a2e52a4b resnet_multiview10__physio_multitask_aug  fixed_baseline    15     13.099201    0.333154      8.324561    0.261399          13.740563           8.722544                  0.027364                  0.997942                       0.715462                     0.023524
                           REP_009_spectral_multi10_2a04f551                         spectral_multi10 novel_candidate    15     13.249112    0.334485      8.395862    0.290676          13.735462           8.473071                  0.003762                  0.999952                       0.718229                     0.021411
                  MEDOBJ_022_resnet_derivative5__l1_131e2b84                   resnet_derivative5__l1 novel_candidate    15     13.371499    0.447527      8.416259    0.278755          13.795942           8.703358                  0.012368                  0.998415                       0.724189                     0.025766
