
--- 2026-09-11T11:43:08.901451+00:00 ---
[1/96] MEDOBJ_001_resnet_multiview10__huber_5b27152c
MEDOBJ_001_resnet_multiview10__huber_5b27152c epoch=1 loss=0.5528 MAE=13.325/8.850 score=0.7286
MEDOBJ_001_resnet_multiview10__huber_5b27152c epoch=2 loss=0.4932 MAE=13.049/8.561 score=0.7092
MEDOBJ_001_resnet_multiview10__huber_5b27152c epoch=3 loss=0.4747 MAE=12.918/8.724 score=0.7122
MEDOBJ_001_resnet_multiview10__huber_5b27152c epoch=4 loss=0.4644 MAE=13.095/8.637 score=0.7136
[2/96] MEDOBJ_002_resnet_multiview10__l1_cef22eff
MEDOBJ_002_resnet_multiview10__l1_cef22eff epoch=1 loss=0.7759 MAE=13.188/8.936 score=0.7283
MEDOBJ_002_resnet_multiview10__l1_cef22eff epoch=2 loss=0.7105 MAE=12.995/8.651 score=0.7114
MEDOBJ_002_resnet_multiview10__l1_cef22eff epoch=3 loss=0.6943 MAE=12.965/8.863 score=0.7191
MEDOBJ_002_resnet_multiview10__l1_cef22eff epoch=4 loss=0.6839 MAE=12.961/8.769 score=0.7152
[3/96] MEDOBJ_003_resnet_multiview10__logcosh_207765ef
MEDOBJ_003_resnet_multiview10__logcosh_207765ef epoch=1 loss=0.3556 MAE=13.173/8.950 score=0.7284
MEDOBJ_003_resnet_multiview10__logcosh_207765ef epoch=2 loss=0.3078 MAE=13.196/8.610 score=0.7153
MEDOBJ_003_resnet_multiview10__logcosh_207765ef epoch=3 loss=0.2968 MAE=13.023/8.663 score=0.7126
MEDOBJ_003_resnet_multiview10__logcosh_207765ef epoch=4 loss=0.2900 MAE=13.120/8.661 score=0.7152
MEDOBJ_003_resnet_multiview10__logcosh_207765ef epoch=5 loss=0.2825 MAE=13.327/8.586 score=0.7180
[4/96] MEDOBJ_004_resnet_multiview10__ccc05_22be3b85
MEDOBJ_004_resnet_multiview10__ccc05_22be3b85 epoch=1 loss=0.5922 MAE=12.999/8.545 score=0.7072
MEDOBJ_004_resnet_multiview10__ccc05_22be3b85 epoch=2 loss=0.5233 MAE=13.037/8.564 score=0.7090
MEDOBJ_004_resnet_multiview10__ccc05_22be3b85 epoch=3 loss=0.5058 MAE=13.016/8.786 score=0.7174
[5/96] MEDOBJ_005_resnet_multiview10__ccc10_e8cacdc6
MEDOBJ_005_resnet_multiview10__ccc10_e8cacdc6 epoch=1 loss=0.6381 MAE=13.069/8.599 score=0.7113
MEDOBJ_005_resnet_multiview10__ccc10_e8cacdc6 epoch=2 loss=0.5543 MAE=13.024/8.545 score=0.7079
MEDOBJ_005_resnet_multiview10__ccc10_e8cacdc6 epoch=3 loss=0.5358 MAE=13.061/8.873 score=0.7222
MEDOBJ_005_resnet_multiview10__ccc10_e8cacdc6 epoch=4 loss=0.5222 MAE=13.170/8.717 score=0.7189
[6/96] MEDOBJ_006_resnet_multiview10__ccc20_8ad96173
MEDOBJ_006_resnet_multiview10__ccc20_8ad96173 epoch=1 loss=0.7087 MAE=13.325/9.089 score=0.7382
MEDOBJ_006_resnet_multiview10__ccc20_8ad96173 epoch=2 loss=0.6153 MAE=13.207/8.620 score=0.7160
MEDOBJ_006_resnet_multiview10__ccc20_8ad96173 epoch=3 loss=0.5922 MAE=13.094/8.990 score=0.7278
MEDOBJ_006_resnet_multiview10__ccc20_8ad96173 epoch=4 loss=0.5780 MAE=13.235/8.771 score=0.7229
[7/96] MEDOBJ_007_resnet_multiview10__asym25_01d3681a
MEDOBJ_007_resnet_multiview10__asym25_01d3681a epoch=1 loss=0.5895 MAE=13.619/9.299 score=0.7550
MEDOBJ_007_resnet_multiview10__asym25_01d3681a epoch=2 loss=0.5218 MAE=12.957/8.582 score=0.7075
MEDOBJ_007_resnet_multiview10__asym25_01d3681a epoch=3 loss=0.5006 MAE=12.973/8.746 score=0.7146
MEDOBJ_007_resnet_multiview10__asym25_01d3681a epoch=4 loss=0.4898 MAE=13.097/8.674 score=0.7151
[8/96] MEDOBJ_008_resnet_multiview10__asym50_8935b75a
MEDOBJ_008_resnet_multiview10__asym50_8935b75a epoch=1 loss=0.6185 MAE=13.413/9.208 score=0.7455
MEDOBJ_008_resnet_multiview10__asym50_8935b75a epoch=2 loss=0.5441 MAE=13.033/8.563 score=0.7089
MEDOBJ_008_resnet_multiview10__asym50_8935b75a epoch=3 loss=0.5248 MAE=13.004/8.783 score=0.7170
MEDOBJ_008_resnet_multiview10__asym50_8935b75a epoch=4 loss=0.5130 MAE=13.191/8.723 score=0.7197
[9/96] MEDOBJ_009_resnet_multiview10__asym75_a364c7ff
MEDOBJ_009_resnet_multiview10__asym75_a364c7ff epoch=1 loss=0.6504 MAE=13.797/8.796 score=0.7395
MEDOBJ_009_resnet_multiview10__asym75_a364c7ff epoch=2 loss=0.5707 MAE=13.428/8.835 score=0.7308
MEDOBJ_009_resnet_multiview10__asym75_a364c7ff epoch=3 loss=0.5463 MAE=13.145/8.793 score=0.7213
MEDOBJ_009_resnet_multiview10__asym75_a364c7ff epoch=4 loss=0.5332 MAE=13.329/8.908 score=0.7310
MEDOBJ_009_resnet_multiview10__asym75_a364c7ff epoch=5 loss=0.5192 MAE=13.516/8.918 score=0.7366
[10/96] MEDOBJ_010_resnet_multiview10__asym100_4dc5db70
MEDOBJ_010_resnet_multiview10__asym100_4dc5db70 epoch=1 loss=0.6767 MAE=13.281/8.540 score=0.7148
MEDOBJ_010_resnet_multiview10__asym100_4dc5db70 epoch=2 loss=0.5930 MAE=13.093/8.766 score=0.7188
MEDOBJ_010_resnet_multiview10__asym100_4dc5db70 epoch=3 loss=0.5677 MAE=13.255/8.679 score=0.7198
[11/96] MEDOBJ_011_resnet_multiview10__focal25_3d96e2a1
MEDOBJ_011_resnet_multiview10__focal25_3d96e2a1 epoch=1 loss=0.7410 MAE=13.344/9.043 score=0.7369
MEDOBJ_011_resnet_multiview10__focal25_3d96e2a1 epoch=2 loss=0.6480 MAE=13.132/8.600 score=0.7131
MEDOBJ_011_resnet_multiview10__focal25_3d96e2a1 epoch=3 loss=0.6260 MAE=12.894/8.731 score=0.7118
MEDOBJ_011_resnet_multiview10__focal25_3d96e2a1 epoch=4 loss=0.6119 MAE=13.073/8.668 score=0.7142
MEDOBJ_011_resnet_multiview10__focal25_3d96e2a1 epoch=5 loss=0.5970 MAE=13.281/8.718 score=0.7220
[12/96] MEDOBJ_012_resnet_multiview10__focal50_5ce0c58e
MEDOBJ_012_resnet_multiview10__focal50_5ce0c58e epoch=1 loss=0.9336 MAE=13.336/9.442 score=0.7528
MEDOBJ_012_resnet_multiview10__focal50_5ce0c58e epoch=2 loss=0.8119 MAE=12.990/8.572 score=0.7080
MEDOBJ_012_resnet_multiview10__focal50_5ce0c58e epoch=3 loss=0.7782 MAE=12.992/8.676 score=0.7123
MEDOBJ_012_resnet_multiview10__focal50_5ce0c58e epoch=4 loss=0.7597 MAE=13.114/8.690 score=0.7163
[13/96] MEDOBJ_013_resnet_multiview10__physio05_86b6b5b0
MEDOBJ_013_resnet_multiview10__physio05_86b6b5b0 epoch=1 loss=0.5528 MAE=13.325/8.850 score=0.7286
MEDOBJ_013_resnet_multiview10__physio05_86b6b5b0 epoch=2 loss=0.4932 MAE=13.049/8.561 score=0.7092
MEDOBJ_013_resnet_multiview10__physio05_86b6b5b0 epoch=3 loss=0.4747 MAE=12.918/8.724 score=0.7122
MEDOBJ_013_resnet_multiview10__physio05_86b6b5b0 epoch=4 loss=0.4644 MAE=13.095/8.637 score=0.7136
[14/96] MEDOBJ_014_resnet_multiview10__physio15_68cc029d
MEDOBJ_014_resnet_multiview10__physio15_68cc029d epoch=1 loss=0.5528 MAE=13.325/8.850 score=0.7286
MEDOBJ_014_resnet_multiview10__physio15_68cc029d epoch=2 loss=0.4932 MAE=13.049/8.561 score=0.7092
MEDOBJ_014_resnet_multiview10__physio15_68cc029d epoch=3 loss=0.4747 MAE=12.918/8.724 score=0.7122
MEDOBJ_014_resnet_multiview10__physio15_68cc029d epoch=4 loss=0.4644 MAE=13.095/8.637 score=0.7136
[15/96] MEDOBJ_015_resnet_multiview10__clinical10_3c5bcb52
/home/asr/mahditaghsimi/maghale/FINAL/phase2/engine.py:251: UserWarning: torch.searchsorted(): input value tensor is non-contiguous, this will lower the performance due to extra data copy when converting non-contiguous tensor to contiguous, please use contiguous input value tensor if possible. This message will only appear once per program. (Triggered internally at /pytorch/aten/src/ATen/native/BucketizationUtils.h:32.)
  sbp_class = torch.bucketize(physical[:, 0], torch.tensor([90.0, 120.0, 140.0], device=output.device))
MEDOBJ_015_resnet_multiview10__clinical10_3c5bcb52 epoch=1 loss=0.6452 MAE=13.057/8.589 score=0.7106
MEDOBJ_015_resnet_multiview10__clinical10_3c5bcb52 epoch=2 loss=0.5788 MAE=13.117/8.565 score=0.7113
MEDOBJ_015_resnet_multiview10__clinical10_3c5bcb52 epoch=3 loss=0.5650 MAE=13.035/8.709 score=0.7148
[16/96] MEDOBJ_016_resnet_multiview10__clinical25_53e723af
MEDOBJ_016_resnet_multiview10__clinical25_53e723af epoch=1 loss=0.7870 MAE=13.201/8.622 score=0.7159
MEDOBJ_016_resnet_multiview10__clinical25_53e723af epoch=2 loss=0.7152 MAE=13.127/8.647 score=0.7149
MEDOBJ_016_resnet_multiview10__clinical25_53e723af epoch=3 loss=0.6966 MAE=13.082/8.732 score=0.7171
MEDOBJ_016_resnet_multiview10__clinical25_53e723af epoch=4 loss=0.6829 MAE=13.008/8.594 score=0.7095
MEDOBJ_016_resnet_multiview10__clinical25_53e723af epoch=5 loss=0.6685 MAE=13.275/8.662 score=0.7196
[17/96] MEDOBJ_017_resnet_multiview10__ordinal10_c3b9f7f4
MEDOBJ_017_resnet_multiview10__ordinal10_c3b9f7f4 epoch=1 loss=0.5885 MAE=13.043/8.638 score=0.7122
MEDOBJ_017_resnet_multiview10__ordinal10_c3b9f7f4 epoch=2 loss=0.5170 MAE=13.096/8.571 score=0.7109
MEDOBJ_017_resnet_multiview10__ordinal10_c3b9f7f4 epoch=3 loss=0.5022 MAE=13.081/8.730 score=0.7169
MEDOBJ_017_resnet_multiview10__ordinal10_c3b9f7f4 epoch=4 loss=0.4911 MAE=13.011/8.566 score=0.7084
MEDOBJ_017_resnet_multiview10__ordinal10_c3b9f7f4 epoch=5 loss=0.4774 MAE=13.123/8.749 score=0.7189
[18/96] MEDOBJ_018_resnet_multiview10__ordinal25_1dd09875
MEDOBJ_018_resnet_multiview10__ordinal25_1dd09875 epoch=1 loss=0.6363 MAE=13.215/8.899 score=0.7275
MEDOBJ_018_resnet_multiview10__ordinal25_1dd09875 epoch=2 loss=0.5614 MAE=13.028/8.628 score=0.7113
MEDOBJ_018_resnet_multiview10__ordinal25_1dd09875 epoch=3 loss=0.5416 MAE=13.029/8.726 score=0.7153
MEDOBJ_018_resnet_multiview10__ordinal25_1dd09875 epoch=4 loss=0.5306 MAE=13.120/8.612 score=0.7133
[19/96] MEDOBJ_019_resnet_multiview10__physio_multitask_19743379
MEDOBJ_019_resnet_multiview10__physio_multitask_19743379 epoch=1 loss=0.7172 MAE=13.109/8.745 score=0.7183
MEDOBJ_019_resnet_multiview10__physio_multitask_19743379 epoch=2 loss=0.6519 MAE=13.196/8.541 score=0.7125
MEDOBJ_019_resnet_multiview10__physio_multitask_19743379 epoch=3 loss=0.6323 MAE=13.078/8.689 score=0.7152
MEDOBJ_019_resnet_multiview10__physio_multitask_19743379 epoch=4 loss=0.6174 MAE=12.976/8.549 score=0.7067
MEDOBJ_019_resnet_multiview10__physio_multitask_19743379 epoch=5 loss=0.5973 MAE=13.364/8.741 score=0.7253
[20/96] MEDOBJ_020_resnet_multiview10__physio_multitask_aug_a2e52a4b
MEDOBJ_020_resnet_multiview10__physio_multitask_aug_a2e52a4b epoch=1 loss=0.7167 MAE=13.134/9.059 score=0.7317
MEDOBJ_020_resnet_multiview10__physio_multitask_aug_a2e52a4b epoch=2 loss=0.6499 MAE=13.313/8.649 score=0.7201
MEDOBJ_020_resnet_multiview10__physio_multitask_aug_a2e52a4b epoch=3 loss=0.6311 MAE=13.043/8.718 score=0.7154
MEDOBJ_020_resnet_multiview10__physio_multitask_aug_a2e52a4b epoch=4 loss=0.6157 MAE=12.924/8.565 score=0.7059
MEDOBJ_020_resnet_multiview10__physio_multitask_aug_a2e52a4b epoch=5 loss=0.5969 MAE=13.407/8.689 score=0.7244
[21/96] MEDOBJ_021_resnet_derivative5__huber_a86a51a0
MEDOBJ_021_resnet_derivative5__huber_a86a51a0 epoch=1 loss=0.5426 MAE=13.355/8.811 score=0.7279
MEDOBJ_021_resnet_derivative5__huber_a86a51a0 epoch=2 loss=0.4932 MAE=13.044/8.556 score=0.7089
MEDOBJ_021_resnet_derivative5__huber_a86a51a0 epoch=3 loss=0.4798 MAE=13.143/8.724 score=0.7184
MEDOBJ_021_resnet_derivative5__huber_a86a51a0 epoch=4 loss=0.4703 MAE=13.220/8.805 score=0.7238
[22/96] MEDOBJ_022_resnet_derivative5__l1_131e2b84
MEDOBJ_022_resnet_derivative5__l1_131e2b84 epoch=1 loss=0.7582 MAE=13.512/9.039 score=0.7414
MEDOBJ_022_resnet_derivative5__l1_131e2b84 epoch=2 loss=0.7122 MAE=13.018/8.603 score=0.7100
MEDOBJ_022_resnet_derivative5__l1_131e2b84 epoch=3 loss=0.6961 MAE=13.008/8.899 score=0.7218
MEDOBJ_022_resnet_derivative5__l1_131e2b84 epoch=4 loss=0.6841 MAE=12.985/8.691 score=0.7127
[23/96] MEDOBJ_023_resnet_derivative5__logcosh_8a3c4cd0
MEDOBJ_023_resnet_derivative5__logcosh_8a3c4cd0 epoch=1 loss=0.3479 MAE=13.283/8.617 score=0.7180
MEDOBJ_023_resnet_derivative5__logcosh_8a3c4cd0 epoch=2 loss=0.3090 MAE=13.215/8.659 score=0.7178
MEDOBJ_023_resnet_derivative5__logcosh_8a3c4cd0 epoch=3 loss=0.2980 MAE=13.121/8.678 score=0.7160
MEDOBJ_023_resnet_derivative5__logcosh_8a3c4cd0 epoch=4 loss=0.2917 MAE=13.060/8.669 score=0.7139
MEDOBJ_023_resnet_derivative5__logcosh_8a3c4cd0 epoch=5 loss=0.2840 MAE=13.362/8.820 score=0.7284
[24/96] MEDOBJ_024_resnet_derivative5__ccc05_8040d7f1
MEDOBJ_024_resnet_derivative5__ccc05_8040d7f1 epoch=1 loss=0.5815 MAE=13.093/8.592 score=0.7117
MEDOBJ_024_resnet_derivative5__ccc05_8040d7f1 epoch=2 loss=0.5239 MAE=13.099/8.637 score=0.7137
MEDOBJ_024_resnet_derivative5__ccc05_8040d7f1 epoch=3 loss=0.5085 MAE=13.131/8.788 score=0.7207
[25/96] MEDOBJ_025_resnet_derivative5__ccc10_4f02feaa
MEDOBJ_025_resnet_derivative5__ccc10_4f02feaa epoch=1 loss=0.6233 MAE=13.057/8.553 score=0.7091
MEDOBJ_025_resnet_derivative5__ccc10_4f02feaa epoch=2 loss=0.5546 MAE=13.128/8.643 score=0.7147
MEDOBJ_025_resnet_derivative5__ccc10_4f02feaa epoch=3 loss=0.5381 MAE=13.152/8.831 score=0.7230
[26/96] MEDOBJ_026_resnet_derivative5__ccc20_3c9875aa
MEDOBJ_026_resnet_derivative5__ccc20_3c9875aa epoch=1 loss=0.6897 MAE=13.322/9.165 score=0.7412
MEDOBJ_026_resnet_derivative5__ccc20_3c9875aa epoch=2 loss=0.6155 MAE=13.170/8.719 score=0.7190
MEDOBJ_026_resnet_derivative5__ccc20_3c9875aa epoch=3 loss=0.5958 MAE=13.198/8.966 score=0.7298
MEDOBJ_026_resnet_derivative5__ccc20_3c9875aa epoch=4 loss=0.5814 MAE=13.502/8.959 score=0.7379
[27/96] MEDOBJ_027_resnet_derivative5__asym25_4a1bc1c9
MEDOBJ_027_resnet_derivative5__asym25_4a1bc1c9 epoch=1 loss=0.5719 MAE=13.249/8.712 score=0.7209
MEDOBJ_027_resnet_derivative5__asym25_4a1bc1c9 epoch=2 loss=0.5219 MAE=13.056/8.566 score=0.7096
MEDOBJ_027_resnet_derivative5__asym25_4a1bc1c9 epoch=3 loss=0.5015 MAE=13.192/8.742 score=0.7205
MEDOBJ_027_resnet_derivative5__asym25_4a1bc1c9 epoch=4 loss=0.4917 MAE=13.313/8.734 score=0.7236
[28/96] MEDOBJ_028_resnet_derivative5__asym50_42a11ca5
MEDOBJ_028_resnet_derivative5__asym50_42a11ca5 epoch=1 loss=0.6023 MAE=13.423/8.877 score=0.7324
MEDOBJ_028_resnet_derivative5__asym50_42a11ca5 epoch=2 loss=0.5464 MAE=13.064/8.527 score=0.7082
MEDOBJ_028_resnet_derivative5__asym50_42a11ca5 epoch=3 loss=0.5245 MAE=13.178/8.791 score=0.7221
MEDOBJ_028_resnet_derivative5__asym50_42a11ca5 epoch=4 loss=0.5146 MAE=13.117/8.692 score=0.7164
[29/96] MEDOBJ_029_resnet_derivative5__asym75_d840ec36
MEDOBJ_029_resnet_derivative5__asym75_d840ec36 epoch=1 loss=0.6290 MAE=14.024/9.517 score=0.7750
MEDOBJ_029_resnet_derivative5__asym75_d840ec36 epoch=2 loss=0.5706 MAE=13.143/8.644 score=0.7152
MEDOBJ_029_resnet_derivative5__asym75_d840ec36 epoch=3 loss=0.5472 MAE=13.157/8.628 score=0.7149
MEDOBJ_029_resnet_derivative5__asym75_d840ec36 epoch=4 loss=0.5367 MAE=13.271/8.796 score=0.7249
MEDOBJ_029_resnet_derivative5__asym75_d840ec36 epoch=5 loss=0.5244 MAE=13.594/8.811 score=0.7345
[30/96] MEDOBJ_030_resnet_derivative5__asym100_734ec495
MEDOBJ_030_resnet_derivative5__asym100_734ec495 epoch=1 loss=0.6566 MAE=13.406/8.822 score=0.7297
MEDOBJ_030_resnet_derivative5__asym100_734ec495 epoch=2 loss=0.5943 MAE=13.130/8.798 score=0.7211
MEDOBJ_030_resnet_derivative5__asym100_734ec495 epoch=3 loss=0.5709 MAE=13.242/8.623 score=0.7171
MEDOBJ_030_resnet_derivative5__asym100_734ec495 epoch=4 loss=0.5553 MAE=13.423/8.834 score=0.7307
MEDOBJ_030_resnet_derivative5__asym100_734ec495 epoch=5 loss=0.5427 MAE=13.761/8.874 score=0.7417
[31/96] MEDOBJ_031_resnet_derivative5__focal25_b3901ac7
MEDOBJ_031_resnet_derivative5__focal25_b3901ac7 epoch=1 loss=0.7256 MAE=13.908/9.491 score=0.7707
MEDOBJ_031_resnet_derivative5__focal25_b3901ac7 epoch=2 loss=0.6509 MAE=13.034/8.541 score=0.7080
MEDOBJ_031_resnet_derivative5__focal25_b3901ac7 epoch=3 loss=0.6316 MAE=13.236/8.640 score=0.7176
MEDOBJ_031_resnet_derivative5__focal25_b3901ac7 epoch=4 loss=0.6181 MAE=13.201/8.732 score=0.7204
[32/96] MEDOBJ_032_resnet_derivative5__focal50_d7fec74d
MEDOBJ_032_resnet_derivative5__focal50_d7fec74d epoch=1 loss=0.9043 MAE=13.687/9.528 score=0.7661
MEDOBJ_032_resnet_derivative5__focal50_d7fec74d epoch=2 loss=0.8074 MAE=13.082/8.620 score=0.7125
MEDOBJ_032_resnet_derivative5__focal50_d7fec74d epoch=3 loss=0.7793 MAE=13.040/8.774 score=0.7176
MEDOBJ_032_resnet_derivative5__focal50_d7fec74d epoch=4 loss=0.7615 MAE=13.105/8.677 score=0.7155
[33/96] MEDOBJ_033_resnet_derivative5__physio05_047bf649
MEDOBJ_033_resnet_derivative5__physio05_047bf649 epoch=1 loss=0.5426 MAE=13.355/8.811 score=0.7279
MEDOBJ_033_resnet_derivative5__physio05_047bf649 epoch=2 loss=0.4932 MAE=13.044/8.556 score=0.7089
MEDOBJ_033_resnet_derivative5__physio05_047bf649 epoch=3 loss=0.4798 MAE=13.143/8.724 score=0.7184
MEDOBJ_033_resnet_derivative5__physio05_047bf649 epoch=4 loss=0.4703 MAE=13.220/8.805 score=0.7238
[34/96] MEDOBJ_034_resnet_derivative5__physio15_3606b28e
MEDOBJ_034_resnet_derivative5__physio15_3606b28e epoch=1 loss=0.5426 MAE=13.355/8.811 score=0.7279
MEDOBJ_034_resnet_derivative5__physio15_3606b28e epoch=2 loss=0.4932 MAE=13.044/8.556 score=0.7089
MEDOBJ_034_resnet_derivative5__physio15_3606b28e epoch=3 loss=0.4798 MAE=13.143/8.724 score=0.7184
MEDOBJ_034_resnet_derivative5__physio15_3606b28e epoch=4 loss=0.4703 MAE=13.220/8.805 score=0.7238
[35/96] MEDOBJ_035_resnet_derivative5__clinical10_95643594
MEDOBJ_035_resnet_derivative5__clinical10_95643594 epoch=1 loss=0.6346 MAE=13.081/8.565 score=0.7102
MEDOBJ_035_resnet_derivative5__clinical10_95643594 epoch=2 loss=0.5819 MAE=12.970/8.667 score=0.7113
MEDOBJ_035_resnet_derivative5__clinical10_95643594 epoch=3 loss=0.5655 MAE=13.137/8.711 score=0.7178
[36/96] MEDOBJ_036_resnet_derivative5__clinical25_6dd3f491
MEDOBJ_036_resnet_derivative5__clinical25_6dd3f491 epoch=1 loss=0.7767 MAE=13.244/9.112 score=0.7369
MEDOBJ_036_resnet_derivative5__clinical25_6dd3f491 epoch=2 loss=0.7127 MAE=13.090/8.605 score=0.7121
MEDOBJ_036_resnet_derivative5__clinical25_6dd3f491 epoch=3 loss=0.6998 MAE=13.073/8.734 score=0.7169
MEDOBJ_036_resnet_derivative5__clinical25_6dd3f491 epoch=4 loss=0.6863 MAE=13.112/8.695 score=0.7164
[37/96] MEDOBJ_037_resnet_derivative5__ordinal10_1774a88c
MEDOBJ_037_resnet_derivative5__ordinal10_1774a88c epoch=1 loss=0.5683 MAE=13.127/8.728 score=0.7181
MEDOBJ_037_resnet_derivative5__ordinal10_1774a88c epoch=2 loss=0.5160 MAE=13.060/8.638 score=0.7127
MEDOBJ_037_resnet_derivative5__ordinal10_1774a88c epoch=3 loss=0.5036 MAE=13.201/8.743 score=0.7208
MEDOBJ_037_resnet_derivative5__ordinal10_1774a88c epoch=4 loss=0.4939 MAE=13.098/8.692 score=0.7159
[38/96] MEDOBJ_038_resnet_derivative5__ordinal25_97d12353
MEDOBJ_038_resnet_derivative5__ordinal25_97d12353 epoch=1 loss=0.6118 MAE=13.158/8.905 score=0.7262
MEDOBJ_038_resnet_derivative5__ordinal25_97d12353 epoch=2 loss=0.5533 MAE=13.039/8.576 score=0.7096
MEDOBJ_038_resnet_derivative5__ordinal25_97d12353 epoch=3 loss=0.5407 MAE=13.157/8.748 score=0.7198
MEDOBJ_038_resnet_derivative5__ordinal25_97d12353 epoch=4 loss=0.5292 MAE=13.028/8.687 score=0.7137
[39/96] MEDOBJ_039_resnet_derivative5__physio_multitask_ac85a409
MEDOBJ_039_resnet_derivative5__physio_multitask_ac85a409 epoch=1 loss=0.7126 MAE=13.142/8.538 score=0.7109
MEDOBJ_039_resnet_derivative5__physio_multitask_ac85a409 epoch=2 loss=0.6536 MAE=13.216/8.698 score=0.7194
MEDOBJ_039_resnet_derivative5__physio_multitask_ac85a409 epoch=3 loss=0.6327 MAE=13.054/8.770 score=0.7178
[40/96] MEDOBJ_040_resnet_derivative5__physio_multitask_aug_73ce64a5
MEDOBJ_040_resnet_derivative5__physio_multitask_aug_73ce64a5 epoch=1 loss=0.7129 MAE=13.182/8.685 score=0.7179
MEDOBJ_040_resnet_derivative5__physio_multitask_aug_73ce64a5 epoch=2 loss=0.6561 MAE=13.081/8.663 score=0.7142
MEDOBJ_040_resnet_derivative5__physio_multitask_aug_73ce64a5 epoch=3 loss=0.6340 MAE=13.112/8.755 score=0.7188
MEDOBJ_040_resnet_derivative5__physio_multitask_aug_73ce64a5 epoch=4 loss=0.6207 MAE=13.018/8.577 score=0.7090
MEDOBJ_040_resnet_derivative5__physio_multitask_aug_73ce64a5 epoch=5 loss=0.6037 MAE=13.290/8.692 score=0.7212
[41/96] ROBUST_001_resnet_multiview10__aug_none_f53610af
ROBUST_001_resnet_multiview10__aug_none_f53610af epoch=1 loss=0.7172 MAE=13.109/8.745 score=0.7183
ROBUST_001_resnet_multiview10__aug_none_f53610af epoch=2 loss=0.6519 MAE=13.196/8.541 score=0.7125
ROBUST_001_resnet_multiview10__aug_none_f53610af epoch=3 loss=0.6323 MAE=13.078/8.689 score=0.7152
ROBUST_001_resnet_multiview10__aug_none_f53610af epoch=4 loss=0.6174 MAE=12.976/8.549 score=0.7067
ROBUST_001_resnet_multiview10__aug_none_f53610af epoch=5 loss=0.5973 MAE=13.364/8.741 score=0.7253
[42/96] ROBUST_002_resnet_multiview10__aug_jitter_scale_a7dd0cd3
ROBUST_002_resnet_multiview10__aug_jitter_scale_a7dd0cd3 epoch=1 loss=0.7167 MAE=13.134/9.059 score=0.7317
ROBUST_002_resnet_multiview10__aug_jitter_scale_a7dd0cd3 epoch=2 loss=0.6499 MAE=13.313/8.649 score=0.7201
ROBUST_002_resnet_multiview10__aug_jitter_scale_a7dd0cd3 epoch=3 loss=0.6311 MAE=13.043/8.718 score=0.7154
ROBUST_002_resnet_multiview10__aug_jitter_scale_a7dd0cd3 epoch=4 loss=0.6157 MAE=12.924/8.565 score=0.7059
ROBUST_002_resnet_multiview10__aug_jitter_scale_a7dd0cd3 epoch=5 loss=0.5969 MAE=13.407/8.689 score=0.7244
[43/96] ROBUST_003_resnet_multiview10__aug_mask_ae3ea2e5
ROBUST_003_resnet_multiview10__aug_mask_ae3ea2e5 epoch=1 loss=0.7189 MAE=13.184/8.977 score=0.7298
ROBUST_003_resnet_multiview10__aug_mask_ae3ea2e5 epoch=2 loss=0.6538 MAE=13.174/8.563 score=0.7128
ROBUST_003_resnet_multiview10__aug_mask_ae3ea2e5 epoch=3 loss=0.6341 MAE=12.998/8.640 score=0.7110
ROBUST_003_resnet_multiview10__aug_mask_ae3ea2e5 epoch=4 loss=0.6211 MAE=13.025/8.613 score=0.7107
ROBUST_003_resnet_multiview10__aug_mask_ae3ea2e5 epoch=5 loss=0.6058 MAE=13.294/8.683 score=0.7210
[44/96] ROBUST_004_resnet_multiview10__aug_baseline_wander_c5760b42
ROBUST_004_resnet_multiview10__aug_baseline_wander_c5760b42 epoch=1 loss=0.7148 MAE=13.404/9.063 score=0.7394
ROBUST_004_resnet_multiview10__aug_baseline_wander_c5760b42 epoch=2 loss=0.6522 MAE=13.122/8.593 score=0.7125
ROBUST_004_resnet_multiview10__aug_baseline_wander_c5760b42 epoch=3 loss=0.6323 MAE=13.012/8.620 score=0.7106
ROBUST_004_resnet_multiview10__aug_baseline_wander_c5760b42 epoch=4 loss=0.6176 MAE=12.952/8.605 score=0.7083
ROBUST_004_resnet_multiview10__aug_baseline_wander_c5760b42 epoch=5 loss=0.5996 MAE=13.315/8.725 score=0.7233
[45/96] ROBUST_005_resnet_multiview10__aug_motion_spike_ee3820fd
ROBUST_005_resnet_multiview10__aug_motion_spike_ee3820fd epoch=1 loss=0.7168 MAE=13.289/8.905 score=0.7298
ROBUST_005_resnet_multiview10__aug_motion_spike_ee3820fd epoch=2 loss=0.6546 MAE=13.213/8.576 score=0.7144
ROBUST_005_resnet_multiview10__aug_motion_spike_ee3820fd epoch=3 loss=0.6325 MAE=13.016/8.662 score=0.7124
ROBUST_005_resnet_multiview10__aug_motion_spike_ee3820fd epoch=4 loss=0.6189 MAE=12.908/8.542 score=0.7045
ROBUST_005_resnet_multiview10__aug_motion_spike_ee3820fd epoch=5 loss=0.6019 MAE=13.454/8.751 score=0.7282
[46/96] ROBUST_006_resnet_multiview10__aug_time_shift_59966fb3
ROBUST_006_resnet_multiview10__aug_time_shift_59966fb3 epoch=1 loss=0.7117 MAE=13.421/8.991 score=0.7370
ROBUST_006_resnet_multiview10__aug_time_shift_59966fb3 epoch=2 loss=0.6471 MAE=13.106/8.600 score=0.7124
ROBUST_006_resnet_multiview10__aug_time_shift_59966fb3 epoch=3 loss=0.6273 MAE=13.048/8.709 score=0.7152
ROBUST_006_resnet_multiview10__aug_time_shift_59966fb3 epoch=4 loss=0.6136 MAE=12.974/8.656 score=0.7110
ROBUST_006_resnet_multiview10__aug_time_shift_59966fb3 epoch=5 loss=0.5990 MAE=13.116/8.709 score=0.7171
[47/96] ROBUST_007_resnet_multiview10__aug_channel_dropout_e3453e79
ROBUST_007_resnet_multiview10__aug_channel_dropout_e3453e79 epoch=1 loss=0.7282 MAE=13.360/9.214 score=0.7443
ROBUST_007_resnet_multiview10__aug_channel_dropout_e3453e79 epoch=2 loss=0.6644 MAE=13.133/8.730 score=0.7184
ROBUST_007_resnet_multiview10__aug_channel_dropout_e3453e79 epoch=3 loss=0.6412 MAE=13.051/8.686 score=0.7143
ROBUST_007_resnet_multiview10__aug_channel_dropout_e3453e79 epoch=4 loss=0.6290 MAE=12.959/8.565 score=0.7069
ROBUST_007_resnet_multiview10__aug_channel_dropout_e3453e79 epoch=5 loss=0.6185 MAE=13.168/8.723 score=0.7191
[48/96] ROBUST_008_resnet_multiview10__aug_compound_clinical_524b28df
ROBUST_008_resnet_multiview10__aug_compound_clinical_524b28df epoch=1 loss=0.7180 MAE=13.250/8.945 score=0.7303
ROBUST_008_resnet_multiview10__aug_compound_clinical_524b28df epoch=2 loss=0.6543 MAE=13.088/8.505 score=0.7080
ROBUST_008_resnet_multiview10__aug_compound_clinical_524b28df epoch=3 loss=0.6334 MAE=13.003/8.651 score=0.7116
ROBUST_008_resnet_multiview10__aug_compound_clinical_524b28df epoch=4 loss=0.6191 MAE=12.902/8.540 score=0.7043
ROBUST_008_resnet_multiview10__aug_compound_clinical_524b28df epoch=5 loss=0.6020 MAE=13.258/8.649 score=0.7186
[49/96] ROBUST_009_resnet_derivative5__aug_none_2bbdae4d
ROBUST_009_resnet_derivative5__aug_none_2bbdae4d epoch=1 loss=0.7126 MAE=13.142/8.538 score=0.7109
ROBUST_009_resnet_derivative5__aug_none_2bbdae4d epoch=2 loss=0.6536 MAE=13.216/8.698 score=0.7194
ROBUST_009_resnet_derivative5__aug_none_2bbdae4d epoch=3 loss=0.6327 MAE=13.054/8.770 score=0.7178
[50/96] ROBUST_010_resnet_derivative5__aug_jitter_scale_667120f6
ROBUST_010_resnet_derivative5__aug_jitter_scale_667120f6 epoch=1 loss=0.7129 MAE=13.182/8.685 score=0.7179
ROBUST_010_resnet_derivative5__aug_jitter_scale_667120f6 epoch=2 loss=0.6561 MAE=13.081/8.663 score=0.7142
ROBUST_010_resnet_derivative5__aug_jitter_scale_667120f6 epoch=3 loss=0.6340 MAE=13.112/8.755 score=0.7188
ROBUST_010_resnet_derivative5__aug_jitter_scale_667120f6 epoch=4 loss=0.6207 MAE=13.018/8.577 score=0.7090
ROBUST_010_resnet_derivative5__aug_jitter_scale_667120f6 epoch=5 loss=0.6037 MAE=13.290/8.692 score=0.7212
[51/96] ROBUST_011_resnet_derivative5__aug_mask_b5c23ea9
ROBUST_011_resnet_derivative5__aug_mask_b5c23ea9 epoch=1 loss=0.7143 MAE=13.087/8.600 score=0.7119
ROBUST_011_resnet_derivative5__aug_mask_b5c23ea9 epoch=2 loss=0.6559 MAE=13.217/8.701 score=0.7196
ROBUST_011_resnet_derivative5__aug_mask_b5c23ea9 epoch=3 loss=0.6362 MAE=13.130/8.755 score=0.7193
[52/96] ROBUST_012_resnet_derivative5__aug_baseline_wander_07b9f1b7
ROBUST_012_resnet_derivative5__aug_baseline_wander_07b9f1b7 epoch=1 loss=0.7163 MAE=13.122/8.595 score=0.7126
ROBUST_012_resnet_derivative5__aug_baseline_wander_07b9f1b7 epoch=2 loss=0.6543 MAE=13.170/8.693 score=0.7179
ROBUST_012_resnet_derivative5__aug_baseline_wander_07b9f1b7 epoch=3 loss=0.6346 MAE=13.053/8.740 score=0.7166
[53/96] ROBUST_013_resnet_derivative5__aug_motion_spike_31d57c3a
ROBUST_013_resnet_derivative5__aug_motion_spike_31d57c3a epoch=1 loss=0.7130 MAE=13.342/8.894 score=0.7308
ROBUST_013_resnet_derivative5__aug_motion_spike_31d57c3a epoch=2 loss=0.6554 MAE=13.111/8.706 score=0.7168
ROBUST_013_resnet_derivative5__aug_motion_spike_31d57c3a epoch=3 loss=0.6330 MAE=13.140/8.731 score=0.7187
ROBUST_013_resnet_derivative5__aug_motion_spike_31d57c3a epoch=4 loss=0.6198 MAE=13.066/8.571 score=0.7101
ROBUST_013_resnet_derivative5__aug_motion_spike_31d57c3a epoch=5 loss=0.6037 MAE=13.215/8.654 score=0.7176
[54/96] ROBUST_014_resnet_derivative5__aug_time_shift_ace5734f
ROBUST_014_resnet_derivative5__aug_time_shift_ace5734f epoch=1 loss=0.7107 MAE=13.186/8.880 score=0.7259
ROBUST_014_resnet_derivative5__aug_time_shift_ace5734f epoch=2 loss=0.6534 MAE=13.174/8.657 score=0.7166
ROBUST_014_resnet_derivative5__aug_time_shift_ace5734f epoch=3 loss=0.6318 MAE=13.077/8.647 score=0.7135
ROBUST_014_resnet_derivative5__aug_time_shift_ace5734f epoch=4 loss=0.6179 MAE=13.041/8.593 score=0.7103
ROBUST_014_resnet_derivative5__aug_time_shift_ace5734f epoch=5 loss=0.6035 MAE=13.180/8.679 score=0.7177
[55/96] ROBUST_015_resnet_derivative5__aug_channel_dropout_ed3faff6
ROBUST_015_resnet_derivative5__aug_channel_dropout_ed3faff6 epoch=1 loss=0.7309 MAE=13.854/10.091 score=0.7935
ROBUST_015_resnet_derivative5__aug_channel_dropout_ed3faff6 epoch=2 loss=0.6620 MAE=13.115/9.040 score=0.7304
ROBUST_015_resnet_derivative5__aug_channel_dropout_ed3faff6 epoch=3 loss=0.6434 MAE=13.185/8.732 score=0.7199
ROBUST_015_resnet_derivative5__aug_channel_dropout_ed3faff6 epoch=4 loss=0.6311 MAE=13.147/8.633 score=0.7149
ROBUST_015_resnet_derivative5__aug_channel_dropout_ed3faff6 epoch=5 loss=0.6198 MAE=13.514/8.834 score=0.7332
[56/96] ROBUST_016_resnet_derivative5__aug_compound_clinical_bcc812ab
ROBUST_016_resnet_derivative5__aug_compound_clinical_bcc812ab epoch=1 loss=0.7129 MAE=13.442/9.176 score=0.7451
ROBUST_016_resnet_derivative5__aug_compound_clinical_bcc812ab epoch=2 loss=0.6533 MAE=13.071/8.655 score=0.7137
ROBUST_016_resnet_derivative5__aug_compound_clinical_bcc812ab epoch=3 loss=0.6333 MAE=13.127/8.715 score=0.7176
ROBUST_016_resnet_derivative5__aug_compound_clinical_bcc812ab epoch=4 loss=0.6195 MAE=13.120/8.642 score=0.7145
[57/96] BALANCE_001_resnet_multiview10__none_97d326bc
BALANCE_001_resnet_multiview10__none_97d326bc epoch=1 loss=0.7167 MAE=13.134/9.059 score=0.7317
BALANCE_001_resnet_multiview10__none_97d326bc epoch=2 loss=0.6499 MAE=13.313/8.649 score=0.7201
BALANCE_001_resnet_multiview10__none_97d326bc epoch=3 loss=0.6311 MAE=13.043/8.718 score=0.7154
BALANCE_001_resnet_multiview10__none_97d326bc epoch=4 loss=0.6157 MAE=12.924/8.565 score=0.7059
BALANCE_001_resnet_multiview10__none_97d326bc epoch=5 loss=0.5969 MAE=13.407/8.689 score=0.7244
[58/96] BALANCE_002_resnet_multiview10__tail15_30cba3fe
BALANCE_002_resnet_multiview10__tail15_30cba3fe epoch=1 loss=0.7119 MAE=13.115/8.573 score=0.7116
BALANCE_002_resnet_multiview10__tail15_30cba3fe epoch=2 loss=0.6510 MAE=13.034/8.529 score=0.7075
BALANCE_002_resnet_multiview10__tail15_30cba3fe epoch=3 loss=0.6274 MAE=13.009/8.949 score=0.7238
BALANCE_002_resnet_multiview10__tail15_30cba3fe epoch=4 loss=0.6109 MAE=13.107/8.679 score=0.7156
[59/96] BALANCE_003_resnet_multiview10__tail20_fbdf4ad1
BALANCE_003_resnet_multiview10__tail20_fbdf4ad1 epoch=1 loss=0.7187 MAE=13.082/8.590 score=0.7113
BALANCE_003_resnet_multiview10__tail20_fbdf4ad1 epoch=2 loss=0.6498 MAE=13.360/9.010 score=0.7361
BALANCE_003_resnet_multiview10__tail20_fbdf4ad1 epoch=3 loss=0.6290 MAE=13.415/8.895 score=0.7329
[60/96] BALANCE_004_resnet_multiview10__tail30_27904bb8
BALANCE_004_resnet_multiview10__tail30_27904bb8 epoch=1 loss=0.6944 MAE=13.882/9.776 score=0.7816
BALANCE_004_resnet_multiview10__tail30_27904bb8 epoch=2 loss=0.6280 MAE=13.701/9.125 score=0.7502
BALANCE_004_resnet_multiview10__tail30_27904bb8 epoch=3 loss=0.6139 MAE=13.084/8.959 score=0.7263
BALANCE_004_resnet_multiview10__tail30_27904bb8 epoch=4 loss=0.5844 MAE=13.369/9.444 score=0.7538
BALANCE_004_resnet_multiview10__tail30_27904bb8 epoch=5 loss=0.5728 MAE=14.024/9.590 score=0.7779
[61/96] BALANCE_005_resnet_multiview10__sbp_quantile_97e33f57
BALANCE_005_resnet_multiview10__sbp_quantile_97e33f57 epoch=1 loss=0.7079 MAE=13.012/8.588 score=0.7093
BALANCE_005_resnet_multiview10__sbp_quantile_97e33f57 epoch=2 loss=0.6439 MAE=14.080/8.681 score=0.7428
BALANCE_005_resnet_multiview10__sbp_quantile_97e33f57 epoch=3 loss=0.6315 MAE=13.436/8.996 score=0.7376
[62/96] BALANCE_006_resnet_multiview10__clinical_stage_5f9b7247
BALANCE_006_resnet_multiview10__clinical_stage_5f9b7247 epoch=1 loss=1.0607 MAE=14.242/9.636 score=0.7859
BALANCE_006_resnet_multiview10__clinical_stage_5f9b7247 epoch=2 loss=0.8991 MAE=15.411/10.660 score=0.8598
BALANCE_006_resnet_multiview10__clinical_stage_5f9b7247 epoch=3 loss=0.8133 MAE=15.177/10.242 score=0.8364
[63/96] BALANCE_007_resnet_multiview10__quality_0a507699
BALANCE_007_resnet_multiview10__quality_0a507699 epoch=1 loss=0.7246 MAE=13.136/8.694 score=0.7170
BALANCE_007_resnet_multiview10__quality_0a507699 epoch=2 loss=0.6503 MAE=13.185/8.693 score=0.7184
BALANCE_007_resnet_multiview10__quality_0a507699 epoch=3 loss=0.6270 MAE=13.151/8.700 score=0.7177
[64/96] BALANCE_008_resnet_multiview10__quality_tail_654f5fba
BALANCE_008_resnet_multiview10__quality_tail_654f5fba epoch=1 loss=0.7157 MAE=13.304/8.764 score=0.7245
BALANCE_008_resnet_multiview10__quality_tail_654f5fba epoch=2 loss=0.6488 MAE=13.683/8.635 score=0.7298
BALANCE_008_resnet_multiview10__quality_tail_654f5fba epoch=3 loss=0.6242 MAE=13.382/9.035 score=0.7377
[65/96] BALANCE_009_resnet_derivative5__none_9165986a
BALANCE_009_resnet_derivative5__none_9165986a epoch=1 loss=0.7129 MAE=13.182/8.685 score=0.7179
BALANCE_009_resnet_derivative5__none_9165986a epoch=2 loss=0.6561 MAE=13.081/8.663 score=0.7142
BALANCE_009_resnet_derivative5__none_9165986a epoch=3 loss=0.6340 MAE=13.112/8.755 score=0.7188
BALANCE_009_resnet_derivative5__none_9165986a epoch=4 loss=0.6207 MAE=13.018/8.577 score=0.7090
BALANCE_009_resnet_derivative5__none_9165986a epoch=5 loss=0.6037 MAE=13.290/8.692 score=0.7212
[66/96] BALANCE_010_resnet_derivative5__tail15_5d9dc4f1
BALANCE_010_resnet_derivative5__tail15_5d9dc4f1 epoch=1 loss=0.7027 MAE=13.209/8.745 score=0.7211
BALANCE_010_resnet_derivative5__tail15_5d9dc4f1 epoch=2 loss=0.6496 MAE=13.106/8.642 score=0.7141
BALANCE_010_resnet_derivative5__tail15_5d9dc4f1 epoch=3 loss=0.6324 MAE=13.278/8.952 score=0.7314
BALANCE_010_resnet_derivative5__tail15_5d9dc4f1 epoch=4 loss=0.6102 MAE=13.424/8.719 score=0.7261
[67/96] BALANCE_011_resnet_derivative5__tail20_81792384
BALANCE_011_resnet_derivative5__tail20_81792384 epoch=1 loss=0.7044 MAE=13.119/8.629 score=0.7139
BALANCE_011_resnet_derivative5__tail20_81792384 epoch=2 loss=0.6467 MAE=13.178/8.808 score=0.7228
BALANCE_011_resnet_derivative5__tail20_81792384 epoch=3 loss=0.6253 MAE=13.561/8.900 score=0.7372
[68/96] BALANCE_012_resnet_derivative5__tail30_d073487d
BALANCE_012_resnet_derivative5__tail30_d073487d epoch=1 loss=0.6964 MAE=13.748/10.173 score=0.7939
BALANCE_012_resnet_derivative5__tail30_d073487d epoch=2 loss=0.6320 MAE=13.520/9.250 score=0.7502
BALANCE_012_resnet_derivative5__tail30_d073487d epoch=3 loss=0.6125 MAE=13.227/9.142 score=0.7377
BALANCE_012_resnet_derivative5__tail30_d073487d epoch=4 loss=0.5937 MAE=13.505/9.066 score=0.7423
BALANCE_012_resnet_derivative5__tail30_d073487d epoch=5 loss=0.5717 MAE=13.676/9.431 score=0.7619
[69/96] BALANCE_013_resnet_derivative5__sbp_quantile_e4bf526c
BALANCE_013_resnet_derivative5__sbp_quantile_e4bf526c epoch=1 loss=0.7082 MAE=13.031/8.701 score=0.7144
BALANCE_013_resnet_derivative5__sbp_quantile_e4bf526c epoch=2 loss=0.6447 MAE=13.785/8.681 score=0.7346
BALANCE_013_resnet_derivative5__sbp_quantile_e4bf526c epoch=3 loss=0.6299 MAE=13.427/9.000 score=0.7375
[70/96] BALANCE_014_resnet_derivative5__clinical_stage_d9689c43
BALANCE_014_resnet_derivative5__clinical_stage_d9689c43 epoch=1 loss=1.0563 MAE=13.894/10.148 score=0.7969
BALANCE_014_resnet_derivative5__clinical_stage_d9689c43 epoch=2 loss=0.8938 MAE=14.468/9.933 score=0.8042
BALANCE_014_resnet_derivative5__clinical_stage_d9689c43 epoch=3 loss=0.8168 MAE=15.284/10.313 score=0.8422
[71/96] BALANCE_015_resnet_derivative5__quality_19743d2a
BALANCE_015_resnet_derivative5__quality_19743d2a epoch=1 loss=0.7189 MAE=13.213/8.739 score=0.7210
BALANCE_015_resnet_derivative5__quality_19743d2a epoch=2 loss=0.6460 MAE=13.245/8.781 score=0.7236
BALANCE_015_resnet_derivative5__quality_19743d2a epoch=3 loss=0.6261 MAE=13.301/8.838 score=0.7274
[72/96] BALANCE_016_resnet_derivative5__quality_tail_0c696b23
BALANCE_016_resnet_derivative5__quality_tail_0c696b23 epoch=1 loss=0.7110 MAE=13.203/8.829 score=0.7244
BALANCE_016_resnet_derivative5__quality_tail_0c696b23 epoch=2 loss=0.6486 MAE=13.664/8.805 score=0.7362
BALANCE_016_resnet_derivative5__quality_tail_0c696b23 epoch=3 loss=0.6172 MAE=13.719/8.939 score=0.7431
[73/96] REP_001_resnet_ppg2_5668431d
REP_001_resnet_ppg2_5668431d epoch=1 loss=0.7384 MAE=13.515/9.003 score=0.7401
REP_001_resnet_ppg2_5668431d epoch=2 loss=0.6971 MAE=13.207/8.836 score=0.7248
REP_001_resnet_ppg2_5668431d epoch=3 loss=0.6658 MAE=13.088/8.943 score=0.7258
REP_001_resnet_ppg2_5668431d epoch=4 loss=0.6484 MAE=13.171/8.752 score=0.7204
REP_001_resnet_ppg2_5668431d epoch=5 loss=0.6378 MAE=13.368/8.702 score=0.7238
[74/96] REP_002_resnet_deriv5_b895eed7
REP_002_resnet_deriv5_b895eed7 epoch=1 loss=0.7129 MAE=13.182/8.685 score=0.7179
REP_002_resnet_deriv5_b895eed7 epoch=2 loss=0.6561 MAE=13.081/8.663 score=0.7142
REP_002_resnet_deriv5_b895eed7 epoch=3 loss=0.6340 MAE=13.112/8.755 score=0.7188
REP_002_resnet_deriv5_b895eed7 epoch=4 loss=0.6207 MAE=13.018/8.577 score=0.7090
REP_002_resnet_deriv5_b895eed7 epoch=5 loss=0.6037 MAE=13.290/8.692 score=0.7212
[75/96] REP_003_resnet_deriv10_4f448b33
REP_003_resnet_deriv10_4f448b33 epoch=1 loss=0.7118 MAE=13.338/8.976 score=0.7340
REP_003_resnet_deriv10_4f448b33 epoch=2 loss=0.6508 MAE=13.047/8.591 score=0.7104
REP_003_resnet_deriv10_4f448b33 epoch=3 loss=0.6291 MAE=13.013/8.751 score=0.7159
REP_003_resnet_deriv10_4f448b33 epoch=4 loss=0.6119 MAE=13.033/8.621 score=0.7112
[76/96] REP_004_resnet_multi10_b073384d
REP_004_resnet_multi10_b073384d epoch=1 loss=0.7167 MAE=13.134/9.059 score=0.7317
REP_004_resnet_multi10_b073384d epoch=2 loss=0.6499 MAE=13.313/8.649 score=0.7201
REP_004_resnet_multi10_b073384d epoch=3 loss=0.6311 MAE=13.043/8.718 score=0.7154
REP_004_resnet_multi10_b073384d epoch=4 loss=0.6157 MAE=12.924/8.565 score=0.7059
REP_004_resnet_multi10_b073384d epoch=5 loss=0.5969 MAE=13.407/8.689 score=0.7244
[77/96] REP_005_resnet_deriv15_ada77bbf
REP_005_resnet_deriv15_ada77bbf epoch=1 loss=0.7131 MAE=13.471/8.869 score=0.7334
REP_005_resnet_deriv15_ada77bbf epoch=2 loss=0.6530 MAE=13.029/8.551 score=0.7083
REP_005_resnet_deriv15_ada77bbf epoch=3 loss=0.6290 MAE=12.989/8.927 score=0.7224
REP_005_resnet_deriv15_ada77bbf epoch=4 loss=0.6131 MAE=12.942/8.571 score=0.7067
REP_005_resnet_deriv15_ada77bbf epoch=5 loss=0.5952 MAE=13.177/8.677 score=0.7175
[78/96] REP_006_gated_multi10_a39bf902
REP_006_gated_multi10_a39bf902 epoch=1 loss=0.6891 MAE=13.100/8.667 score=0.7149
REP_006_gated_multi10_a39bf902 epoch=2 loss=0.6314 MAE=13.023/8.630 score=0.7113
REP_006_gated_multi10_a39bf902 epoch=3 loss=0.5965 MAE=13.255/8.789 score=0.7242
REP_006_gated_multi10_a39bf902 epoch=4 loss=0.5631 MAE=13.224/8.694 score=0.7195
[79/96] REP_007_gated_deriv15_1575e7ce
REP_007_gated_deriv15_1575e7ce epoch=1 loss=0.6827 MAE=13.192/8.788 score=0.7224
REP_007_gated_deriv15_1575e7ce epoch=2 loss=0.6264 MAE=13.061/8.737 score=0.7167
REP_007_gated_deriv15_1575e7ce epoch=3 loss=0.5888 MAE=13.407/8.792 score=0.7285
REP_007_gated_deriv15_1575e7ce epoch=4 loss=0.5532 MAE=13.402/8.845 score=0.7305
[80/96] REP_008_spectral_deriv10_9f569c30
REP_008_spectral_deriv10_9f569c30 epoch=1 loss=0.6916 MAE=13.081/8.812 score=0.7203
REP_008_spectral_deriv10_9f569c30 epoch=2 loss=0.6550 MAE=13.018/8.661 score=0.7124
REP_008_spectral_deriv10_9f569c30 epoch=3 loss=0.6410 MAE=13.045/8.674 score=0.7137
REP_008_spectral_deriv10_9f569c30 epoch=4 loss=0.6306 MAE=13.007/8.586 score=0.7091
REP_008_spectral_deriv10_9f569c30 epoch=5 loss=0.6182 MAE=13.156/8.552 score=0.7119
[81/96] REP_009_spectral_multi10_2a04f551
REP_009_spectral_multi10_2a04f551 epoch=1 loss=0.6950 MAE=13.607/8.991 score=0.7421
REP_009_spectral_multi10_2a04f551 epoch=2 loss=0.6558 MAE=13.003/8.649 score=0.7115
REP_009_spectral_multi10_2a04f551 epoch=3 loss=0.6358 MAE=13.101/8.505 score=0.7084
REP_009_spectral_multi10_2a04f551 epoch=4 loss=0.6259 MAE=13.208/8.640 score=0.7168
REP_009_spectral_multi10_2a04f551 epoch=5 loss=0.6161 MAE=13.258/8.558 score=0.7149
[82/96] REP_010_multiscale_deriv10_79c80f37
REP_010_multiscale_deriv10_79c80f37 epoch=1 loss=0.6955 MAE=13.366/8.837 score=0.7292
REP_010_multiscale_deriv10_79c80f37 epoch=2 loss=0.6482 MAE=13.062/8.496 score=0.7069
REP_010_multiscale_deriv10_79c80f37 epoch=3 loss=0.6315 MAE=13.054/8.555 score=0.7091
REP_010_multiscale_deriv10_79c80f37 epoch=4 loss=0.6209 MAE=13.209/8.782 score=0.7226
[83/96] REP_011_inception_deriv10_515640ab
REP_011_inception_deriv10_515640ab epoch=1 loss=0.6857 MAE=13.045/8.722 score=0.7156
REP_011_inception_deriv10_515640ab epoch=2 loss=0.6361 MAE=13.429/8.715 score=0.7260
REP_011_inception_deriv10_515640ab epoch=3 loss=0.6068 MAE=13.230/8.752 score=0.7220
[84/96] REP_012_patch_deriv10_77f3a581
REP_012_patch_deriv10_77f3a581 epoch=1 loss=0.6920 MAE=13.129/8.922 score=0.7261
REP_012_patch_deriv10_77f3a581 epoch=2 loss=0.6486 MAE=13.140/8.632 score=0.7146
REP_012_patch_deriv10_77f3a581 epoch=3 loss=0.6394 MAE=13.039/8.753 score=0.7167
REP_012_patch_deriv10_77f3a581 epoch=4 loss=0.6300 MAE=13.047/8.787 score=0.7183
[85/96] OPT_001_drop05_0f58dab0
OPT_001_drop05_0f58dab0 epoch=1 loss=0.7158 MAE=13.096/8.880 score=0.7234
OPT_001_drop05_0f58dab0 epoch=2 loss=0.6510 MAE=12.996/8.512 score=0.7058
OPT_001_drop05_0f58dab0 epoch=3 loss=0.6299 MAE=12.972/8.587 score=0.7081
OPT_001_drop05_0f58dab0 epoch=4 loss=0.6152 MAE=12.924/8.513 score=0.7038
OPT_001_drop05_0f58dab0 epoch=5 loss=0.5992 MAE=13.283/8.635 score=0.7188
[86/96] OPT_002_drop10_2770d77a
OPT_002_drop10_2770d77a epoch=1 loss=0.7133 MAE=13.057/8.732 score=0.7164
OPT_002_drop10_2770d77a epoch=2 loss=0.6512 MAE=12.889/8.539 score=0.7039
OPT_002_drop10_2770d77a epoch=3 loss=0.6315 MAE=12.920/8.638 score=0.7087
OPT_002_drop10_2770d77a epoch=4 loss=0.6148 MAE=12.883/8.553 score=0.7043
[87/96] OPT_003_drop25_a634e0e3
OPT_003_drop25_a634e0e3 epoch=1 loss=0.7161 MAE=13.280/8.825 score=0.7263
OPT_003_drop25_a634e0e3 epoch=2 loss=0.6560 MAE=13.242/8.661 score=0.7186
OPT_003_drop25_a634e0e3 epoch=3 loss=0.6350 MAE=13.009/8.815 score=0.7184
OPT_003_drop25_a634e0e3 epoch=4 loss=0.6209 MAE=12.949/8.569 score=0.7068
OPT_003_drop25_a634e0e3 epoch=5 loss=0.6051 MAE=13.213/8.731 score=0.7207
[88/96] OPT_004_drop35_724b563b
OPT_004_drop35_724b563b epoch=1 loss=0.7248 MAE=13.114/8.573 score=0.7115
OPT_004_drop35_724b563b epoch=2 loss=0.6568 MAE=13.111/8.540 score=0.7101
OPT_004_drop35_724b563b epoch=3 loss=0.6361 MAE=13.043/8.658 score=0.7130
OPT_004_drop35_724b563b epoch=4 loss=0.6202 MAE=12.919/8.593 score=0.7069
OPT_004_drop35_724b563b epoch=5 loss=0.6033 MAE=13.311/8.770 score=0.7249
[89/96] OPT_005_hidden96_847791f4
OPT_005_hidden96_847791f4 epoch=1 loss=0.7146 MAE=13.806/8.897 score=0.7439
OPT_005_hidden96_847791f4 epoch=2 loss=0.6543 MAE=12.954/8.542 score=0.7058
OPT_005_hidden96_847791f4 epoch=3 loss=0.6341 MAE=12.923/8.641 score=0.7090
OPT_005_hidden96_847791f4 epoch=4 loss=0.6194 MAE=13.017/8.600 score=0.7099
[90/96] OPT_006_hidden320_36d98869
OPT_006_hidden320_36d98869 epoch=1 loss=0.7174 MAE=13.136/8.728 score=0.7184
OPT_006_hidden320_36d98869 epoch=2 loss=0.6564 MAE=13.040/8.520 score=0.7073
OPT_006_hidden320_36d98869 epoch=3 loss=0.6374 MAE=13.058/8.609 score=0.7114
OPT_006_hidden320_36d98869 epoch=4 loss=0.6219 MAE=13.005/8.667 score=0.7123
[91/96] OPT_007_lr3e4_598be33f
OPT_007_lr3e4_598be33f epoch=1 loss=0.7030 MAE=13.616/8.708 score=0.7310
OPT_007_lr3e4_598be33f epoch=2 loss=0.6445 MAE=13.124/8.554 score=0.7111
OPT_007_lr3e4_598be33f epoch=3 loss=0.6209 MAE=13.126/8.743 score=0.7187
OPT_007_lr3e4_598be33f epoch=4 loss=0.6000 MAE=13.154/8.694 score=0.7175
[92/96] OPT_008_lr6e4_0b88e1af
OPT_008_lr6e4_0b88e1af epoch=1 loss=0.7071 MAE=13.308/8.579 score=0.7172
OPT_008_lr6e4_0b88e1af epoch=2 loss=0.6487 MAE=13.082/8.552 score=0.7098
OPT_008_lr6e4_0b88e1af epoch=3 loss=0.6259 MAE=13.076/8.658 score=0.7139
OPT_008_lr6e4_0b88e1af epoch=4 loss=0.6095 MAE=13.090/8.650 score=0.7140
[93/96] OPT_009_wd1e5_778072b4
OPT_009_wd1e5_778072b4 epoch=1 loss=0.7163 MAE=13.207/9.241 score=0.7411
OPT_009_wd1e5_778072b4 epoch=2 loss=0.6513 MAE=13.043/8.580 score=0.7098
OPT_009_wd1e5_778072b4 epoch=3 loss=0.6321 MAE=13.027/8.727 score=0.7154
OPT_009_wd1e5_778072b4 epoch=4 loss=0.6171 MAE=12.918/8.591 score=0.7068
OPT_009_wd1e5_778072b4 epoch=5 loss=0.5982 MAE=13.429/8.718 score=0.7262
[94/96] OPT_010_wd1e3_79bd7185
OPT_010_wd1e3_79bd7185 epoch=1 loss=0.7167 MAE=13.181/9.213 score=0.7393
OPT_010_wd1e3_79bd7185 epoch=2 loss=0.6512 MAE=13.030/8.592 score=0.7100
OPT_010_wd1e3_79bd7185 epoch=3 loss=0.6316 MAE=13.037/8.624 score=0.7114
OPT_010_wd1e3_79bd7185 epoch=4 loss=0.6157 MAE=12.980/8.608 score=0.7092
OPT_010_wd1e3_79bd7185 epoch=5 loss=0.5972 MAE=13.436/8.813 score=0.7302
[95/96] OPT_011_batch128_5dafbf4d
OPT_011_batch128_5dafbf4d epoch=1 loss=0.7054 MAE=13.275/8.496 score=0.7129
OPT_011_batch128_5dafbf4d epoch=2 loss=0.6477 MAE=13.029/8.595 score=0.7100
OPT_011_batch128_5dafbf4d epoch=3 loss=0.6275 MAE=12.983/8.586 score=0.7084
OPT_011_batch128_5dafbf4d epoch=4 loss=0.6114 MAE=13.274/8.697 score=0.7210
OPT_011_batch128_5dafbf4d epoch=5 loss=0.5956 MAE=13.504/8.732 score=0.7288
[96/96] OPT_012_batch256_0b983318
OPT_012_batch256_0b983318 epoch=1 loss=0.7186 MAE=13.077/8.548 score=0.7095
OPT_012_batch256_0b983318 epoch=2 loss=0.6614 MAE=12.959/8.517 score=0.7050
OPT_012_batch256_0b983318 epoch=3 loss=0.6360 MAE=12.951/8.713 score=0.7127
OPT_012_batch256_0b983318 epoch=4 loss=0.6193 MAE=12.986/8.976 score=0.7243
                                                       run_id   stage                           clinical_method   mae_sbp  mae_dbp  tail_mae_sbp  tail_mae_dbp  high_bp_sensitivity  clinical_selection_score
                   MEDOBJ_022_resnet_derivative5__l1_131e2b84  MEDOBJ                    resnet_derivative5__l1 13.017857 8.602664     13.082113      7.577498             0.000000                  0.700126
                            REP_009_spectral_multi10_2a04f551     REP                          spectral_multi10 13.101446 8.505386     13.076247      7.761211             0.000000                  0.700736
               MEDOBJ_007_resnet_multiview10__asym25_01d3681a  MEDOBJ                resnet_multiview10__asym25 12.957425 8.582269     13.190791      7.815064             0.000000                  0.701405
              MEDOBJ_011_resnet_multiview10__focal25_3d96e2a1  MEDOBJ               resnet_multiview10__focal25 12.893547 8.731031     13.087949      7.620664             0.042184                  0.701905
                            REP_008_spectral_deriv10_9f569c30     REP                          spectral_deriv10 13.006923 8.586443     13.227536      7.842303             0.002481                  0.703095
              BALANCE_004_resnet_multiview10__tail30_27904bb8 BALANCE                resnet_multiview10__tail30 13.084366 8.958709     12.544750      7.089475             0.027295                  0.703644
        BALANCE_013_resnet_derivative5__sbp_quantile_e4bf526c BALANCE          resnet_derivative5__sbp_quantile 13.031363 8.700859     12.991123      7.759475             0.000000                  0.704595
                                    OPT_012_batch256_0b983318     OPT                                  batch256 12.959230 8.517426     13.287217      8.292944             0.000000                  0.704979
                                    OPT_011_batch128_5dafbf4d     OPT                                  batch128 12.983457 8.586065     13.249858      8.118882             0.037221                  0.705546
                                      OPT_004_drop35_724b563b     OPT                                    drop35 12.918729 8.592913     13.381451      8.201616             0.029777                  0.706156
                                      OPT_003_drop25_a634e0e3     OPT                                    drop25 12.948729 8.569053     13.390411      8.237164             0.004963                  0.706479
ROBUST_008_resnet_multiview10__aug_compound_clinical_524b28df  ROBUST resnet_multiview10__aug_compound_clinical 12.901657 8.540319     13.403124      8.429795             0.009926                  0.706662
 MEDOBJ_020_resnet_multiview10__physio_multitask_aug_a2e52a4b  MEDOBJ  resnet_multiview10__physio_multitask_aug 12.923923 8.564724     13.424655      8.308707             0.009926                  0.706792
     ROBUST_002_resnet_multiview10__aug_jitter_scale_a7dd0cd3  ROBUST      resnet_multiview10__aug_jitter_scale 12.923923 8.564724     13.424655      8.308707             0.009926                  0.706792
                BALANCE_001_resnet_multiview10__none_97d326bc BALANCE                  resnet_multiview10__none 12.923923 8.564724     13.424655      8.308707             0.009926                  0.706792
                              REP_004_resnet_multi10_b073384d     REP                            resnet_multi10 12.923923 8.564724     13.424655      8.308707             0.009926                  0.706792
     ROBUST_005_resnet_multiview10__aug_motion_spike_ee3820fd  ROBUST      resnet_multiview10__aug_motion_spike 12.908395 8.541977     13.298029      8.496825             0.007444                  0.706800
              MEDOBJ_003_resnet_multiview10__logcosh_207765ef  MEDOBJ               resnet_multiview10__logcosh 13.023257 8.662629     13.762244      7.625072             0.032258                  0.707268
  ROBUST_004_resnet_multiview10__aug_baseline_wander_c5760b42  ROBUST   resnet_multiview10__aug_baseline_wander 12.952120 8.604630     13.110124      8.434830             0.009926                  0.707680
                                       OPT_009_wd1e5_778072b4     OPT                                     wd1e5 12.918475 8.591433     13.266809      8.437354             0.009926                  0.707692
