
--- 2026-09-11T11:33:27.053290+00:00 ---
winner_10s_seed42_fold1 epoch=1 loss=0.6988 MAE=12.865/8.351 score=0.7019
winner_10s_seed42_fold1 epoch=2 loss=0.6539 MAE=12.753/8.275 score=0.6956
winner_10s_seed42_fold1 epoch=3 loss=0.6356 MAE=13.210/8.388 score=0.7131
winner_10s_seed42_fold1 epoch=4 loss=0.6294 MAE=12.740/8.253 score=0.6944
winner_10s_seed42_fold1 epoch=5 loss=0.6120 MAE=12.670/8.197 score=0.6901
winner_10s_seed42_fold2 epoch=1 loss=0.6940 MAE=13.534/8.900 score=0.7428
winner_10s_seed42_fold2 epoch=2 loss=0.6505 MAE=12.936/8.634 score=0.7152
winner_10s_seed42_fold2 epoch=3 loss=0.6337 MAE=13.061/8.500 score=0.7132
winner_10s_seed42_fold2 epoch=4 loss=0.6237 MAE=13.072/8.442 score=0.7111
winner_10s_seed42_fold2 epoch=5 loss=0.6103 MAE=12.986/8.225 score=0.6999
winner_10s_seed42_fold3 epoch=1 loss=0.6920 MAE=12.947/8.346 score=0.7051
winner_10s_seed42_fold3 epoch=2 loss=0.6507 MAE=12.962/8.340 score=0.7053
winner_10s_seed42_fold3 epoch=3 loss=0.6345 MAE=13.334/8.259 score=0.7124
winner_10s_seed42_fold3 epoch=4 loss=0.6230 MAE=12.881/8.191 score=0.6969
winner_10s_seed42_fold3 epoch=5 loss=0.6164 MAE=12.850/8.313 score=0.7010
winner_10s_seed42_fold4 epoch=1 loss=0.6966 MAE=12.920/7.941 score=0.6813
winner_10s_seed42_fold4 epoch=2 loss=0.6527 MAE=12.785/7.825 score=0.6729
winner_10s_seed42_fold4 epoch=3 loss=0.6348 MAE=12.739/7.963 score=0.6771
winner_10s_seed42_fold4 epoch=4 loss=0.6245 MAE=12.867/7.973 score=0.6812
winner_10s_seed42_fold4 epoch=5 loss=0.6176 MAE=12.803/7.864 score=0.6749
winner_10s_seed42_fold5 epoch=1 loss=0.6906 MAE=14.207/9.028 score=0.7693
winner_10s_seed42_fold5 epoch=2 loss=0.6435 MAE=13.654/8.599 score=0.7361
winner_10s_seed42_fold5 epoch=3 loss=0.6274 MAE=13.765/8.630 score=0.7406
winner_10s_seed42_fold5 epoch=4 loss=0.6149 MAE=13.727/8.619 score=0.7390
winner_10s_seed42_fold5 epoch=5 loss=0.6041 MAE=13.636/8.590 score=0.7353
winner_10s_seed123_fold1 epoch=1 loss=0.6935 MAE=13.940/9.001 score=0.7609
winner_10s_seed123_fold1 epoch=2 loss=0.6495 MAE=13.100/9.031 score=0.7386
winner_10s_seed123_fold1 epoch=3 loss=0.6372 MAE=13.187/8.886 score=0.7351
winner_10s_seed123_fold1 epoch=4 loss=0.6211 MAE=13.016/8.667 score=0.7213
winner_10s_seed123_fold1 epoch=5 loss=0.6118 MAE=13.070/8.842 score=0.7300
winner_10s_seed123_fold2 epoch=1 loss=0.6958 MAE=13.737/8.264 score=0.7197
winner_10s_seed123_fold2 epoch=2 loss=0.6481 MAE=13.142/8.208 score=0.7007
winner_10s_seed123_fold2 epoch=3 loss=0.6352 MAE=13.142/8.040 score=0.6939
winner_10s_seed123_fold2 epoch=4 loss=0.6203 MAE=13.236/8.302 score=0.7071
winner_10s_seed123_fold2 epoch=5 loss=0.6105 MAE=12.983/8.065 score=0.6905
winner_10s_seed123_fold3 epoch=1 loss=0.7002 MAE=13.289/8.454 score=0.7191
winner_10s_seed123_fold3 epoch=2 loss=0.6543 MAE=12.861/8.333 score=0.7021
winner_10s_seed123_fold3 epoch=3 loss=0.6420 MAE=12.751/8.291 score=0.6973
winner_10s_seed123_fold3 epoch=4 loss=0.6304 MAE=13.083/8.149 score=0.7008
winner_10s_seed123_fold3 epoch=5 loss=0.6215 MAE=12.803/8.217 score=0.6957
winner_10s_seed123_fold4 epoch=1 loss=0.6880 MAE=13.809/8.449 score=0.7333
winner_10s_seed123_fold4 epoch=2 loss=0.6471 MAE=14.035/8.587 score=0.7453
winner_10s_seed123_fold4 epoch=3 loss=0.6316 MAE=13.738/8.349 score=0.7272
winner_10s_seed123_fold4 epoch=4 loss=0.6214 MAE=13.636/8.275 score=0.7214
winner_10s_seed123_fold4 epoch=5 loss=0.6096 MAE=13.682/8.452 score=0.7299
winner_10s_seed123_fold5 epoch=1 loss=0.6983 MAE=13.195/8.381 score=0.7088
winner_10s_seed123_fold5 epoch=2 loss=0.6523 MAE=12.711/7.912 score=0.6762
winner_10s_seed123_fold5 epoch=3 loss=0.6349 MAE=13.134/8.028 score=0.6927
winner_10s_seed123_fold5 epoch=4 loss=0.6315 MAE=12.671/7.902 score=0.6747
winner_10s_seed123_fold5 epoch=5 loss=0.6149 MAE=12.717/8.018 score=0.6808
winner_10s_seed2026_fold1 epoch=1 loss=0.6980 MAE=13.181/8.279 score=0.7066
winner_10s_seed2026_fold1 epoch=2 loss=0.6499 MAE=13.090/8.312 score=0.7054
winner_10s_seed2026_fold1 epoch=3 loss=0.6350 MAE=13.041/8.197 score=0.6994
winner_10s_seed2026_fold1 epoch=4 loss=0.6224 MAE=13.099/8.302 score=0.7053
winner_10s_seed2026_fold1 epoch=5 loss=0.6127 MAE=13.208/8.209 score=0.7045
winner_10s_seed2026_fold2 epoch=1 loss=0.6969 MAE=13.004/8.271 score=0.7006
winner_10s_seed2026_fold2 epoch=2 loss=0.6542 MAE=13.492/8.635 score=0.7290
winner_10s_seed2026_fold2 epoch=3 loss=0.6428 MAE=12.976/8.349 score=0.7030
winner_10s_seed2026_fold2 epoch=4 loss=0.6259 MAE=13.013/8.315 score=0.7026
winner_10s_seed2026_fold2 epoch=5 loss=0.6190 MAE=13.067/8.079 score=0.6945
winner_10s_seed2026_fold3 epoch=1 loss=0.6920 MAE=12.678/8.242 score=0.6878
winner_10s_seed2026_fold3 epoch=2 loss=0.6551 MAE=12.548/8.213 score=0.6830
winner_10s_seed2026_fold3 epoch=3 loss=0.6348 MAE=12.690/8.517 score=0.6993
winner_10s_seed2026_fold3 epoch=4 loss=0.6227 MAE=12.620/8.202 score=0.6845
winner_10s_seed2026_fold3 epoch=5 loss=0.6143 MAE=12.880/8.426 score=0.7009
winner_10s_seed2026_fold4 epoch=1 loss=0.6983 MAE=14.544/8.843 score=0.7755
winner_10s_seed2026_fold4 epoch=2 loss=0.6530 MAE=13.238/8.508 score=0.7247
winner_10s_seed2026_fold4 epoch=3 loss=0.6355 MAE=13.412/9.014 score=0.7505
winner_10s_seed2026_fold4 epoch=4 loss=0.6247 MAE=13.196/8.481 score=0.7224
winner_10s_seed2026_fold4 epoch=5 loss=0.6107 MAE=13.493/8.639 score=0.7374
winner_10s_seed2026_fold5 epoch=1 loss=0.6905 MAE=13.416/8.196 score=0.7101
winner_10s_seed2026_fold5 epoch=2 loss=0.6490 MAE=13.591/8.979 score=0.7469
winner_10s_seed2026_fold5 epoch=3 loss=0.6328 MAE=13.260/8.186 score=0.7053
winner_10s_seed2026_fold5 epoch=4 loss=0.6213 MAE=13.836/8.114 score=0.7186
winner_10s_seed2026_fold5 epoch=5 loss=0.6097 MAE=13.291/8.265 score=0.7094
compatible_2s_seed42_fold1 epoch=1 loss=0.5477 MAE=13.237/8.792 score=0.7304
compatible_2s_seed42_fold1 epoch=2 loss=0.5156 MAE=12.920/8.465 score=0.7081
compatible_2s_seed42_fold1 epoch=3 loss=0.5055 MAE=12.896/8.470 score=0.7076
compatible_2s_seed42_fold1 epoch=4 loss=0.4997 MAE=12.905/8.461 score=0.7075
compatible_2s_seed42_fold1 epoch=5 loss=0.4925 MAE=12.773/8.419 score=0.7021
compatible_2s_seed42_fold2 epoch=1 loss=0.5473 MAE=13.877/9.565 score=0.7795
compatible_2s_seed42_fold2 epoch=2 loss=0.5167 MAE=13.207/8.595 score=0.7212
compatible_2s_seed42_fold2 epoch=3 loss=0.5024 MAE=13.085/8.415 score=0.7105
compatible_2s_seed42_fold2 epoch=4 loss=0.4999 MAE=13.087/8.345 score=0.7076
compatible_2s_seed42_fold2 epoch=5 loss=0.4939 MAE=13.405/8.630 score=0.7282
compatible_2s_seed42_fold3 epoch=1 loss=0.5460 MAE=13.346/8.943 score=0.7408
compatible_2s_seed42_fold3 epoch=2 loss=0.5178 MAE=13.235/8.670 score=0.7265
compatible_2s_seed42_fold3 epoch=3 loss=0.5020 MAE=13.425/8.679 score=0.7322
compatible_2s_seed42_fold3 epoch=4 loss=0.4955 MAE=13.057/8.587 score=0.7181
compatible_2s_seed42_fold3 epoch=5 loss=0.4919 MAE=13.093/8.570 score=0.7184
compatible_2s_seed42_fold4 epoch=1 loss=0.5486 MAE=13.245/8.487 score=0.7124
compatible_2s_seed42_fold4 epoch=2 loss=0.5166 MAE=13.080/8.135 score=0.6936
compatible_2s_seed42_fold4 epoch=3 loss=0.5031 MAE=12.813/8.072 score=0.6836
compatible_2s_seed42_fold4 epoch=4 loss=0.4946 MAE=12.752/8.138 score=0.6846
compatible_2s_seed42_fold4 epoch=5 loss=0.4900 MAE=12.762/8.073 score=0.6822
compatible_2s_seed42_fold5 epoch=1 loss=0.5450 MAE=14.282/9.316 score=0.7831
compatible_2s_seed42_fold5 epoch=2 loss=0.5107 MAE=14.004/9.097 score=0.7664
compatible_2s_seed42_fold5 epoch=3 loss=0.4952 MAE=14.255/8.936 score=0.7668
compatible_2s_seed42_fold5 epoch=4 loss=0.4903 MAE=13.883/8.970 score=0.7578
compatible_2s_seed42_fold5 epoch=5 loss=0.4837 MAE=13.886/8.884 score=0.7543
compatible_2s_seed123_fold1 epoch=1 loss=0.5442 MAE=13.485/9.268 score=0.7591
compatible_2s_seed123_fold1 epoch=2 loss=0.5095 MAE=13.298/9.044 score=0.7447
compatible_2s_seed123_fold1 epoch=3 loss=0.4978 MAE=13.347/8.981 score=0.7435
compatible_2s_seed123_fold1 epoch=4 loss=0.4925 MAE=13.213/8.973 score=0.7394
compatible_2s_seed123_fold1 epoch=5 loss=0.4871 MAE=13.233/8.971 score=0.7399
compatible_2s_seed123_fold2 epoch=1 loss=0.5458 MAE=13.789/9.003 score=0.7510
compatible_2s_seed123_fold2 epoch=2 loss=0.5095 MAE=13.442/8.360 score=0.7153
compatible_2s_seed123_fold2 epoch=3 loss=0.4988 MAE=13.290/8.452 score=0.7147
compatible_2s_seed123_fold2 epoch=4 loss=0.4912 MAE=13.279/8.392 score=0.7120
compatible_2s_seed123_fold2 epoch=5 loss=0.4883 MAE=13.125/8.308 score=0.7043
compatible_2s_seed123_fold3 epoch=1 loss=0.5494 MAE=13.738/8.727 score=0.7429
compatible_2s_seed123_fold3 epoch=2 loss=0.5146 MAE=13.114/8.500 score=0.7161
compatible_2s_seed123_fold3 epoch=3 loss=0.5055 MAE=13.044/8.352 score=0.7080
compatible_2s_seed123_fold3 epoch=4 loss=0.4993 MAE=12.952/8.453 score=0.7096
compatible_2s_seed123_fold3 epoch=5 loss=0.4957 MAE=12.841/8.364 score=0.7029
compatible_2s_seed123_fold4 epoch=1 loss=0.5457 MAE=14.120/8.945 score=0.7622
compatible_2s_seed123_fold4 epoch=2 loss=0.5088 MAE=13.911/8.900 score=0.7545
compatible_2s_seed123_fold4 epoch=3 loss=0.4995 MAE=13.743/8.506 score=0.7338
compatible_2s_seed123_fold4 epoch=4 loss=0.4920 MAE=13.770/8.470 score=0.7331
compatible_2s_seed123_fold4 epoch=5 loss=0.4878 MAE=13.681/8.481 score=0.7310
compatible_2s_seed123_fold5 epoch=1 loss=0.5446 MAE=13.387/8.776 score=0.7302
compatible_2s_seed123_fold5 epoch=2 loss=0.5112 MAE=12.972/8.228 score=0.6964
compatible_2s_seed123_fold5 epoch=3 loss=0.5025 MAE=12.879/8.294 score=0.6965
compatible_2s_seed123_fold5 epoch=4 loss=0.4962 MAE=12.731/8.177 score=0.6876
compatible_2s_seed123_fold5 epoch=5 loss=0.4920 MAE=12.758/8.136 score=0.6867
compatible_2s_seed2026_fold1 epoch=1 loss=0.5462 MAE=13.557/8.900 score=0.7425
compatible_2s_seed2026_fold1 epoch=2 loss=0.5107 MAE=13.392/8.513 score=0.7221
compatible_2s_seed2026_fold1 epoch=3 loss=0.5006 MAE=13.189/8.408 score=0.7121
compatible_2s_seed2026_fold1 epoch=4 loss=0.4937 MAE=13.220/8.438 score=0.7142
compatible_2s_seed2026_fold1 epoch=5 loss=0.4886 MAE=13.095/8.377 score=0.7082
compatible_2s_seed2026_fold2 epoch=1 loss=0.5501 MAE=13.767/9.003 score=0.7517
compatible_2s_seed2026_fold2 epoch=2 loss=0.5128 MAE=13.741/8.539 score=0.7321
compatible_2s_seed2026_fold2 epoch=3 loss=0.5006 MAE=13.128/8.571 score=0.7163
compatible_2s_seed2026_fold2 epoch=4 loss=0.4942 MAE=13.132/8.523 score=0.7144
compatible_2s_seed2026_fold2 epoch=5 loss=0.4883 MAE=13.078/8.458 score=0.7103
compatible_2s_seed2026_fold3 epoch=1 loss=0.5483 MAE=13.130/8.745 score=0.7208
compatible_2s_seed2026_fold3 epoch=2 loss=0.5127 MAE=12.801/8.439 score=0.6992
compatible_2s_seed2026_fold3 epoch=3 loss=0.5005 MAE=12.673/8.477 score=0.6972
compatible_2s_seed2026_fold3 epoch=4 loss=0.4944 MAE=12.635/8.420 score=0.6939
compatible_2s_seed2026_fold3 epoch=5 loss=0.4907 MAE=12.532/8.376 score=0.6892
compatible_2s_seed2026_fold4 epoch=1 loss=0.5529 MAE=13.960/9.293 score=0.7775
compatible_2s_seed2026_fold4 epoch=2 loss=0.5141 MAE=13.622/8.867 score=0.7504
compatible_2s_seed2026_fold4 epoch=3 loss=0.5014 MAE=13.752/8.847 score=0.7532
compatible_2s_seed2026_fold4 epoch=4 loss=0.4965 MAE=13.463/8.745 score=0.7409
compatible_2s_seed2026_fold4 epoch=5 loss=0.4904 MAE=13.465/8.737 score=0.7406
compatible_2s_seed2026_fold5 epoch=1 loss=0.5448 MAE=13.573/8.582 score=0.7302
compatible_2s_seed2026_fold5 epoch=2 loss=0.5136 MAE=13.446/8.578 score=0.7265
compatible_2s_seed2026_fold5 epoch=3 loss=0.5002 MAE=13.394/8.369 score=0.7165
compatible_2s_seed2026_fold5 epoch=4 loss=0.4948 MAE=13.406/8.375 score=0.7171
compatible_2s_seed2026_fold5 epoch=5 loss=0.4885 MAE=13.438/8.383 score=0.7184
papagei_frozen_10s_seed42_fold1 epoch=1 loss=0.5647 MAE=13.918/9.098 score=0.7620
papagei_frozen_10s_seed42_fold1 epoch=2 loss=0.5499 MAE=13.837/9.071 score=0.7586
papagei_frozen_10s_seed42_fold1 epoch=3 loss=0.5452 MAE=13.735/8.833 score=0.7459
papagei_frozen_10s_seed42_fold1 epoch=4 loss=0.5438 MAE=13.730/8.822 score=0.7454
papagei_frozen_10s_seed42_fold1 epoch=5 loss=0.5409 MAE=13.729/8.924 score=0.7495
papagei_frozen_10s_seed42_fold1 epoch=6 loss=0.5417 MAE=13.730/8.889 score=0.7481
papagei_frozen_10s_seed42_fold1 epoch=7 loss=0.5391 MAE=13.606/8.741 score=0.7386
papagei_frozen_10s_seed42_fold1 epoch=8 loss=0.5384 MAE=13.674/8.901 score=0.7471
papagei_frozen_10s_seed42_fold2 epoch=1 loss=0.5625 MAE=14.255/9.299 score=0.7793
papagei_frozen_10s_seed42_fold2 epoch=2 loss=0.5460 MAE=14.031/8.894 score=0.7565
papagei_frozen_10s_seed42_fold2 epoch=3 loss=0.5431 MAE=14.009/8.902 score=0.7562
papagei_frozen_10s_seed42_fold2 epoch=4 loss=0.5428 MAE=13.966/8.872 score=0.7538
papagei_frozen_10s_seed42_fold2 epoch=5 loss=0.5396 MAE=14.071/9.062 score=0.7645
papagei_frozen_10s_seed42_fold2 epoch=6 loss=0.5383 MAE=14.035/9.017 score=0.7616
papagei_frozen_10s_seed42_fold2 epoch=7 loss=0.5357 MAE=14.048/8.896 score=0.7571
papagei_frozen_10s_seed42_fold2 epoch=8 loss=0.5362 MAE=13.884/8.762 score=0.7470
papagei_frozen_10s_seed42_fold3 epoch=1 loss=0.5594 MAE=13.901/9.265 score=0.7696
papagei_frozen_10s_seed42_fold3 epoch=2 loss=0.5468 MAE=13.906/9.229 score=0.7682
papagei_frozen_10s_seed42_fold3 epoch=3 loss=0.5411 MAE=13.885/9.224 score=0.7674
papagei_frozen_10s_seed42_fold3 epoch=4 loss=0.5392 MAE=13.882/9.173 score=0.7652
papagei_frozen_10s_seed42_fold3 epoch=5 loss=0.5383 MAE=13.872/9.175 score=0.7650
papagei_frozen_10s_seed42_fold3 epoch=6 loss=0.5364 MAE=13.819/9.153 score=0.7627
papagei_frozen_10s_seed42_fold3 epoch=7 loss=0.5346 MAE=14.160/9.249 score=0.7762
papagei_frozen_10s_seed42_fold3 epoch=8 loss=0.5343 MAE=13.691/9.144 score=0.7587
papagei_frozen_10s_seed42_fold4 epoch=1 loss=0.5612 MAE=13.771/8.715 score=0.7364
papagei_frozen_10s_seed42_fold4 epoch=2 loss=0.5476 MAE=13.676/8.599 score=0.7290
papagei_frozen_10s_seed42_fold4 epoch=3 loss=0.5436 MAE=13.752/8.575 score=0.7301
papagei_frozen_10s_seed42_fold4 epoch=4 loss=0.5405 MAE=13.597/8.537 score=0.7243
papagei_frozen_10s_seed42_fold4 epoch=5 loss=0.5398 MAE=13.624/8.599 score=0.7275
papagei_frozen_10s_seed42_fold4 epoch=6 loss=0.5401 MAE=13.607/8.578 score=0.7262
papagei_frozen_10s_seed42_fold4 epoch=7 loss=0.5356 MAE=13.594/8.710 score=0.7312
papagei_frozen_10s_seed42_fold4 epoch=8 loss=0.5343 MAE=13.601/8.703 score=0.7311
papagei_frozen_10s_seed42_fold5 epoch=1 loss=0.5616 MAE=14.642/9.331 score=0.7939
papagei_frozen_10s_seed42_fold5 epoch=2 loss=0.5416 MAE=14.489/9.404 score=0.7926
papagei_frozen_10s_seed42_fold5 epoch=3 loss=0.5367 MAE=14.804/9.485 score=0.8048
papagei_frozen_10s_seed42_fold5 epoch=4 loss=0.5361 MAE=14.475/9.301 score=0.7880
papagei_frozen_10s_seed42_fold5 epoch=5 loss=0.5322 MAE=14.620/9.383 score=0.7954
papagei_frozen_10s_seed42_fold5 epoch=6 loss=0.5327 MAE=14.347/9.257 score=0.7826
papagei_frozen_10s_seed42_fold5 epoch=7 loss=0.5302 MAE=14.910/9.382 score=0.8035
papagei_frozen_10s_seed42_fold5 epoch=8 loss=0.5280 MAE=14.315/9.231 score=0.7806
papagei_frozen_10s_seed123_fold1 epoch=1 loss=0.5600 MAE=13.898/9.528 score=0.7814
papagei_frozen_10s_seed123_fold1 epoch=2 loss=0.5446 MAE=13.880/9.665 score=0.7866
papagei_frozen_10s_seed123_fold1 epoch=3 loss=0.5406 MAE=13.946/9.456 score=0.7798
papagei_frozen_10s_seed123_fold1 epoch=4 loss=0.5383 MAE=14.003/9.471 score=0.7820
papagei_frozen_10s_seed123_fold1 epoch=5 loss=0.5367 MAE=13.832/9.409 score=0.7747
papagei_frozen_10s_seed123_fold1 epoch=6 loss=0.5325 MAE=13.775/9.404 score=0.7729
papagei_frozen_10s_seed123_fold1 epoch=7 loss=0.5334 MAE=13.821/9.415 score=0.7746
papagei_frozen_10s_seed123_fold1 epoch=8 loss=0.5320 MAE=13.894/9.575 score=0.7833
papagei_frozen_10s_seed123_fold2 epoch=1 loss=0.5598 MAE=14.265/8.937 score=0.7617
papagei_frozen_10s_seed123_fold2 epoch=2 loss=0.5457 MAE=14.104/8.780 score=0.7508
papagei_frozen_10s_seed123_fold2 epoch=3 loss=0.5429 MAE=14.036/8.620 score=0.7425
papagei_frozen_10s_seed123_fold2 epoch=4 loss=0.5386 MAE=13.956/8.667 score=0.7421
papagei_frozen_10s_seed123_fold2 epoch=5 loss=0.5373 MAE=13.934/8.630 score=0.7400
papagei_frozen_10s_seed123_fold2 epoch=6 loss=0.5354 MAE=13.953/8.657 score=0.7416
papagei_frozen_10s_seed123_fold2 epoch=7 loss=0.5332 MAE=13.883/8.619 score=0.7381
papagei_frozen_10s_seed123_fold2 epoch=8 loss=0.5317 MAE=13.825/8.565 score=0.7343
papagei_frozen_10s_seed123_fold3 epoch=1 loss=0.5630 MAE=13.999/9.111 score=0.7660
papagei_frozen_10s_seed123_fold3 epoch=2 loss=0.5471 MAE=14.027/8.978 score=0.7613
papagei_frozen_10s_seed123_fold3 epoch=3 loss=0.5432 MAE=13.995/9.012 score=0.7618
papagei_frozen_10s_seed123_fold3 epoch=4 loss=0.5428 MAE=14.171/9.015 score=0.7668
papagei_frozen_10s_seed123_fold3 epoch=5 loss=0.5416 MAE=13.921/9.025 score=0.7602
papagei_frozen_10s_seed123_fold3 epoch=6 loss=0.5398 MAE=13.924/9.084 score=0.7627
papagei_frozen_10s_seed123_fold3 epoch=7 loss=0.5370 MAE=13.924/9.082 score=0.7626
papagei_frozen_10s_seed123_fold3 epoch=8 loss=0.5353 MAE=13.763/8.966 score=0.7534
papagei_frozen_10s_seed123_fold4 epoch=1 loss=0.5627 MAE=14.341/8.945 score=0.7685
papagei_frozen_10s_seed123_fold4 epoch=2 loss=0.5480 MAE=14.376/9.042 score=0.7734
papagei_frozen_10s_seed123_fold4 epoch=3 loss=0.5421 MAE=14.285/8.923 score=0.7660
papagei_frozen_10s_seed123_fold4 epoch=4 loss=0.5396 MAE=14.274/8.939 score=0.7664
papagei_frozen_10s_seed123_fold4 epoch=5 loss=0.5381 MAE=14.236/8.904 score=0.7639
papagei_frozen_10s_seed123_fold4 epoch=6 loss=0.5366 MAE=14.218/8.862 score=0.7616
papagei_frozen_10s_seed123_fold4 epoch=7 loss=0.5357 MAE=14.327/8.873 score=0.7652
papagei_frozen_10s_seed123_fold4 epoch=8 loss=0.5345 MAE=14.137/8.806 score=0.7571
papagei_frozen_10s_seed123_fold5 epoch=1 loss=0.5621 MAE=13.762/8.983 score=0.7491
papagei_frozen_10s_seed123_fold5 epoch=2 loss=0.5491 MAE=13.702/9.095 score=0.7520
papagei_frozen_10s_seed123_fold5 epoch=3 loss=0.5433 MAE=13.774/8.945 score=0.7479
papagei_frozen_10s_seed123_fold5 epoch=4 loss=0.5411 MAE=13.651/8.828 score=0.7397
papagei_frozen_10s_seed123_fold5 epoch=5 loss=0.5390 MAE=13.590/8.826 score=0.7379
papagei_frozen_10s_seed123_fold5 epoch=6 loss=0.5395 MAE=13.479/8.758 score=0.7321
papagei_frozen_10s_seed123_fold5 epoch=7 loss=0.5358 MAE=13.556/8.809 score=0.7363
papagei_frozen_10s_seed123_fold5 epoch=8 loss=0.5343 MAE=13.347/8.830 score=0.7313
papagei_frozen_10s_seed2026_fold1 epoch=1 loss=0.5642 MAE=13.919/9.028 score=0.7578
papagei_frozen_10s_seed2026_fold1 epoch=2 loss=0.5471 MAE=13.835/8.863 score=0.7487
papagei_frozen_10s_seed2026_fold1 epoch=3 loss=0.5442 MAE=13.843/8.851 score=0.7485
papagei_frozen_10s_seed2026_fold1 epoch=4 loss=0.5409 MAE=13.792/9.006 score=0.7534
papagei_frozen_10s_seed2026_fold1 epoch=5 loss=0.5379 MAE=13.810/9.031 score=0.7549
papagei_frozen_10s_seed2026_fold1 epoch=6 loss=0.5379 MAE=13.890/8.846 score=0.7496
papagei_frozen_10s_seed2026_fold1 epoch=7 loss=0.5363 MAE=13.756/8.797 score=0.7438
papagei_frozen_10s_seed2026_fold1 epoch=8 loss=0.5334 MAE=13.700/8.917 score=0.7472
papagei_frozen_10s_seed2026_fold2 epoch=1 loss=0.5615 MAE=13.981/9.130 score=0.7629
papagei_frozen_10s_seed2026_fold2 epoch=2 loss=0.5469 MAE=13.894/8.952 score=0.7532
papagei_frozen_10s_seed2026_fold2 epoch=3 loss=0.5427 MAE=13.711/8.841 score=0.7435
papagei_frozen_10s_seed2026_fold2 epoch=4 loss=0.5414 MAE=13.702/8.875 score=0.7447
papagei_frozen_10s_seed2026_fold2 epoch=5 loss=0.5391 MAE=13.694/8.872 score=0.7443
papagei_frozen_10s_seed2026_fold2 epoch=6 loss=0.5377 MAE=13.628/8.802 score=0.7397
papagei_frozen_10s_seed2026_fold2 epoch=7 loss=0.5352 MAE=13.702/8.851 score=0.7437
papagei_frozen_10s_seed2026_fold2 epoch=8 loss=0.5366 MAE=13.551/8.868 score=0.7402
papagei_frozen_10s_seed2026_fold3 epoch=1 loss=0.5607 MAE=13.801/8.977 score=0.7489
papagei_frozen_10s_seed2026_fold3 epoch=2 loss=0.5460 MAE=13.827/8.911 score=0.7470
papagei_frozen_10s_seed2026_fold3 epoch=3 loss=0.5395 MAE=13.750/8.898 score=0.7443
papagei_frozen_10s_seed2026_fold3 epoch=4 loss=0.5380 MAE=13.748/8.991 score=0.7480
papagei_frozen_10s_seed2026_fold3 epoch=5 loss=0.5364 MAE=13.706/8.897 score=0.7430
papagei_frozen_10s_seed2026_fold3 epoch=6 loss=0.5340 MAE=13.632/8.912 score=0.7416
papagei_frozen_10s_seed2026_fold3 epoch=7 loss=0.5328 MAE=13.600/8.927 score=0.7413
papagei_frozen_10s_seed2026_fold3 epoch=8 loss=0.5311 MAE=13.546/8.911 score=0.7391
papagei_frozen_10s_seed2026_fold4 epoch=1 loss=0.5658 MAE=14.533/9.693 score=0.8102
papagei_frozen_10s_seed2026_fold4 epoch=2 loss=0.5510 MAE=14.350/9.411 score=0.7934
papagei_frozen_10s_seed2026_fold4 epoch=3 loss=0.5449 MAE=14.348/9.264 score=0.7873
papagei_frozen_10s_seed2026_fold4 epoch=4 loss=0.5413 MAE=14.311/9.222 score=0.7845
papagei_frozen_10s_seed2026_fold4 epoch=5 loss=0.5398 MAE=14.331/9.266 score=0.7869
papagei_frozen_10s_seed2026_fold4 epoch=6 loss=0.5381 MAE=14.363/9.501 score=0.7974
papagei_frozen_10s_seed2026_fold4 epoch=7 loss=0.5377 MAE=14.215/9.272 score=0.7839
papagei_frozen_10s_seed2026_fold4 epoch=8 loss=0.5357 MAE=14.278/9.239 score=0.7843
papagei_frozen_10s_seed2026_fold5 epoch=1 loss=0.5595 MAE=14.146/8.901 score=0.7593
papagei_frozen_10s_seed2026_fold5 epoch=2 loss=0.5467 MAE=14.234/9.100 score=0.7698
papagei_frozen_10s_seed2026_fold5 epoch=3 loss=0.5427 MAE=14.085/8.863 score=0.7560
papagei_frozen_10s_seed2026_fold5 epoch=4 loss=0.5404 MAE=14.139/8.926 score=0.7601
papagei_frozen_10s_seed2026_fold5 epoch=5 loss=0.5385 MAE=14.041/9.085 score=0.7638
papagei_frozen_10s_seed2026_fold5 epoch=6 loss=0.5379 MAE=14.192/8.875 score=0.7595
papagei_frozen_10s_seed2026_fold5 epoch=7 loss=0.5350 MAE=14.043/8.805 score=0.7525
papagei_frozen_10s_seed2026_fold5 epoch=8 loss=0.5337 MAE=14.170/8.777 score=0.7549
             model      dataset  ensemble_members  records  subjects evaluation_unit   mae_sbp  rmse_sbp   bias_sbp  error_sd_sbp  pearson_sbp  pct_sbp_within_5  pct_sbp_within_10  pct_sbp_within_15   mae_dbp  rmse_dbp   bias_dbp  error_sd_dbp  pearson_dbp  pct_dbp_within_5  pct_dbp_within_10  pct_dbp_within_15
        winner_10s ambulatory56                15      461        56         subject 18.108191 22.517708 -15.531724     16.451313    -0.155138         14.285714          33.928571          53.571429 26.582458 28.968115 -26.582458     11.616113    -0.112184          3.571429          12.500000          16.071429
papagei_frozen_10s ambulatory56                15      461        56         subject 19.288195 23.541647 -17.871555     15.462408    -0.230131         12.500000          30.357143          44.642857 25.921926 28.533779 -25.921926     12.033962    -0.459958          7.142857          12.500000          16.071429
     compatible_2s ambulatory56                15      461        56         subject 20.001150 23.917961 -18.545010     15.241385    -0.005755         10.714286          26.785714          44.642857 26.335035 28.803490 -26.335035     11.772071    -0.170937          7.142857          12.500000          16.071429
     compatible_2s     ppgbp219                15      657       219         subject 16.911280 21.754196  -7.894601     20.317612     0.141820         17.351598          37.899543          56.164384 11.669128 14.628967  -9.614296     11.051229     0.204482         26.940639          51.141553          70.319635
