
--- 2026-09-11T12:23:02.300696+00:00 ---
# ممیزی ایمنی پزشکی مدل PPG-to-BP

## نتیجهٔ اصلی

MAE بیمارمحور و leakage-safe مدل پایه برابر 12.91/8.20 mmHg است، اما این عدد عملکرد رخداد
بالینی را پنهان می‌کند. از 3,626 پنجرهٔ دارای فشار بالا، فقط
41 مورد با threshold عددی خود مدل شناسایی شد.

## threshold بالینی مستقیم

| رخداد | شیوع | حساسیت | اختصاصیت | PPV | NPV |
|---|---:|---:|---:|---:|---:|
| SBP>=140 یا DBP>=90 | 7.9% | 1.1% | 99.9% | 56.2% | 92.1% |
| MAP<65 | 17.4% | 2.4% | 99.6% | 56.2% | 82.9% |

برای فشار بالا، MAE به 28.20/17.10 mmHg و bias به -28.03/-16.77 mmHg می‌رسد. مدل فشارهای
بالا را شدیداً به سمت میانگین cohort برمی‌گرداند.

## آیا waveform هنوز اطلاعات رتبه‌بندی خطر دارد؟

- فشار بالا: AUROC=0.761 و AUPRC=0.241؛
- MAP<65: AUROC=0.734 و AUPRC=0.343.

در threshold calibration تکرارشده و patient-wise با هدف حداقل 90% specificity:

- حساسیت فشار بالا 37.3% در اختصاصیت 90.0%؛
- حساسیت MAP<65 برابر 29.0% در اختصاصیت 90.0%.

پس representation برای screening/risk ranking مقداری اطلاعات دارد، ولی خروجی عددی calibration-free
برای تشخیص رخداد قابل استفاده نیست.

## classifier اختصاصی رخداد

تعداد 36 پیکربندی classifier شامل BCE، focal، class weighting،
event-balanced sampling، joint regression، هشت representation و augmentation آزمایش شد. بهترین مدل
AUPRC فشار بالا=0.181 و MAP<65=0.345
داشت. regression موجود روی همان validation به‌ترتیب 0.163
و 0.337 رسید؛ بنابراین classifier اختصاصی
بهبود غربالگری‌شده ایجاد نکرد و وارد confirmation نشد.

## عدم‌قطعیت و کیفیت

- بازهٔ conformal با پوشش واقعی حدود 90%، عرض متوسط 53.20 mmHg برای SBP و 34.00 mmHg برای DBP داشت؛
- حذف 50% نمونه‌های پرعدم‌قطعیت MAE را به 12.31/7.83 رساند، اما حساسیت فشار بالا همچنان فقط 2.3% بود؛
- حذف نمونه‌های SQI پایین بهبود ناچیزی ایجاد کرد و مشکل رخداد را حل نکرد.

نتیجه: abstention مبتنی بر uncertainty ممکن است MAE را ظاهراً بهتر کند، ولی با کنارگذاشتن نمونه‌های
سخت و بالینی مهم، ایمنی رخداد را بهبود نمی‌دهد.

## پیام مناسب مقالهٔ پزشکی

«MAE متوسط برای ارزیابی سامانه‌های cuffless BP کافی نیست. گزارش sensitivity رخداد، bias در محدوده‌های
فشار، patient-wise uncertainty و cross-device validation باید اجباری باشد.» این نتیجه از ادعای یک
معماری جدید قوی‌تر و با محور سلامت دیجیتال و پردازش سیگنال زیستی کنفرانس سازگارتر است.

