
--- 2026-09-11T10:47:14.557245+00:00 ---

Extracting patient feature banks:   0%|          | 0/1524 [00:00<?, ?it/s]
Extracting patient feature banks:   0%|          | 2/1524 [00:00<01:43, 14.68it/s]
Extracting patient feature banks:   0%|          | 4/1524 [00:00<01:39, 15.28it/s]
Extracting patient feature banks:   0%|          | 6/1524 [00:00<01:38, 15.47it/s]
Extracting patient feature banks:   1%|          | 8/1524 [00:00<01:38, 15.42it/s]
Extracting patient feature banks:   1%|          | 10/1524 [00:00<01:38, 15.42it/s]
Extracting patient feature banks:   1%|          | 12/1524 [00:00<01:38, 15.38it/s]
Extracting patient feature banks:   1%|          | 14/1524 [00:00<01:38, 15.41it/s]
Extracting patient feature banks:   1%|          | 16/1524 [00:01<01:38, 15.29it/s]
Extracting patient feature banks:   1%|          | 18/1524 [00:01<01:38, 15.23it/s]
Extracting patient feature banks:   1%|▏         | 20/1524 [00:01<01:38, 15.21it/s]
Extracting patient feature banks:   1%|▏         | 22/1524 [00:01<01:38, 15.21it/s]
Extracting patient feature banks:   2%|▏         | 24/1524 [00:01<01:38, 15.24it/s]
Extracting patient feature banks:   2%|▏         | 26/1524 [00:01<01:38, 15.23it/s]
Extracting patient feature banks:   2%|▏         | 28/1524 [00:01<01:38, 15.20it/s]
Extracting patient feature banks:   2%|▏         | 30/1524 [00:01<01:38, 15.14it/s]
Extracting patient feature banks:   2%|▏         | 32/1524 [00:02<01:38, 15.16it/s]
Extracting patient feature banks:   2%|▏         | 34/1524 [00:02<01:38, 15.15it/s]
Extracting patient feature banks:   2%|▏         | 36/1524 [00:02<01:38, 15.13it/s]
Extracting patient feature banks:   2%|▏         | 38/1524 [00:02<01:38, 15.16it/s]
Extracting patient feature banks:   3%|▎         | 40/1524 [00:02<01:38, 15.08it/s]
Extracting patient feature banks:   3%|▎         | 42/1524 [00:02<01:38, 15.02it/s]
Extracting patient feature banks:   3%|▎         | 44/1524 [00:02<01:38, 15.08it/s]
Extracting patient feature banks:   3%|▎         | 46/1524 [00:03<01:38, 15.04it/s]
Extracting patient feature banks:   3%|▎         | 48/1524 [00:03<01:38, 15.02it/s]
Extracting patient feature banks:   3%|▎         | 50/1524 [00:03<01:37, 15.06it/s]
Extracting patient feature banks:   3%|▎         | 52/1524 [00:03<01:37, 15.09it/s]
Extracting patient feature banks:   4%|▎         | 54/1524 [00:03<01:37, 15.09it/s]
Extracting patient feature banks:   4%|▎         | 56/1524 [00:03<01:37, 15.10it/s]
Extracting patient feature banks:   4%|▍         | 58/1524 [00:03<01:37, 15.07it/s]
Extracting patient feature banks:   4%|▍         | 60/1524 [00:03<01:37, 15.05it/s]
Extracting patient feature banks:   4%|▍         | 62/1524 [00:04<01:37, 15.04it/s]
Extracting patient feature banks:   4%|▍         | 64/1524 [00:04<01:36, 15.08it/s]
Extracting patient feature banks:   4%|▍         | 66/1524 [00:04<01:36, 15.09it/s]
Extracting patient feature banks:   4%|▍         | 68/1524 [00:04<01:36, 15.08it/s]
Extracting patient feature banks:   5%|▍         | 70/1524 [00:04<01:36, 15.15it/s]
Extracting patient feature banks:   5%|▍         | 72/1524 [00:04<01:35, 15.17it/s]
Extracting patient feature banks:   5%|▍         | 74/1524 [00:04<01:35, 15.25it/s]
Extracting patient feature banks:   5%|▍         | 76/1524 [00:05<01:35, 15.23it/s]
Extracting patient feature banks:   5%|▌         | 78/1524 [00:05<01:35, 15.19it/s]
Extracting patient feature banks:   5%|▌         | 80/1524 [00:05<01:35, 15.16it/s]
Extracting patient feature banks:   5%|▌         | 82/1524 [00:05<01:35, 15.13it/s]
Extracting patient feature banks:   6%|▌         | 84/1524 [00:05<01:35, 15.06it/s]
Extracting patient feature banks:   6%|▌         | 86/1524 [00:05<01:35, 15.11it/s]
Extracting patient feature banks:   6%|▌         | 88/1524 [00:05<01:34, 15.14it/s]
Extracting patient feature banks:   6%|▌         | 90/1524 [00:05<01:34, 15.13it/s]
Extracting patient feature banks:   6%|▌         | 92/1524 [00:06<01:34, 15.08it/s]
Extracting patient feature banks:   6%|▌         | 94/1524 [00:06<01:34, 15.11it/s]
Extracting patient feature banks:   6%|▋         | 96/1524 [00:06<01:34, 15.12it/s]
Extracting patient feature banks:   6%|▋         | 98/1524 [00:06<01:34, 15.17it/s]
Extracting patient feature banks:   7%|▋         | 100/1524 [00:06<01:33, 15.16it/s]
Extracting patient feature banks:   7%|▋         | 102/1524 [00:06<01:33, 15.16it/s]
Extracting patient feature banks:   7%|▋         | 104/1524 [00:06<01:33, 15.16it/s]
Extracting patient feature banks:   7%|▋         | 106/1524 [00:06<01:33, 15.17it/s]
Extracting patient feature banks:   7%|▋         | 108/1524 [00:07<01:33, 15.16it/s]
Extracting patient feature banks:   7%|▋         | 110/1524 [00:07<01:33, 15.13it/s]
Extracting patient feature banks:   7%|▋         | 112/1524 [00:07<01:32, 15.19it/s]
Extracting patient feature banks:   7%|▋         | 114/1524 [00:07<01:32, 15.20it/s]
Extracting patient feature banks:   8%|▊         | 116/1524 [00:07<01:32, 15.22it/s]
Extracting patient feature banks:   8%|▊         | 118/1524 [00:07<01:32, 15.21it/s]
Extracting patient feature banks:   8%|▊         | 120/1524 [00:07<01:32, 15.16it/s]
Extracting patient feature banks:   8%|▊         | 122/1524 [00:08<01:32, 15.15it/s]
Extracting patient feature banks:   8%|▊         | 124/1524 [00:08<01:32, 15.11it/s]
Extracting patient feature banks:   8%|▊         | 126/1524 [00:08<01:32, 15.09it/s]
Extracting patient feature banks:   8%|▊         | 128/1524 [00:08<01:32, 15.11it/s]
Extracting patient feature banks:   9%|▊         | 130/1524 [00:08<01:32, 15.10it/s]
Extracting patient feature banks:   9%|▊         | 132/1524 [00:08<01:32, 15.13it/s]
Extracting patient feature banks:   9%|▉         | 134/1524 [00:08<01:31, 15.13it/s]
Extracting patient feature banks:   9%|▉         | 136/1524 [00:08<01:31, 15.13it/s]
Extracting patient feature banks:   9%|▉         | 138/1524 [00:09<01:32, 15.05it/s]
Extracting patient feature banks:   9%|▉         | 140/1524 [00:09<01:31, 15.08it/s]
Extracting patient feature banks:   9%|▉         | 142/1524 [00:09<01:31, 15.10it/s]
Extracting patient feature banks:   9%|▉         | 144/1524 [00:09<01:31, 15.05it/s]
Extracting patient feature banks:  10%|▉         | 146/1524 [00:09<01:31, 15.05it/s]
Extracting patient feature banks:  10%|▉         | 148/1524 [00:09<01:31, 15.04it/s]
Extracting patient feature banks:  10%|▉         | 150/1524 [00:09<01:31, 15.08it/s]
Extracting patient feature banks:  10%|▉         | 152/1524 [00:10<01:30, 15.13it/s]
Extracting patient feature banks:  10%|█         | 154/1524 [00:10<01:30, 15.15it/s]
Extracting patient feature banks:  10%|█         | 156/1524 [00:10<01:30, 15.16it/s]
Extracting patient feature banks:  10%|█         | 158/1524 [00:10<01:29, 15.18it/s]
Extracting patient feature banks:  10%|█         | 160/1524 [00:10<01:29, 15.16it/s]
Extracting patient feature banks:  11%|█         | 162/1524 [00:10<01:29, 15.13it/s]
Extracting patient feature banks:  11%|█         | 164/1524 [00:10<01:29, 15.15it/s]
Extracting patient feature banks:  11%|█         | 166/1524 [00:10<01:29, 15.18it/s]
Extracting patient feature banks:  11%|█         | 168/1524 [00:11<01:29, 15.16it/s]
Extracting patient feature banks:  11%|█         | 170/1524 [00:11<01:29, 15.15it/s]
Extracting patient feature banks:  11%|█▏        | 172/1524 [00:11<01:29, 15.12it/s]
Extracting patient feature banks:  11%|█▏        | 174/1524 [00:11<01:28, 15.17it/s]
Extracting patient feature banks:  12%|█▏        | 176/1524 [00:11<01:28, 15.16it/s]
Extracting patient feature banks:  12%|█▏        | 178/1524 [00:11<01:29, 15.09it/s]
Extracting patient feature banks:  12%|█▏        | 180/1524 [00:11<01:29, 15.06it/s]
Extracting patient feature banks:  12%|█▏        | 182/1524 [00:12<01:28, 15.14it/s]
Extracting patient feature banks:  12%|█▏        | 184/1524 [00:12<01:28, 15.17it/s]
Extracting patient feature banks:  12%|█▏        | 186/1524 [00:12<01:28, 15.17it/s]
Extracting patient feature banks:  12%|█▏        | 188/1524 [00:12<01:27, 15.23it/s]
Extracting patient feature banks:  12%|█▏        | 190/1524 [00:12<01:27, 15.24it/s]
Extracting patient feature banks:  13%|█▎        | 192/1524 [00:12<01:27, 15.22it/s]
Extracting patient feature banks:  13%|█▎        | 194/1524 [00:12<01:27, 15.13it/s]
Extracting patient feature banks:  13%|█▎        | 196/1524 [00:12<01:27, 15.09it/s]
Extracting patient feature banks:  13%|█▎        | 198/1524 [00:13<01:28, 15.06it/s]
Extracting patient feature banks:  13%|█▎        | 200/1524 [00:13<01:27, 15.07it/s]
Extracting patient feature banks:  13%|█▎        | 202/1524 [00:13<01:27, 15.04it/s]
Extracting patient feature banks:  13%|█▎        | 204/1524 [00:13<01:27, 15.08it/s]
Extracting patient feature banks:  14%|█▎        | 206/1524 [00:13<01:27, 15.08it/s]
Extracting patient feature banks:  14%|█▎        | 208/1524 [00:13<01:27, 15.09it/s]
Extracting patient feature banks:  14%|█▍        | 210/1524 [00:13<01:27, 15.04it/s]
Extracting patient feature banks:  14%|█▍        | 212/1524 [00:14<01:27, 14.94it/s]
Extracting patient feature banks:  14%|█▍        | 214/1524 [00:14<01:27, 14.99it/s]
Extracting patient feature banks:  14%|█▍        | 216/1524 [00:14<01:26, 15.04it/s]
Extracting patient feature banks:  14%|█▍        | 218/1524 [00:14<01:26, 15.03it/s]
Extracting patient feature banks:  14%|█▍        | 220/1524 [00:14<01:26, 15.07it/s]
Extracting patient feature banks:  15%|█▍        | 222/1524 [00:14<01:26, 15.06it/s]
Extracting patient feature banks:  15%|█▍        | 224/1524 [00:14<01:26, 15.08it/s]
Extracting patient feature banks:  15%|█▍        | 226/1524 [00:14<01:25, 15.12it/s]
Extracting patient feature banks:  15%|█▍        | 228/1524 [00:15<01:25, 15.14it/s]
Extracting patient feature banks:  15%|█▌        | 230/1524 [00:15<01:25, 15.17it/s]
Extracting patient feature banks:  15%|█▌        | 232/1524 [00:15<01:25, 15.16it/s]
Extracting patient feature banks:  15%|█▌        | 234/1524 [00:15<01:25, 15.15it/s]
Extracting patient feature banks:  15%|█▌        | 236/1524 [00:15<01:25, 15.10it/s]
Extracting patient feature banks:  16%|█▌        | 238/1524 [00:15<01:25, 15.11it/s]
Extracting patient feature banks:  16%|█▌        | 240/1524 [00:15<01:24, 15.13it/s]
Extracting patient feature banks:  16%|█▌        | 242/1524 [00:15<01:24, 15.14it/s]
Extracting patient feature banks:  16%|█▌        | 244/1524 [00:16<01:24, 15.14it/s]
Extracting patient feature banks:  16%|█▌        | 246/1524 [00:16<01:24, 15.12it/s]
Extracting patient feature banks:  16%|█▋        | 248/1524 [00:16<01:24, 15.15it/s]
Extracting patient feature banks:  16%|█▋        | 250/1524 [00:16<01:24, 15.06it/s]
Extracting patient feature banks:  17%|█▋        | 252/1524 [00:16<01:24, 15.01it/s]
Extracting patient feature banks:  17%|█▋        | 254/1524 [00:16<01:24, 15.10it/s]
Extracting patient feature banks:  17%|█▋        | 256/1524 [00:16<01:23, 15.12it/s]
Extracting patient feature banks:  17%|█▋        | 258/1524 [00:17<01:23, 15.10it/s]
Extracting patient feature banks:  17%|█▋        | 260/1524 [00:17<01:23, 15.10it/s]
Extracting patient feature banks:  17%|█▋        | 262/1524 [00:17<01:23, 15.09it/s]
Extracting patient feature banks:  17%|█▋        | 264/1524 [00:17<01:23, 15.08it/s]
Extracting patient feature banks:  17%|█▋        | 266/1524 [00:17<01:23, 15.07it/s]
Extracting patient feature banks:  18%|█▊        | 268/1524 [00:17<01:23, 15.10it/s]
Extracting patient feature banks:  18%|█▊        | 270/1524 [00:17<01:22, 15.22it/s]
Extracting patient feature banks:  18%|█▊        | 272/1524 [00:17<01:22, 15.26it/s]
Extracting patient feature banks:  18%|█▊        | 274/1524 [00:18<01:22, 15.15it/s]
Extracting patient feature banks:  18%|█▊        | 276/1524 [00:18<01:22, 15.12it/s]
Extracting patient feature banks:  18%|█▊        | 278/1524 [00:18<01:22, 15.18it/s]
Extracting patient feature banks:  18%|█▊        | 280/1524 [00:18<01:21, 15.17it/s]
Extracting patient feature banks:  19%|█▊        | 282/1524 [00:18<01:21, 15.16it/s]
Extracting patient feature banks:  19%|█▊        | 284/1524 [00:18<01:24, 14.74it/s]
Extracting patient feature banks:  19%|█▉        | 286/1524 [00:18<01:27, 14.12it/s]
Extracting patient feature banks:  19%|█▉        | 288/1524 [00:19<01:25, 14.38it/s]
Extracting patient feature banks:  19%|█▉        | 290/1524 [00:19<01:25, 14.42it/s]
Extracting patient feature banks:  19%|█▉        | 292/1524 [00:19<01:24, 14.58it/s]
Extracting patient feature banks:  19%|█▉        | 294/1524 [00:19<01:23, 14.65it/s]
Extracting patient feature banks:  19%|█▉        | 296/1524 [00:19<01:23, 14.74it/s]
Extracting patient feature banks:  20%|█▉        | 298/1524 [00:19<01:24, 14.58it/s]
Extracting patient feature banks:  20%|█▉        | 300/1524 [00:19<01:23, 14.58it/s]
Extracting patient feature banks:  20%|█▉        | 302/1524 [00:20<01:22, 14.75it/s]
Extracting patient feature banks:  20%|█▉        | 304/1524 [00:20<01:22, 14.80it/s]
Extracting patient feature banks:  20%|██        | 306/1524 [00:20<01:22, 14.81it/s]
Extracting patient feature banks:  20%|██        | 308/1524 [00:20<01:22, 14.74it/s]
Extracting patient feature banks:  20%|██        | 310/1524 [00:20<01:21, 14.82it/s]
Extracting patient feature banks:  20%|██        | 312/1524 [00:20<01:21, 14.83it/s]
Extracting patient feature banks:  21%|██        | 314/1524 [00:20<01:20, 14.94it/s]
Extracting patient feature banks:  21%|██        | 316/1524 [00:20<01:20, 15.05it/s]
Extracting patient feature banks:  21%|██        | 318/1524 [00:21<01:20, 14.96it/s]
Extracting patient feature banks:  21%|██        | 320/1524 [00:21<01:20, 15.00it/s]
Extracting patient feature banks:  21%|██        | 322/1524 [00:21<01:20, 15.02it/s]
Extracting patient feature banks:  21%|██▏       | 324/1524 [00:21<01:19, 15.08it/s]
Extracting patient feature banks:  21%|██▏       | 326/1524 [00:21<01:19, 15.11it/s]
Extracting patient feature banks:  22%|██▏       | 328/1524 [00:21<01:19, 14.98it/s]
Extracting patient feature banks:  22%|██▏       | 330/1524 [00:21<01:20, 14.92it/s]
Extracting patient feature banks:  22%|██▏       | 332/1524 [00:22<01:19, 14.97it/s]
Extracting patient feature banks:  22%|██▏       | 334/1524 [00:22<01:19, 14.97it/s]
Extracting patient feature banks:  22%|██▏       | 336/1524 [00:22<01:19, 14.94it/s]
Extracting patient feature banks:  22%|██▏       | 338/1524 [00:22<01:19, 14.99it/s]
Extracting patient feature banks:  22%|██▏       | 340/1524 [00:22<01:18, 15.00it/s]
Extracting patient feature banks:  22%|██▏       | 342/1524 [00:22<01:18, 15.00it/s]
Extracting patient feature banks:  23%|██▎       | 344/1524 [00:22<01:18, 15.04it/s]
Extracting patient feature banks:  23%|██▎       | 346/1524 [00:22<01:17, 15.12it/s]
Extracting patient feature banks:  23%|██▎       | 348/1524 [00:23<01:18, 15.07it/s]
Extracting patient feature banks:  23%|██▎       | 350/1524 [00:23<01:17, 15.14it/s]
Extracting patient feature banks:  23%|██▎       | 352/1524 [00:23<01:17, 15.12it/s]
Extracting patient feature banks:  23%|██▎       | 354/1524 [00:23<01:17, 15.11it/s]
Extracting patient feature banks:  23%|██▎       | 356/1524 [00:23<01:17, 15.13it/s]
Extracting patient feature banks:  23%|██▎       | 358/1524 [00:23<01:17, 15.13it/s]
Extracting patient feature banks:  24%|██▎       | 360/1524 [00:23<01:16, 15.18it/s]
Extracting patient feature banks:  24%|██▍       | 362/1524 [00:24<01:16, 15.11it/s]
Extracting patient feature banks:  24%|██▍       | 364/1524 [00:24<01:16, 15.12it/s]
Extracting patient feature banks:  24%|██▍       | 366/1524 [00:24<01:16, 15.05it/s]
Extracting patient feature banks:  24%|██▍       | 368/1524 [00:24<01:16, 15.03it/s]
Extracting patient feature banks:  24%|██▍       | 370/1524 [00:24<01:16, 15.07it/s]
Extracting patient feature banks:  24%|██▍       | 372/1524 [00:24<01:16, 15.00it/s]
Extracting patient feature banks:  25%|██▍       | 374/1524 [00:24<01:15, 15.14it/s]
Extracting patient feature banks:  25%|██▍       | 376/1524 [00:24<01:15, 15.17it/s]
Extracting patient feature banks:  25%|██▍       | 378/1524 [00:25<01:13, 15.55it/s]
Extracting patient feature banks:  25%|██▍       | 380/1524 [00:25<01:13, 15.60it/s]
Extracting patient feature banks:  25%|██▌       | 382/1524 [00:25<01:13, 15.57it/s]
Extracting patient feature banks:  25%|██▌       | 384/1524 [00:25<01:13, 15.50it/s]
Extracting patient feature banks:  25%|██▌       | 386/1524 [00:25<01:13, 15.40it/s]
Extracting patient feature banks:  25%|██▌       | 388/1524 [00:25<01:14, 15.30it/s]
Extracting patient feature banks:  26%|██▌       | 390/1524 [00:25<01:14, 15.14it/s]
Extracting patient feature banks:  26%|██▌       | 392/1524 [00:25<01:14, 15.09it/s]
Extracting patient feature banks:  26%|██▌       | 394/1524 [00:26<01:14, 15.12it/s]
Extracting patient feature banks:  26%|██▌       | 396/1524 [00:26<01:14, 15.07it/s]
Extracting patient feature banks:  26%|██▌       | 398/1524 [00:26<01:15, 15.00it/s]
Extracting patient feature banks:  26%|██▌       | 400/1524 [00:26<01:15, 14.89it/s]
Extracting patient feature banks:  26%|██▋       | 402/1524 [00:26<01:15, 14.95it/s]
Extracting patient feature banks:  27%|██▋       | 404/1524 [00:26<01:14, 14.96it/s]
Extracting patient feature banks:  27%|██▋       | 406/1524 [00:26<01:14, 14.99it/s]
Extracting patient feature banks:  27%|██▋       | 408/1524 [00:27<01:14, 14.95it/s]
Extracting patient feature banks:  27%|██▋       | 410/1524 [00:27<01:14, 15.01it/s]
Extracting patient feature banks:  27%|██▋       | 412/1524 [00:27<01:13, 15.07it/s]
Extracting patient feature banks:  27%|██▋       | 414/1524 [00:27<01:13, 15.06it/s]
Extracting patient feature banks:  27%|██▋       | 416/1524 [00:27<01:13, 15.09it/s]
Extracting patient feature banks:  27%|██▋       | 418/1524 [00:27<01:13, 15.07it/s]
Extracting patient feature banks:  28%|██▊       | 420/1524 [00:27<01:13, 15.03it/s]
Extracting patient feature banks:  28%|██▊       | 422/1524 [00:27<01:13, 15.02it/s]
Extracting patient feature banks:  28%|██▊       | 424/1524 [00:28<01:12, 15.07it/s]
Extracting patient feature banks:  28%|██▊       | 426/1524 [00:28<01:12, 15.06it/s]
Extracting patient feature banks:  28%|██▊       | 428/1524 [00:28<01:12, 15.06it/s]
Extracting patient feature banks:  28%|██▊       | 430/1524 [00:28<01:12, 15.17it/s]
Extracting patient feature banks:  28%|██▊       | 432/1524 [00:28<01:11, 15.20it/s]
Extracting patient feature banks:  28%|██▊       | 434/1524 [00:28<01:11, 15.19it/s]
Extracting patient feature banks:  29%|██▊       | 436/1524 [00:28<01:11, 15.19it/s]
Extracting patient feature banks:  29%|██▊       | 438/1524 [00:29<01:11, 15.21it/s]
Extracting patient feature banks:  29%|██▉       | 440/1524 [00:29<01:11, 15.21it/s]
Extracting patient feature banks:  29%|██▉       | 442/1524 [00:29<01:11, 15.19it/s]
Extracting patient feature banks:  29%|██▉       | 444/1524 [00:29<01:11, 15.18it/s]
Extracting patient feature banks:  29%|██▉       | 446/1524 [00:29<01:10, 15.22it/s]
Extracting patient feature banks:  29%|██▉       | 448/1524 [00:29<01:10, 15.22it/s]
Extracting patient feature banks:  30%|██▉       | 450/1524 [00:29<01:10, 15.16it/s]
Extracting patient feature banks:  30%|██▉       | 452/1524 [00:29<01:10, 15.12it/s]
Extracting patient feature banks:  30%|██▉       | 454/1524 [00:30<01:10, 15.11it/s]
Extracting patient feature banks:  30%|██▉       | 456/1524 [00:30<01:11, 15.03it/s]
Extracting patient feature banks:  30%|███       | 458/1524 [00:30<01:10, 15.08it/s]
Extracting patient feature banks:  30%|███       | 460/1524 [00:30<01:10, 15.11it/s]
Extracting patient feature banks:  30%|███       | 462/1524 [00:30<01:09, 15.18it/s]
Extracting patient feature banks:  30%|███       | 464/1524 [00:30<01:09, 15.16it/s]
Extracting patient feature banks:  31%|███       | 466/1524 [00:30<01:10, 15.02it/s]
Extracting patient feature banks:  31%|███       | 468/1524 [00:31<01:10, 15.03it/s]
Extracting patient feature banks:  31%|███       | 470/1524 [00:31<01:10, 15.03it/s]
Extracting patient feature banks:  31%|███       | 472/1524 [00:31<01:09, 15.10it/s]
Extracting patient feature banks:  31%|███       | 474/1524 [00:31<01:09, 15.09it/s]
Extracting patient feature banks:  31%|███       | 476/1524 [00:31<01:09, 14.98it/s]
Extracting patient feature banks:  31%|███▏      | 478/1524 [00:31<01:09, 15.03it/s]
Extracting patient feature banks:  31%|███▏      | 480/1524 [00:31<01:09, 14.98it/s]
Extracting patient feature banks:  32%|███▏      | 482/1524 [00:31<01:09, 15.04it/s]
Extracting patient feature banks:  32%|███▏      | 484/1524 [00:32<01:09, 15.04it/s]
Extracting patient feature banks:  32%|███▏      | 486/1524 [00:32<01:08, 15.10it/s]
Extracting patient feature banks:  32%|███▏      | 488/1524 [00:32<01:08, 15.09it/s]
Extracting patient feature banks:  32%|███▏      | 490/1524 [00:32<01:08, 15.08it/s]
Extracting patient feature banks:  32%|███▏      | 492/1524 [00:32<01:08, 15.07it/s]
Extracting patient feature banks:  32%|███▏      | 494/1524 [00:32<01:08, 15.04it/s]
Extracting patient feature banks:  33%|███▎      | 496/1524 [00:32<01:08, 15.08it/s]
Extracting patient feature banks:  33%|███▎      | 498/1524 [00:33<01:07, 15.10it/s]
Extracting patient feature banks:  33%|███▎      | 500/1524 [00:33<01:08, 15.01it/s]
Extracting patient feature banks:  33%|███▎      | 502/1524 [00:33<01:07, 15.11it/s]
Extracting patient feature banks:  33%|███▎      | 504/1524 [00:33<01:07, 15.12it/s]
Extracting patient feature banks:  33%|███▎      | 506/1524 [00:33<01:07, 15.11it/s]
Extracting patient feature banks:  33%|███▎      | 508/1524 [00:33<01:07, 15.07it/s]
Extracting patient feature banks:  33%|███▎      | 510/1524 [00:33<01:06, 15.13it/s]
Extracting patient feature banks:  34%|███▎      | 512/1524 [00:33<01:06, 15.12it/s]
Extracting patient feature banks:  34%|███▎      | 514/1524 [00:34<01:06, 15.21it/s]
Extracting patient feature banks:  34%|███▍      | 516/1524 [00:34<01:05, 15.30it/s]
Extracting patient feature banks:  34%|███▍      | 518/1524 [00:34<01:05, 15.25it/s]
Extracting patient feature banks:  34%|███▍      | 520/1524 [00:34<01:06, 15.18it/s]
Extracting patient feature banks:  34%|███▍      | 522/1524 [00:34<01:05, 15.20it/s]
Extracting patient feature banks:  34%|███▍      | 524/1524 [00:34<01:05, 15.24it/s]
Extracting patient feature banks:  35%|███▍      | 526/1524 [00:34<01:05, 15.16it/s]
Extracting patient feature banks:  35%|███▍      | 528/1524 [00:34<01:05, 15.17it/s]
Extracting patient feature banks:  35%|███▍      | 530/1524 [00:35<01:05, 15.16it/s]
Extracting patient feature banks:  35%|███▍      | 532/1524 [00:35<01:05, 15.15it/s]
Extracting patient feature banks:  35%|███▌      | 534/1524 [00:35<01:05, 15.16it/s]
Extracting patient feature banks:  35%|███▌      | 536/1524 [00:35<01:05, 15.13it/s]
Extracting patient feature banks:  35%|███▌      | 538/1524 [00:35<01:05, 15.05it/s]
Extracting patient feature banks:  35%|███▌      | 540/1524 [00:35<01:05, 15.01it/s]
Extracting patient feature banks:  36%|███▌      | 542/1524 [00:35<01:05, 15.02it/s]
Extracting patient feature banks:  36%|███▌      | 544/1524 [00:36<01:05, 15.03it/s]
Extracting patient feature banks:  36%|███▌      | 546/1524 [00:36<01:05, 15.03it/s]
Extracting patient feature banks:  36%|███▌      | 548/1524 [00:36<01:05, 15.00it/s]
Extracting patient feature banks:  36%|███▌      | 550/1524 [00:36<01:04, 15.10it/s]
Extracting patient feature banks:  36%|███▌      | 552/1524 [00:36<01:04, 15.12it/s]
Extracting patient feature banks:  36%|███▋      | 554/1524 [00:36<01:03, 15.16it/s]
Extracting patient feature banks:  36%|███▋      | 556/1524 [00:36<01:03, 15.18it/s]
Extracting patient feature banks:  37%|███▋      | 558/1524 [00:36<01:03, 15.17it/s]
Extracting patient feature banks:  37%|███▋      | 560/1524 [00:37<01:03, 15.12it/s]
Extracting patient feature banks:  37%|███▋      | 562/1524 [00:37<01:03, 15.03it/s]
Extracting patient feature banks:  37%|███▋      | 564/1524 [00:37<01:03, 15.13it/s]
Extracting patient feature banks:  37%|███▋      | 566/1524 [00:37<01:03, 15.17it/s]
Extracting patient feature banks:  37%|███▋      | 568/1524 [00:37<01:02, 15.18it/s]
Extracting patient feature banks:  37%|███▋      | 570/1524 [00:37<01:02, 15.16it/s]
Extracting patient feature banks:  38%|███▊      | 572/1524 [00:37<01:02, 15.14it/s]
Extracting patient feature banks:  38%|███▊      | 574/1524 [00:38<01:02, 15.13it/s]
Extracting patient feature banks:  38%|███▊      | 576/1524 [00:38<01:02, 15.15it/s]
Extracting patient feature banks:  38%|███▊      | 578/1524 [00:38<01:02, 15.18it/s]
Extracting patient feature banks:  38%|███▊      | 580/1524 [00:38<01:02, 15.12it/s]
Extracting patient feature banks:  38%|███▊      | 582/1524 [00:38<01:02, 15.15it/s]
Extracting patient feature banks:  38%|███▊      | 584/1524 [00:38<01:02, 15.10it/s]
Extracting patient feature banks:  38%|███▊      | 586/1524 [00:38<01:02, 15.12it/s]
Extracting patient feature banks:  39%|███▊      | 588/1524 [00:38<01:01, 15.20it/s]
Extracting patient feature banks:  39%|███▊      | 590/1524 [00:39<01:01, 15.11it/s]
Extracting patient feature banks:  39%|███▉      | 592/1524 [00:39<01:01, 15.16it/s]
Extracting patient feature banks:  39%|███▉      | 594/1524 [00:39<01:01, 15.11it/s]
Extracting patient feature banks:  39%|███▉      | 596/1524 [00:39<01:01, 15.11it/s]
Extracting patient feature banks:  39%|███▉      | 598/1524 [00:39<01:01, 15.13it/s]
Extracting patient feature banks:  39%|███▉      | 600/1524 [00:39<01:01, 15.13it/s]
Extracting patient feature banks:  40%|███▉      | 602/1524 [00:39<01:00, 15.13it/s]
Extracting patient feature banks:  40%|███▉      | 604/1524 [00:40<01:00, 15.12it/s]
Extracting patient feature banks:  40%|███▉      | 606/1524 [00:40<01:00, 15.17it/s]
Extracting patient feature banks:  40%|███▉      | 608/1524 [00:40<01:00, 15.12it/s]
Extracting patient feature banks:  40%|████      | 610/1524 [00:40<01:00, 15.09it/s]
Extracting patient feature banks:  40%|████      | 612/1524 [00:40<01:00, 15.09it/s]
Extracting patient feature banks:  40%|████      | 614/1524 [00:40<01:00, 15.05it/s]
Extracting patient feature banks:  40%|████      | 616/1524 [00:40<01:00, 15.03it/s]
Extracting patient feature banks:  41%|████      | 618/1524 [00:40<01:00, 15.01it/s]
Extracting patient feature banks:  41%|████      | 620/1524 [00:41<01:00, 15.01it/s]
Extracting patient feature banks:  41%|████      | 622/1524 [00:41<00:59, 15.06it/s]
Extracting patient feature banks:  41%|████      | 624/1524 [00:41<00:59, 15.09it/s]
Extracting patient feature banks:  41%|████      | 626/1524 [00:41<00:59, 15.04it/s]
Extracting patient feature banks:  41%|████      | 628/1524 [00:41<00:59, 15.04it/s]
Extracting patient feature banks:  41%|████▏     | 630/1524 [00:41<00:59, 15.13it/s]
Extracting patient feature banks:  41%|████▏     | 632/1524 [00:41<00:58, 15.13it/s]
Extracting patient feature banks:  42%|████▏     | 634/1524 [00:41<00:58, 15.18it/s]
Extracting patient feature banks:  42%|████▏     | 636/1524 [00:42<00:58, 15.15it/s]
Extracting patient feature banks:  42%|████▏     | 638/1524 [00:42<00:58, 15.17it/s]
Extracting patient feature banks:  42%|████▏     | 640/1524 [00:42<00:58, 15.16it/s]
Extracting patient feature banks:  42%|████▏     | 642/1524 [00:42<00:58, 15.11it/s]
Extracting patient feature banks:  42%|████▏     | 644/1524 [00:42<00:58, 15.16it/s]
Extracting patient feature banks:  42%|████▏     | 646/1524 [00:42<00:57, 15.16it/s]
Extracting patient feature banks:  43%|████▎     | 648/1524 [00:42<00:57, 15.13it/s]
Extracting patient feature banks:  43%|████▎     | 650/1524 [00:43<00:58, 15.00it/s]
Extracting patient feature banks:  43%|████▎     | 652/1524 [00:43<00:58, 15.03it/s]
Extracting patient feature banks:  43%|████▎     | 654/1524 [00:43<00:57, 15.09it/s]
Extracting patient feature banks:  43%|████▎     | 656/1524 [00:43<00:57, 15.06it/s]
Extracting patient feature banks:  43%|████▎     | 658/1524 [00:43<00:57, 15.08it/s]
Extracting patient feature banks:  43%|████▎     | 660/1524 [00:43<00:57, 15.11it/s]
Extracting patient feature banks:  43%|████▎     | 662/1524 [00:43<00:57, 15.10it/s]
Extracting patient feature banks:  44%|████▎     | 664/1524 [00:43<00:56, 15.09it/s]
Extracting patient feature banks:  44%|████▎     | 666/1524 [00:44<00:56, 15.07it/s]
Extracting patient feature banks:  44%|████▍     | 668/1524 [00:44<00:56, 15.07it/s]
Extracting patient feature banks:  44%|████▍     | 670/1524 [00:44<00:56, 15.06it/s]
Extracting patient feature banks:  44%|████▍     | 672/1524 [00:44<00:56, 15.12it/s]
Extracting patient feature banks:  44%|████▍     | 674/1524 [00:44<00:56, 15.09it/s]
Extracting patient feature banks:  44%|████▍     | 676/1524 [00:44<00:55, 15.22it/s]
Extracting patient feature banks:  44%|████▍     | 678/1524 [00:44<00:55, 15.30it/s]
Extracting patient feature banks:  45%|████▍     | 680/1524 [00:45<00:55, 15.25it/s]
Extracting patient feature banks:  45%|████▍     | 682/1524 [00:45<00:55, 15.21it/s]
Extracting patient feature banks:  45%|████▍     | 684/1524 [00:45<00:55, 15.00it/s]
Extracting patient feature banks:  45%|████▌     | 686/1524 [00:45<00:55, 15.05it/s]
Extracting patient feature banks:  45%|████▌     | 688/1524 [00:45<00:55, 15.01it/s]
Extracting patient feature banks:  45%|████▌     | 690/1524 [00:45<00:55, 15.01it/s]
Extracting patient feature banks:  45%|████▌     | 692/1524 [00:45<00:55, 15.01it/s]
Extracting patient feature banks:  46%|████▌     | 694/1524 [00:45<00:55, 15.06it/s]
Extracting patient feature banks:  46%|████▌     | 696/1524 [00:46<00:54, 15.09it/s]
Extracting patient feature banks:  46%|████▌     | 698/1524 [00:46<00:54, 15.14it/s]
Extracting patient feature banks:  46%|████▌     | 700/1524 [00:46<00:54, 15.22it/s]
Extracting patient feature banks:  46%|████▌     | 702/1524 [00:46<00:54, 15.14it/s]
Extracting patient feature banks:  46%|████▌     | 704/1524 [00:46<00:54, 15.15it/s]
Extracting patient feature banks:  46%|████▋     | 706/1524 [00:46<00:54, 15.14it/s]
Extracting patient feature banks:  46%|████▋     | 708/1524 [00:46<00:54, 15.08it/s]
Extracting patient feature banks:  47%|████▋     | 710/1524 [00:47<00:53, 15.14it/s]
Extracting patient feature banks:  47%|████▋     | 712/1524 [00:47<00:53, 15.18it/s]
Extracting patient feature banks:  47%|████▋     | 714/1524 [00:47<00:53, 15.15it/s]
Extracting patient feature banks:  47%|████▋     | 716/1524 [00:47<00:53, 15.13it/s]
Extracting patient feature banks:  47%|████▋     | 718/1524 [00:47<00:52, 15.27it/s]
Extracting patient feature banks:  47%|████▋     | 720/1524 [00:47<00:52, 15.22it/s]
Extracting patient feature banks:  47%|████▋     | 722/1524 [00:47<00:52, 15.16it/s]
Extracting patient feature banks:  48%|████▊     | 724/1524 [00:47<00:52, 15.14it/s]
Extracting patient feature banks:  48%|████▊     | 726/1524 [00:48<00:52, 15.08it/s]
Extracting patient feature banks:  48%|████▊     | 728/1524 [00:48<00:52, 15.10it/s]
Extracting patient feature banks:  48%|████▊     | 730/1524 [00:48<00:52, 15.11it/s]
Extracting patient feature banks:  48%|████▊     | 732/1524 [00:48<00:52, 15.10it/s]
Extracting patient feature banks:  48%|████▊     | 734/1524 [00:48<00:52, 15.13it/s]
Extracting patient feature banks:  48%|████▊     | 736/1524 [00:48<00:52, 15.05it/s]
Extracting patient feature banks:  48%|████▊     | 738/1524 [00:48<00:52, 15.06it/s]
Extracting patient feature banks:  49%|████▊     | 740/1524 [00:49<00:52, 15.04it/s]
Extracting patient feature banks:  49%|████▊     | 742/1524 [00:49<00:51, 15.10it/s]
Extracting patient feature banks:  49%|████▉     | 744/1524 [00:49<00:51, 15.17it/s]
Extracting patient feature banks:  49%|████▉     | 746/1524 [00:49<00:51, 15.16it/s]
Extracting patient feature banks:  49%|████▉     | 748/1524 [00:49<00:51, 15.15it/s]
Extracting patient feature banks:  49%|████▉     | 750/1524 [00:49<00:50, 15.24it/s]
Extracting patient feature banks:  49%|████▉     | 752/1524 [00:49<00:50, 15.28it/s]
Extracting patient feature banks:  49%|████▉     | 754/1524 [00:49<00:50, 15.18it/s]
Extracting patient feature banks:  50%|████▉     | 756/1524 [00:50<00:49, 15.54it/s]
Extracting patient feature banks:  50%|████▉     | 758/1524 [00:50<00:49, 15.39it/s]
Extracting patient feature banks:  50%|████▉     | 760/1524 [00:50<00:49, 15.31it/s]
Extracting patient feature banks:  50%|█████     | 762/1524 [00:50<00:50, 15.22it/s]
Extracting patient feature banks:  50%|█████     | 764/1524 [00:50<00:50, 15.19it/s]
Extracting patient feature banks:  50%|█████     | 766/1524 [00:50<00:49, 15.19it/s]
Extracting patient feature banks:  50%|█████     | 768/1524 [00:50<00:55, 13.59it/s]
Extracting patient feature banks:  51%|█████     | 770/1524 [00:51<00:53, 13.99it/s]
Extracting patient feature banks:  51%|█████     | 772/1524 [00:51<00:52, 14.38it/s]
Extracting patient feature banks:  51%|█████     | 774/1524 [00:51<00:51, 14.70it/s]
Extracting patient feature banks:  51%|█████     | 776/1524 [00:51<00:50, 14.87it/s]
Extracting patient feature banks:  51%|█████     | 778/1524 [00:51<00:50, 14.92it/s]
Extracting patient feature banks:  51%|█████     | 780/1524 [00:51<00:49, 14.93it/s]
Extracting patient feature banks:  51%|█████▏    | 782/1524 [00:51<00:49, 15.10it/s]
Extracting patient feature banks:  51%|█████▏    | 784/1524 [00:51<00:49, 15.03it/s]
Extracting patient feature banks:  52%|█████▏    | 786/1524 [00:52<00:49, 15.04it/s]
Extracting patient feature banks:  52%|█████▏    | 788/1524 [00:52<00:48, 15.05it/s]
Extracting patient feature banks:  52%|█████▏    | 790/1524 [00:52<00:48, 15.07it/s]
Extracting patient feature banks:  52%|█████▏    | 792/1524 [00:52<00:48, 15.13it/s]
Extracting patient feature banks:  52%|█████▏    | 794/1524 [00:52<00:48, 15.05it/s]
Extracting patient feature banks:  52%|█████▏    | 796/1524 [00:52<00:48, 15.02it/s]
Extracting patient feature banks:  52%|█████▏    | 798/1524 [00:52<00:48, 15.01it/s]
Extracting patient feature banks:  52%|█████▏    | 800/1524 [00:53<00:48, 15.05it/s]
Extracting patient feature banks:  53%|█████▎    | 802/1524 [00:53<00:47, 15.07it/s]
Extracting patient feature banks:  53%|█████▎    | 804/1524 [00:53<00:47, 15.07it/s]
Extracting patient feature banks:  53%|█████▎    | 806/1524 [00:53<00:47, 15.11it/s]
Extracting patient feature banks:  53%|█████▎    | 808/1524 [00:53<00:47, 15.16it/s]
Extracting patient feature banks:  53%|█████▎    | 810/1524 [00:53<00:47, 15.13it/s]
Extracting patient feature banks:  53%|█████▎    | 812/1524 [00:53<00:47, 15.10it/s]
Extracting patient feature banks:  53%|█████▎    | 814/1524 [00:53<00:46, 15.16it/s]
Extracting patient feature banks:  54%|█████▎    | 816/1524 [00:54<00:46, 15.14it/s]
Extracting patient feature banks:  54%|█████▎    | 818/1524 [00:54<00:46, 15.06it/s]
Extracting patient feature banks:  54%|█████▍    | 820/1524 [00:54<00:46, 15.20it/s]
Extracting patient feature banks:  54%|█████▍    | 822/1524 [00:54<00:46, 15.21it/s]
Extracting patient feature banks:  54%|█████▍    | 824/1524 [00:54<00:46, 15.20it/s]
Extracting patient feature banks:  54%|█████▍    | 826/1524 [00:54<00:45, 15.18it/s]
Extracting patient feature banks:  54%|█████▍    | 828/1524 [00:54<00:46, 15.08it/s]
Extracting patient feature banks:  54%|█████▍    | 830/1524 [00:54<00:46, 15.08it/s]
Extracting patient feature banks:  55%|█████▍    | 832/1524 [00:55<00:46, 14.86it/s]
Extracting patient feature banks:  55%|█████▍    | 834/1524 [00:55<00:46, 14.84it/s]
Extracting patient feature banks:  55%|█████▍    | 836/1524 [00:55<00:46, 14.88it/s]
Extracting patient feature banks:  55%|█████▍    | 838/1524 [00:55<00:46, 14.85it/s]
Extracting patient feature banks:  55%|█████▌    | 840/1524 [00:55<00:45, 14.92it/s]
Extracting patient feature banks:  55%|█████▌    | 842/1524 [00:55<00:45, 14.84it/s]
Extracting patient feature banks:  55%|█████▌    | 844/1524 [00:55<00:45, 14.96it/s]
Extracting patient feature banks:  56%|█████▌    | 846/1524 [00:56<00:45, 14.97it/s]
Extracting patient feature banks:  56%|█████▌    | 848/1524 [00:56<00:44, 15.06it/s]
Extracting patient feature banks:  56%|█████▌    | 850/1524 [00:56<00:44, 15.08it/s]
Extracting patient feature banks:  56%|█████▌    | 852/1524 [00:56<00:44, 15.07it/s]
Extracting patient feature banks:  56%|█████▌    | 854/1524 [00:56<00:44, 15.06it/s]
Extracting patient feature banks:  56%|█████▌    | 856/1524 [00:56<00:44, 15.02it/s]
Extracting patient feature banks:  56%|█████▋    | 858/1524 [00:56<00:44, 15.05it/s]
Extracting patient feature banks:  56%|█████▋    | 860/1524 [00:57<00:44, 15.06it/s]
Extracting patient feature banks:  57%|█████▋    | 862/1524 [00:57<00:43, 15.09it/s]
Extracting patient feature banks:  57%|█████▋    | 864/1524 [00:57<00:43, 15.07it/s]
Extracting patient feature banks:  57%|█████▋    | 866/1524 [00:57<00:43, 14.97it/s]
Extracting patient feature banks:  57%|█████▋    | 868/1524 [00:57<00:45, 14.42it/s]
Extracting patient feature banks:  57%|█████▋    | 870/1524 [00:57<00:44, 14.64it/s]
Extracting patient feature banks:  57%|█████▋    | 872/1524 [00:57<00:51, 12.58it/s]
Extracting patient feature banks:  57%|█████▋    | 874/1524 [00:58<00:49, 13.25it/s]
Extracting patient feature banks:  57%|█████▋    | 876/1524 [00:58<00:47, 13.69it/s]
Extracting patient feature banks:  58%|█████▊    | 878/1524 [00:58<00:45, 14.11it/s]
Extracting patient feature banks:  58%|█████▊    | 880/1524 [00:58<00:44, 14.34it/s]
Extracting patient feature banks:  58%|█████▊    | 882/1524 [00:58<00:44, 14.50it/s]
Extracting patient feature banks:  58%|█████▊    | 884/1524 [00:58<00:43, 14.72it/s]
Extracting patient feature banks:  58%|█████▊    | 886/1524 [00:58<00:43, 14.73it/s]
Extracting patient feature banks:  58%|█████▊    | 888/1524 [00:58<00:42, 14.89it/s]
Extracting patient feature banks:  58%|█████▊    | 890/1524 [00:59<00:42, 14.99it/s]
Extracting patient feature banks:  59%|█████▊    | 892/1524 [00:59<00:42, 15.03it/s]
Extracting patient feature banks:  59%|█████▊    | 894/1524 [00:59<00:42, 14.99it/s]
Extracting patient feature banks:  59%|█████▉    | 896/1524 [00:59<00:41, 15.08it/s]
Extracting patient feature banks:  59%|█████▉    | 898/1524 [00:59<00:41, 15.12it/s]
Extracting patient feature banks:  59%|█████▉    | 900/1524 [00:59<00:41, 15.13it/s]
Extracting patient feature banks:  59%|█████▉    | 902/1524 [00:59<00:41, 15.14it/s]
Extracting patient feature banks:  59%|█████▉    | 904/1524 [01:00<00:41, 15.08it/s]
Extracting patient feature banks:  59%|█████▉    | 906/1524 [01:00<00:40, 15.09it/s]
Extracting patient feature banks:  60%|█████▉    | 908/1524 [01:00<00:40, 15.11it/s]
Extracting patient feature banks:  60%|█████▉    | 910/1524 [01:00<00:40, 15.13it/s]
Extracting patient feature banks:  60%|█████▉    | 912/1524 [01:00<00:40, 15.10it/s]
Extracting patient feature banks:  60%|█████▉    | 914/1524 [01:00<00:40, 15.15it/s]
Extracting patient feature banks:  60%|██████    | 916/1524 [01:00<00:40, 15.17it/s]
Extracting patient feature banks:  60%|██████    | 918/1524 [01:00<00:40, 15.15it/s]
Extracting patient feature banks:  60%|██████    | 920/1524 [01:01<00:39, 15.10it/s]
Extracting patient feature banks:  60%|██████    | 922/1524 [01:01<00:39, 15.13it/s]
Extracting patient feature banks:  61%|██████    | 924/1524 [01:01<00:39, 15.09it/s]
Extracting patient feature banks:  61%|██████    | 926/1524 [01:01<00:39, 15.14it/s]
Extracting patient feature banks:  61%|██████    | 928/1524 [01:01<00:39, 15.09it/s]
Extracting patient feature banks:  61%|██████    | 930/1524 [01:01<00:39, 15.11it/s]
Extracting patient feature banks:  61%|██████    | 932/1524 [01:01<00:39, 15.11it/s]
Extracting patient feature banks:  61%|██████▏   | 934/1524 [01:02<00:39, 15.09it/s]
Extracting patient feature banks:  61%|██████▏   | 936/1524 [01:02<00:38, 15.14it/s]
Extracting patient feature banks:  62%|██████▏   | 938/1524 [01:02<00:38, 15.06it/s]
Extracting patient feature banks:  62%|██████▏   | 940/1524 [01:02<00:38, 15.07it/s]
Extracting patient feature banks:  62%|██████▏   | 942/1524 [01:02<00:38, 15.01it/s]
Extracting patient feature banks:  62%|██████▏   | 944/1524 [01:02<00:38, 15.02it/s]
Extracting patient feature banks:  62%|██████▏   | 946/1524 [01:02<00:38, 14.98it/s]
Extracting patient feature banks:  62%|██████▏   | 948/1524 [01:02<00:38, 14.97it/s]
Extracting patient feature banks:  62%|██████▏   | 950/1524 [01:03<00:38, 14.97it/s]
Extracting patient feature banks:  62%|██████▏   | 952/1524 [01:03<00:38, 14.99it/s]
Extracting patient feature banks:  63%|██████▎   | 954/1524 [01:03<00:37, 15.06it/s]
Extracting patient feature banks:  63%|██████▎   | 956/1524 [01:03<00:37, 15.05it/s]
Extracting patient feature banks:  63%|██████▎   | 958/1524 [01:03<00:37, 15.04it/s]
Extracting patient feature banks:  63%|██████▎   | 960/1524 [01:03<00:37, 15.04it/s]
Extracting patient feature banks:  63%|██████▎   | 962/1524 [01:03<00:37, 15.00it/s]
Extracting patient feature banks:  63%|██████▎   | 964/1524 [01:04<00:37, 15.07it/s]
Extracting patient feature banks:  63%|██████▎   | 966/1524 [01:04<00:37, 15.05it/s]
Extracting patient feature banks:  64%|██████▎   | 968/1524 [01:04<00:36, 15.07it/s]
Extracting patient feature banks:  64%|██████▎   | 970/1524 [01:04<00:36, 15.10it/s]
Extracting patient feature banks:  64%|██████▍   | 972/1524 [01:04<00:36, 15.04it/s]
Extracting patient feature banks:  64%|██████▍   | 974/1524 [01:04<00:36, 15.01it/s]
Extracting patient feature banks:  64%|██████▍   | 976/1524 [01:04<00:36, 14.98it/s]
Extracting patient feature banks:  64%|██████▍   | 978/1524 [01:04<00:36, 14.96it/s]
Extracting patient feature banks:  64%|██████▍   | 980/1524 [01:05<00:36, 14.90it/s]
Extracting patient feature banks:  64%|██████▍   | 982/1524 [01:05<00:36, 14.84it/s]
Extracting patient feature banks:  65%|██████▍   | 984/1524 [01:05<00:35, 15.02it/s]
Extracting patient feature banks:  65%|██████▍   | 986/1524 [01:05<00:35, 15.29it/s]
Extracting patient feature banks:  65%|██████▍   | 988/1524 [01:05<00:34, 15.34it/s]
Extracting patient feature banks:  65%|██████▍   | 990/1524 [01:05<00:34, 15.31it/s]
Extracting patient feature banks:  65%|██████▌   | 992/1524 [01:05<00:34, 15.36it/s]
Extracting patient feature banks:  65%|██████▌   | 994/1524 [01:05<00:34, 15.28it/s]
Extracting patient feature banks:  65%|██████▌   | 996/1524 [01:06<00:34, 15.28it/s]
Extracting patient feature banks:  65%|██████▌   | 998/1524 [01:06<00:34, 15.36it/s]
Extracting patient feature banks:  66%|██████▌   | 1000/1524 [01:06<00:34, 15.27it/s]
Extracting patient feature banks:  66%|██████▌   | 1002/1524 [01:06<00:34, 15.13it/s]
Extracting patient feature banks:  66%|██████▌   | 1004/1524 [01:06<00:34, 15.00it/s]
Extracting patient feature banks:  66%|██████▌   | 1006/1524 [01:06<00:34, 14.92it/s]
Extracting patient feature banks:  66%|██████▌   | 1008/1524 [01:06<00:34, 14.98it/s]
Extracting patient feature banks:  66%|██████▋   | 1010/1524 [01:07<00:33, 15.12it/s]
Extracting patient feature banks:  66%|██████▋   | 1012/1524 [01:07<00:33, 15.19it/s]
Extracting patient feature banks:  67%|██████▋   | 1014/1524 [01:07<00:33, 15.11it/s]
Extracting patient feature banks:  67%|██████▋   | 1016/1524 [01:07<00:33, 15.10it/s]
Extracting patient feature banks:  67%|██████▋   | 1018/1524 [01:07<00:33, 15.12it/s]
Extracting patient feature banks:  67%|██████▋   | 1020/1524 [01:07<00:33, 15.18it/s]
Extracting patient feature banks:  67%|██████▋   | 1022/1524 [01:07<00:33, 15.10it/s]
Extracting patient feature banks:  67%|██████▋   | 1024/1524 [01:07<00:33, 15.11it/s]
Extracting patient feature banks:  67%|██████▋   | 1026/1524 [01:08<00:32, 15.13it/s]
Extracting patient feature banks:  67%|██████▋   | 1028/1524 [01:08<00:32, 15.16it/s]
Extracting patient feature banks:  68%|██████▊   | 1030/1524 [01:08<00:32, 15.23it/s]
Extracting patient feature banks:  68%|██████▊   | 1032/1524 [01:08<00:32, 15.17it/s]
Extracting patient feature banks:  68%|██████▊   | 1034/1524 [01:08<00:32, 15.11it/s]
Extracting patient feature banks:  68%|██████▊   | 1036/1524 [01:08<00:32, 15.07it/s]
Extracting patient feature banks:  68%|██████▊   | 1038/1524 [01:08<00:32, 15.09it/s]
Extracting patient feature banks:  68%|██████▊   | 1040/1524 [01:09<00:32, 15.06it/s]
Extracting patient feature banks:  68%|██████▊   | 1042/1524 [01:09<00:31, 15.07it/s]
Extracting patient feature banks:  69%|██████▊   | 1044/1524 [01:09<00:31, 15.10it/s]
Extracting patient feature banks:  69%|██████▊   | 1046/1524 [01:09<00:31, 15.08it/s]
Extracting patient feature banks:  69%|██████▉   | 1048/1524 [01:09<00:31, 15.13it/s]
Extracting patient feature banks:  69%|██████▉   | 1050/1524 [01:09<00:31, 15.11it/s]
Extracting patient feature banks:  69%|██████▉   | 1052/1524 [01:09<00:31, 15.10it/s]
Extracting patient feature banks:  69%|██████▉   | 1054/1524 [01:09<00:31, 15.01it/s]
Extracting patient feature banks:  69%|██████▉   | 1056/1524 [01:10<00:31, 15.01it/s]
Extracting patient feature banks:  69%|██████▉   | 1058/1524 [01:10<00:31, 15.03it/s]
Extracting patient feature banks:  70%|██████▉   | 1060/1524 [01:10<00:30, 15.05it/s]
Extracting patient feature banks:  70%|██████▉   | 1062/1524 [01:10<00:30, 15.07it/s]
Extracting patient feature banks:  70%|██████▉   | 1064/1524 [01:10<00:30, 15.05it/s]
Extracting patient feature banks:  70%|██████▉   | 1066/1524 [01:10<00:30, 15.08it/s]
Extracting patient feature banks:  70%|███████   | 1068/1524 [01:10<00:30, 15.13it/s]
Extracting patient feature banks:  70%|███████   | 1070/1524 [01:11<00:29, 15.16it/s]
Extracting patient feature banks:  70%|███████   | 1072/1524 [01:11<00:29, 15.14it/s]
Extracting patient feature banks:  70%|███████   | 1074/1524 [01:11<00:30, 15.00it/s]
Extracting patient feature banks:  71%|███████   | 1076/1524 [01:11<00:34, 13.06it/s]
Extracting patient feature banks:  71%|███████   | 1078/1524 [01:11<00:33, 13.48it/s]
Extracting patient feature banks:  71%|███████   | 1080/1524 [01:11<00:32, 13.87it/s]
Extracting patient feature banks:  71%|███████   | 1082/1524 [01:11<00:31, 14.23it/s]
Extracting patient feature banks:  71%|███████   | 1084/1524 [01:12<00:30, 14.40it/s]
Extracting patient feature banks:  71%|███████▏  | 1086/1524 [01:12<00:30, 14.40it/s]
Extracting patient feature banks:  71%|███████▏  | 1088/1524 [01:12<00:29, 14.54it/s]
Extracting patient feature banks:  72%|███████▏  | 1090/1524 [01:12<00:29, 14.62it/s]
Extracting patient feature banks:  72%|███████▏  | 1092/1524 [01:12<00:29, 14.74it/s]
Extracting patient feature banks:  72%|███████▏  | 1094/1524 [01:12<00:29, 14.83it/s]
Extracting patient feature banks:  72%|███████▏  | 1096/1524 [01:12<00:28, 14.89it/s]
Extracting patient feature banks:  72%|███████▏  | 1098/1524 [01:12<00:28, 14.94it/s]
Extracting patient feature banks:  72%|███████▏  | 1100/1524 [01:13<00:28, 14.94it/s]
Extracting patient feature banks:  72%|███████▏  | 1102/1524 [01:13<00:28, 14.92it/s]
Extracting patient feature banks:  72%|███████▏  | 1104/1524 [01:13<00:28, 14.92it/s]
Extracting patient feature banks:  73%|███████▎  | 1106/1524 [01:13<00:27, 14.95it/s]
Extracting patient feature banks:  73%|███████▎  | 1108/1524 [01:13<00:27, 15.00it/s]
Extracting patient feature banks:  73%|███████▎  | 1110/1524 [01:13<00:27, 14.99it/s]
Extracting patient feature banks:  73%|███████▎  | 1112/1524 [01:13<00:27, 15.01it/s]
Extracting patient feature banks:  73%|███████▎  | 1114/1524 [01:14<00:27, 15.07it/s]
Extracting patient feature banks:  73%|███████▎  | 1116/1524 [01:14<00:27, 15.09it/s]
Extracting patient feature banks:  73%|███████▎  | 1118/1524 [01:14<00:26, 15.07it/s]
Extracting patient feature banks:  73%|███████▎  | 1120/1524 [01:14<00:26, 14.98it/s]
Extracting patient feature banks:  74%|███████▎  | 1122/1524 [01:14<00:26, 15.01it/s]
Extracting patient feature banks:  74%|███████▍  | 1124/1524 [01:14<00:26, 15.02it/s]
Extracting patient feature banks:  74%|███████▍  | 1126/1524 [01:14<00:26, 15.02it/s]
Extracting patient feature banks:  74%|███████▍  | 1128/1524 [01:14<00:26, 15.04it/s]
Extracting patient feature banks:  74%|███████▍  | 1130/1524 [01:15<00:26, 15.00it/s]
Extracting patient feature banks:  74%|███████▍  | 1132/1524 [01:15<00:26, 15.01it/s]
Extracting patient feature banks:  74%|███████▍  | 1134/1524 [01:15<00:25, 15.05it/s]
Extracting patient feature banks:  75%|███████▍  | 1136/1524 [01:15<00:25, 15.11it/s]
Extracting patient feature banks:  75%|███████▍  | 1138/1524 [01:15<00:25, 15.10it/s]
Extracting patient feature banks:  75%|███████▍  | 1140/1524 [01:15<00:25, 15.06it/s]
Extracting patient feature banks:  75%|███████▍  | 1142/1524 [01:15<00:25, 15.03it/s]
Extracting patient feature banks:  75%|███████▌  | 1144/1524 [01:16<00:25, 15.04it/s]
Extracting patient feature banks:  75%|███████▌  | 1146/1524 [01:16<00:25, 15.07it/s]
Extracting patient feature banks:  75%|███████▌  | 1148/1524 [01:16<00:25, 15.02it/s]
Extracting patient feature banks:  75%|███████▌  | 1150/1524 [01:16<00:24, 15.03it/s]
Extracting patient feature banks:  76%|███████▌  | 1152/1524 [01:16<00:24, 15.04it/s]
Extracting patient feature banks:  76%|███████▌  | 1154/1524 [01:16<00:24, 15.10it/s]
Extracting patient feature banks:  76%|███████▌  | 1156/1524 [01:16<00:24, 15.11it/s]
Extracting patient feature banks:  76%|███████▌  | 1158/1524 [01:16<00:24, 15.10it/s]
Extracting patient feature banks:  76%|███████▌  | 1160/1524 [01:17<00:24, 15.12it/s]
Extracting patient feature banks:  76%|███████▌  | 1162/1524 [01:17<00:24, 15.08it/s]
Extracting patient feature banks:  76%|███████▋  | 1164/1524 [01:17<00:23, 15.04it/s]
Extracting patient feature banks:  77%|███████▋  | 1166/1524 [01:17<00:23, 14.99it/s]
Extracting patient feature banks:  77%|███████▋  | 1168/1524 [01:17<00:23, 14.98it/s]
Extracting patient feature banks:  77%|███████▋  | 1170/1524 [01:17<00:23, 15.08it/s]
Extracting patient feature banks:  77%|███████▋  | 1172/1524 [01:17<00:23, 15.10it/s]
Extracting patient feature banks:  77%|███████▋  | 1174/1524 [01:18<00:23, 15.01it/s]
Extracting patient feature banks:  77%|███████▋  | 1176/1524 [01:18<00:23, 14.92it/s]
Extracting patient feature banks:  77%|███████▋  | 1178/1524 [01:18<00:23, 14.92it/s]
Extracting patient feature banks:  77%|███████▋  | 1180/1524 [01:18<00:23, 14.92it/s]
Extracting patient feature banks:  78%|███████▊  | 1182/1524 [01:18<00:22, 14.93it/s]
Extracting patient feature banks:  78%|███████▊  | 1184/1524 [01:18<00:22, 14.94it/s]
Extracting patient feature banks:  78%|███████▊  | 1186/1524 [01:18<00:22, 14.93it/s]
Extracting patient feature banks:  78%|███████▊  | 1188/1524 [01:18<00:22, 14.91it/s]
Extracting patient feature banks:  78%|███████▊  | 1190/1524 [01:19<00:22, 14.87it/s]
Extracting patient feature banks:  78%|███████▊  | 1192/1524 [01:19<00:21, 15.18it/s]
Extracting patient feature banks:  78%|███████▊  | 1194/1524 [01:19<00:21, 15.35it/s]
Extracting patient feature banks:  78%|███████▊  | 1196/1524 [01:19<00:21, 15.40it/s]
Extracting patient feature banks:  79%|███████▊  | 1198/1524 [01:19<00:21, 15.52it/s]
Extracting patient feature banks:  79%|███████▊  | 1200/1524 [01:19<00:20, 15.53it/s]
Extracting patient feature banks:  79%|███████▉  | 1202/1524 [01:19<00:20, 15.61it/s]
Extracting patient feature banks:  79%|███████▉  | 1204/1524 [01:19<00:20, 15.59it/s]
Extracting patient feature banks:  79%|███████▉  | 1206/1524 [01:20<00:20, 15.57it/s]
Extracting patient feature banks:  79%|███████▉  | 1208/1524 [01:20<00:20, 15.50it/s]
Extracting patient feature banks:  79%|███████▉  | 1210/1524 [01:20<00:20, 15.33it/s]
Extracting patient feature banks:  80%|███████▉  | 1212/1524 [01:20<00:20, 15.31it/s]
Extracting patient feature banks:  80%|███████▉  | 1214/1524 [01:20<00:20, 15.24it/s]
Extracting patient feature banks:  80%|███████▉  | 1216/1524 [01:20<00:20, 15.24it/s]
Extracting patient feature banks:  80%|███████▉  | 1218/1524 [01:20<00:20, 15.21it/s]
Extracting patient feature banks:  80%|████████  | 1220/1524 [01:21<00:20, 15.16it/s]
Extracting patient feature banks:  80%|████████  | 1222/1524 [01:21<00:20, 15.09it/s]
Extracting patient feature banks:  80%|████████  | 1224/1524 [01:21<00:19, 15.10it/s]
Extracting patient feature banks:  80%|████████  | 1226/1524 [01:21<00:19, 15.15it/s]
Extracting patient feature banks:  81%|████████  | 1228/1524 [01:21<00:19, 15.08it/s]
Extracting patient feature banks:  81%|████████  | 1230/1524 [01:21<00:19, 15.09it/s]
Extracting patient feature banks:  81%|████████  | 1232/1524 [01:21<00:19, 15.03it/s]
Extracting patient feature banks:  81%|████████  | 1234/1524 [01:21<00:19, 15.02it/s]
Extracting patient feature banks:  81%|████████  | 1236/1524 [01:22<00:19, 15.08it/s]
Extracting patient feature banks:  81%|████████  | 1238/1524 [01:22<00:18, 15.72it/s]
Extracting patient feature banks:  81%|████████▏ | 1240/1524 [01:22<00:18, 15.48it/s]
Extracting patient feature banks:  81%|████████▏ | 1242/1524 [01:22<00:18, 15.29it/s]
Extracting patient feature banks:  82%|████████▏ | 1244/1524 [01:22<00:18, 15.17it/s]
Extracting patient feature banks:  82%|████████▏ | 1246/1524 [01:22<00:18, 15.08it/s]
Extracting patient feature banks:  82%|████████▏ | 1248/1524 [01:22<00:18, 15.04it/s]
Extracting patient feature banks:  82%|████████▏ | 1250/1524 [01:23<00:18, 15.00it/s]
Extracting patient feature banks:  82%|████████▏ | 1252/1524 [01:23<00:18, 15.07it/s]
Extracting patient feature banks:  82%|████████▏ | 1254/1524 [01:23<00:17, 15.05it/s]
Extracting patient feature banks:  82%|████████▏ | 1256/1524 [01:23<00:17, 15.08it/s]
Extracting patient feature banks:  83%|████████▎ | 1258/1524 [01:23<00:17, 15.11it/s]
Extracting patient feature banks:  83%|████████▎ | 1260/1524 [01:23<00:17, 15.06it/s]
Extracting patient feature banks:  83%|████████▎ | 1262/1524 [01:23<00:17, 15.12it/s]
Extracting patient feature banks:  83%|████████▎ | 1264/1524 [01:23<00:17, 15.08it/s]
Extracting patient feature banks:  83%|████████▎ | 1266/1524 [01:24<00:17, 15.10it/s]
Extracting patient feature banks:  83%|████████▎ | 1268/1524 [01:24<00:16, 15.11it/s]
Extracting patient feature banks:  83%|████████▎ | 1270/1524 [01:24<00:17, 14.81it/s]
Extracting patient feature banks:  83%|████████▎ | 1272/1524 [01:24<00:16, 14.88it/s]
Extracting patient feature banks:  84%|████████▎ | 1274/1524 [01:24<00:16, 14.87it/s]
Extracting patient feature banks:  84%|████████▎ | 1276/1524 [01:24<00:16, 14.97it/s]
Extracting patient feature banks:  84%|████████▍ | 1278/1524 [01:24<00:16, 15.02it/s]
Extracting patient feature banks:  84%|████████▍ | 1280/1524 [01:25<00:16, 15.08it/s]
Extracting patient feature banks:  84%|████████▍ | 1282/1524 [01:25<00:16, 15.12it/s]
Extracting patient feature banks:  84%|████████▍ | 1284/1524 [01:25<00:15, 15.19it/s]
Extracting patient feature banks:  84%|████████▍ | 1286/1524 [01:25<00:15, 15.16it/s]
Extracting patient feature banks:  85%|████████▍ | 1288/1524 [01:25<00:15, 15.09it/s]
Extracting patient feature banks:  85%|████████▍ | 1290/1524 [01:25<00:15, 15.10it/s]
Extracting patient feature banks:  85%|████████▍ | 1292/1524 [01:25<00:15, 15.12it/s]
Extracting patient feature banks:  85%|████████▍ | 1294/1524 [01:25<00:15, 15.14it/s]
Extracting patient feature banks:  85%|████████▌ | 1296/1524 [01:26<00:15, 15.13it/s]
Extracting patient feature banks:  85%|████████▌ | 1298/1524 [01:26<00:15, 15.06it/s]
Extracting patient feature banks:  85%|████████▌ | 1300/1524 [01:26<00:14, 15.07it/s]
Extracting patient feature banks:  85%|████████▌ | 1302/1524 [01:26<00:14, 15.09it/s]
Extracting patient feature banks:  86%|████████▌ | 1304/1524 [01:26<00:14, 15.10it/s]
Extracting patient feature banks:  86%|████████▌ | 1306/1524 [01:26<00:14, 15.19it/s]
Extracting patient feature banks:  86%|████████▌ | 1308/1524 [01:26<00:14, 15.13it/s]
Extracting patient feature banks:  86%|████████▌ | 1310/1524 [01:26<00:14, 15.08it/s]
Extracting patient feature banks:  86%|████████▌ | 1312/1524 [01:27<00:14, 15.10it/s]
Extracting patient feature banks:  86%|████████▌ | 1314/1524 [01:27<00:13, 15.04it/s]
Extracting patient feature banks:  86%|████████▋ | 1316/1524 [01:27<00:13, 15.08it/s]
Extracting patient feature banks:  86%|████████▋ | 1318/1524 [01:27<00:13, 15.09it/s]
Extracting patient feature banks:  87%|████████▋ | 1320/1524 [01:27<00:13, 15.02it/s]
Extracting patient feature banks:  87%|████████▋ | 1322/1524 [01:27<00:13, 15.05it/s]
Extracting patient feature banks:  87%|████████▋ | 1324/1524 [01:27<00:13, 15.01it/s]
Extracting patient feature banks:  87%|████████▋ | 1326/1524 [01:28<00:13, 15.05it/s]
Extracting patient feature banks:  87%|████████▋ | 1328/1524 [01:28<00:13, 15.04it/s]
Extracting patient feature banks:  87%|████████▋ | 1330/1524 [01:28<00:12, 15.13it/s]
Extracting patient feature banks:  87%|████████▋ | 1332/1524 [01:28<00:12, 15.13it/s]
Extracting patient feature banks:  88%|████████▊ | 1334/1524 [01:28<00:12, 15.11it/s]
Extracting patient feature banks:  88%|████████▊ | 1336/1524 [01:28<00:12, 15.04it/s]
Extracting patient feature banks:  88%|████████▊ | 1338/1524 [01:28<00:11, 15.70it/s]
Extracting patient feature banks:  88%|████████▊ | 1340/1524 [01:28<00:11, 15.43it/s]
Extracting patient feature banks:  88%|████████▊ | 1342/1524 [01:29<00:11, 15.36it/s]
Extracting patient feature banks:  88%|████████▊ | 1344/1524 [01:29<00:11, 15.26it/s]
Extracting patient feature banks:  88%|████████▊ | 1346/1524 [01:29<00:11, 15.22it/s]
Extracting patient feature banks:  88%|████████▊ | 1348/1524 [01:29<00:11, 15.13it/s]
Extracting patient feature banks:  89%|████████▊ | 1350/1524 [01:29<00:11, 15.01it/s]
Extracting patient feature banks:  89%|████████▊ | 1352/1524 [01:29<00:11, 14.94it/s]
Extracting patient feature banks:  89%|████████▉ | 1354/1524 [01:29<00:11, 14.88it/s]
Extracting patient feature banks:  89%|████████▉ | 1356/1524 [01:30<00:11, 14.90it/s]
Extracting patient feature banks:  89%|████████▉ | 1358/1524 [01:30<00:11, 14.94it/s]
Extracting patient feature banks:  89%|████████▉ | 1360/1524 [01:30<00:10, 14.99it/s]
Extracting patient feature banks:  89%|████████▉ | 1362/1524 [01:30<00:10, 14.95it/s]
Extracting patient feature banks:  90%|████████▉ | 1364/1524 [01:30<00:10, 14.93it/s]
Extracting patient feature banks:  90%|████████▉ | 1366/1524 [01:30<00:10, 14.97it/s]
Extracting patient feature banks:  90%|████████▉ | 1368/1524 [01:30<00:10, 15.04it/s]
Extracting patient feature banks:  90%|████████▉ | 1370/1524 [01:30<00:10, 15.04it/s]
Extracting patient feature banks:  90%|█████████ | 1372/1524 [01:31<00:10, 15.08it/s]
Extracting patient feature banks:  90%|█████████ | 1374/1524 [01:31<00:09, 15.07it/s]
Extracting patient feature banks:  90%|█████████ | 1376/1524 [01:31<00:09, 15.10it/s]
Extracting patient feature banks:  90%|█████████ | 1378/1524 [01:31<00:09, 15.10it/s]
Extracting patient feature banks:  91%|█████████ | 1380/1524 [01:31<00:10, 14.40it/s]
Extracting patient feature banks:  91%|█████████ | 1382/1524 [01:31<00:09, 14.57it/s]
Extracting patient feature banks:  91%|█████████ | 1384/1524 [01:31<00:09, 14.71it/s]
Extracting patient feature banks:  91%|█████████ | 1386/1524 [01:32<00:09, 14.84it/s]
Extracting patient feature banks:  91%|█████████ | 1388/1524 [01:32<00:09, 14.88it/s]
Extracting patient feature banks:  91%|█████████ | 1390/1524 [01:32<00:08, 14.95it/s]
Extracting patient feature banks:  91%|█████████▏| 1392/1524 [01:32<00:08, 15.04it/s]
Extracting patient feature banks:  91%|█████████▏| 1394/1524 [01:32<00:08, 15.06it/s]
Extracting patient feature banks:  92%|█████████▏| 1396/1524 [01:32<00:08, 15.10it/s]
Extracting patient feature banks:  92%|█████████▏| 1398/1524 [01:32<00:08, 15.10it/s]
Extracting patient feature banks:  92%|█████████▏| 1400/1524 [01:32<00:08, 15.08it/s]
Extracting patient feature banks:  92%|█████████▏| 1402/1524 [01:33<00:08, 15.10it/s]
Extracting patient feature banks:  92%|█████████▏| 1404/1524 [01:33<00:07, 15.01it/s]
Extracting patient feature banks:  92%|█████████▏| 1406/1524 [01:33<00:07, 15.08it/s]
Extracting patient feature banks:  92%|█████████▏| 1408/1524 [01:33<00:07, 15.12it/s]
Extracting patient feature banks:  93%|█████████▎| 1410/1524 [01:33<00:07, 15.11it/s]
Extracting patient feature banks:  93%|█████████▎| 1412/1524 [01:33<00:07, 15.16it/s]
Extracting patient feature banks:  93%|█████████▎| 1414/1524 [01:33<00:07, 15.07it/s]
Extracting patient feature banks:  93%|█████████▎| 1416/1524 [01:34<00:07, 15.07it/s]
Extracting patient feature banks:  93%|█████████▎| 1418/1524 [01:34<00:06, 15.18it/s]
Extracting patient feature banks:  93%|█████████▎| 1420/1524 [01:34<00:06, 15.22it/s]
Extracting patient feature banks:  93%|█████████▎| 1422/1524 [01:34<00:06, 15.11it/s]
Extracting patient feature banks:  93%|█████████▎| 1424/1524 [01:34<00:06, 15.02it/s]
Extracting patient feature banks:  94%|█████████▎| 1426/1524 [01:34<00:06, 14.95it/s]
Extracting patient feature banks:  94%|█████████▎| 1428/1524 [01:34<00:06, 14.91it/s]
Extracting patient feature banks:  94%|█████████▍| 1430/1524 [01:34<00:06, 14.87it/s]
Extracting patient feature banks:  94%|█████████▍| 1432/1524 [01:35<00:06, 14.90it/s]
Extracting patient feature banks:  94%|█████████▍| 1434/1524 [01:35<00:06, 14.88it/s]
Extracting patient feature banks:  94%|█████████▍| 1436/1524 [01:35<00:05, 14.89it/s]
Extracting patient feature banks:  94%|█████████▍| 1438/1524 [01:35<00:05, 14.98it/s]
Extracting patient feature banks:  94%|█████████▍| 1440/1524 [01:35<00:05, 14.93it/s]
Extracting patient feature banks:  95%|█████████▍| 1442/1524 [01:35<00:05, 14.98it/s]
Extracting patient feature banks:  95%|█████████▍| 1444/1524 [01:35<00:05, 15.07it/s]
Extracting patient feature banks:  95%|█████████▍| 1446/1524 [01:36<00:05, 15.02it/s]
Extracting patient feature banks:  95%|█████████▌| 1448/1524 [01:36<00:05, 15.08it/s]
Extracting patient feature banks:  95%|█████████▌| 1450/1524 [01:36<00:04, 15.04it/s]
Extracting patient feature banks:  95%|█████████▌| 1452/1524 [01:36<00:04, 14.99it/s]
Extracting patient feature banks:  95%|█████████▌| 1454/1524 [01:36<00:04, 15.01it/s]
Extracting patient feature banks:  96%|█████████▌| 1456/1524 [01:36<00:04, 15.02it/s]
Extracting patient feature banks:  96%|█████████▌| 1458/1524 [01:36<00:04, 15.01it/s]
Extracting patient feature banks:  96%|█████████▌| 1460/1524 [01:36<00:04, 15.00it/s]
Extracting patient feature banks:  96%|█████████▌| 1462/1524 [01:37<00:04, 15.06it/s]
Extracting patient feature banks:  96%|█████████▌| 1464/1524 [01:37<00:03, 15.08it/s]
Extracting patient feature banks:  96%|█████████▌| 1466/1524 [01:37<00:03, 15.12it/s]
Extracting patient feature banks:  96%|█████████▋| 1468/1524 [01:37<00:03, 15.11it/s]
Extracting patient feature banks:  96%|█████████▋| 1470/1524 [01:37<00:03, 15.12it/s]
Extracting patient feature banks:  97%|█████████▋| 1472/1524 [01:37<00:03, 15.00it/s]
Extracting patient feature banks:  97%|█████████▋| 1474/1524 [01:37<00:03, 15.05it/s]
Extracting patient feature banks:  97%|█████████▋| 1476/1524 [01:38<00:03, 15.06it/s]
Extracting patient feature banks:  97%|█████████▋| 1478/1524 [01:38<00:03, 15.10it/s]
Extracting patient feature banks:  97%|█████████▋| 1480/1524 [01:38<00:02, 15.13it/s]
Extracting patient feature banks:  97%|█████████▋| 1482/1524 [01:38<00:02, 15.05it/s]
Extracting patient feature banks:  97%|█████████▋| 1484/1524 [01:38<00:02, 15.14it/s]
Extracting patient feature banks:  98%|█████████▊| 1486/1524 [01:38<00:02, 15.14it/s]
Extracting patient feature banks:  98%|█████████▊| 1488/1524 [01:38<00:02, 15.04it/s]
Extracting patient feature banks:  98%|█████████▊| 1490/1524 [01:38<00:02, 15.10it/s]
Extracting patient feature banks:  98%|█████████▊| 1492/1524 [01:39<00:02, 15.04it/s]
Extracting patient feature banks:  98%|█████████▊| 1494/1524 [01:39<00:01, 15.03it/s]
Extracting patient feature banks:  98%|█████████▊| 1496/1524 [01:39<00:01, 15.04it/s]
Extracting patient feature banks:  98%|█████████▊| 1498/1524 [01:39<00:01, 15.07it/s]
Extracting patient feature banks:  98%|█████████▊| 1500/1524 [01:39<00:01, 15.01it/s]
Extracting patient feature banks:  99%|█████████▊| 1502/1524 [01:39<00:01, 15.04it/s]
Extracting patient feature banks:  99%|█████████▊| 1504/1524 [01:39<00:01, 15.07it/s]
Extracting patient feature banks:  99%|█████████▉| 1506/1524 [01:40<00:01, 15.09it/s]
Extracting patient feature banks:  99%|█████████▉| 1508/1524 [01:40<00:01, 15.08it/s]
Extracting patient feature banks:  99%|█████████▉| 1510/1524 [01:40<00:00, 15.12it/s]
Extracting patient feature banks:  99%|█████████▉| 1512/1524 [01:40<00:00, 15.16it/s]
Extracting patient feature banks:  99%|█████████▉| 1514/1524 [01:40<00:00, 15.13it/s]
Extracting patient feature banks:  99%|█████████▉| 1516/1524 [01:40<00:00, 15.09it/s]
Extracting patient feature banks: 100%|█████████▉| 1518/1524 [01:40<00:00, 15.06it/s]
Extracting patient feature banks: 100%|█████████▉| 1520/1524 [01:40<00:00, 15.09it/s]
Extracting patient feature banks: 100%|█████████▉| 1522/1524 [01:41<00:00, 15.05it/s]
Extracting patient feature banks: 100%|██████████| 1524/1524 [01:41<00:00, 15.03it/s]
Extracting patient feature banks: 100%|██████████| 1524/1524 [01:41<00:00, 15.06it/s]
Saved 45,689 samples and 25 feature matrices to /home/asr/mahditaghsimi/maghale/FINAL/outputs/features/feature_cache.npz
{'train': 32971, 'validation': 5850, 'test': 6868}
