
--- 2026-09-11T12:53:52.659609+00:00 ---
I200C_C1_seed2718_fold1 epoch=1 loss=0.7197 MAE=14.050/8.519 score=0.7423
I200C_C1_seed2718_fold1 epoch=2 loss=0.6536 MAE=13.302/8.298 score=0.7123
I200C_C1_seed2718_fold1 epoch=3 loss=0.6347 MAE=13.194/8.310 score=0.7097
I200C_C1_seed2718_fold1 epoch=4 loss=0.6183 MAE=13.206/8.206 score=0.7058
I200C_C1_seed2718_fold1 epoch=5 loss=0.6032 MAE=13.151/8.166 score=0.7027
I200C_C2_seed2718_fold1 epoch=1 loss=0.7048 MAE=13.226/8.352 score=0.7123
I200C_C2_seed2718_fold1 epoch=2 loss=0.6462 MAE=13.307/8.220 score=0.7092
I200C_C2_seed2718_fold1 epoch=3 loss=0.6245 MAE=13.248/8.214 score=0.7073
I200C_C3_seed2718_fold1 epoch=1 loss=0.7099 MAE=13.182/8.618 score=0.7219
I200C_C3_seed2718_fold1 epoch=2 loss=0.6501 MAE=13.563/8.300 score=0.7197
I200C_C3_seed2718_fold1 epoch=3 loss=0.6347 MAE=13.211/8.333 score=0.7111
I200C_C4_seed2718_fold1 epoch=1 loss=0.6520 MAE=13.745/8.406 score=0.7291
I200C_C4_seed2718_fold1 epoch=2 loss=0.6038 MAE=13.247/8.253 score=0.7089
I200C_C4_seed2718_fold1 epoch=3 loss=0.5782 MAE=13.528/8.525 score=0.7279
I200C_C4_seed2718_fold1 epoch=4 loss=0.5605 MAE=13.406/8.354 score=0.7175
I200C_C5_seed2718_fold1 epoch=1 loss=0.6997 MAE=13.301/8.610 score=0.7249
I200C_C5_seed2718_fold1 epoch=2 loss=0.6481 MAE=13.287/8.572 score=0.7230
I200C_C5_seed2718_fold1 epoch=3 loss=0.6241 MAE=13.360/8.337 score=0.7155
I200C_C1_seed2718_fold2 epoch=1 loss=0.7174 MAE=13.262/8.888 score=0.7310
I200C_C1_seed2718_fold2 epoch=2 loss=0.6447 MAE=13.204/8.573 score=0.7166
I200C_C1_seed2718_fold2 epoch=3 loss=0.6304 MAE=13.025/8.771 score=0.7196
I200C_C1_seed2718_fold2 epoch=4 loss=0.6122 MAE=12.780/8.446 score=0.6996
I200C_C1_seed2718_fold2 epoch=5 loss=0.5994 MAE=12.782/8.594 score=0.7057
I200C_C2_seed2718_fold2 epoch=1 loss=0.6958 MAE=13.019/8.635 score=0.7140
I200C_C2_seed2718_fold2 epoch=2 loss=0.6422 MAE=12.930/8.785 score=0.7176
I200C_C2_seed2718_fold2 epoch=3 loss=0.6166 MAE=12.943/8.516 score=0.7070
I200C_C3_seed2718_fold2 epoch=1 loss=0.6979 MAE=13.003/8.622 score=0.7130
I200C_C3_seed2718_fold2 epoch=2 loss=0.6457 MAE=12.903/8.548 score=0.7072
I200C_C3_seed2718_fold2 epoch=3 loss=0.6323 MAE=12.921/8.669 score=0.7126
I200C_C4_seed2718_fold2 epoch=1 loss=0.6420 MAE=13.834/9.219 score=0.7604
I200C_C4_seed2718_fold2 epoch=2 loss=0.5946 MAE=13.242/8.755 score=0.7251
I200C_C4_seed2718_fold2 epoch=3 loss=0.5732 MAE=13.263/8.525 score=0.7163
I200C_C4_seed2718_fold2 epoch=4 loss=0.5522 MAE=13.397/8.613 score=0.7236
I200C_C5_seed2718_fold2 epoch=1 loss=0.6886 MAE=13.416/8.995 score=0.7397
I200C_C5_seed2718_fold2 epoch=2 loss=0.6379 MAE=12.931/8.594 score=0.7098
I200C_C5_seed2718_fold2 epoch=3 loss=0.6229 MAE=12.993/8.597 score=0.7117
I200C_C1_seed2718_fold3 epoch=1 loss=0.7153 MAE=13.315/8.764 score=0.7354
I200C_C1_seed2718_fold3 epoch=2 loss=0.6529 MAE=13.399/8.747 score=0.7370
I200C_C1_seed2718_fold3 epoch=3 loss=0.6293 MAE=13.250/8.637 score=0.7283
I200C_C1_seed2718_fold3 epoch=4 loss=0.6115 MAE=13.133/8.666 score=0.7262
I200C_C1_seed2718_fold3 epoch=5 loss=0.5965 MAE=13.256/8.651 score=0.7291
I200C_C2_seed2718_fold3 epoch=1 loss=0.6940 MAE=13.361/8.969 score=0.7451
I200C_C2_seed2718_fold3 epoch=2 loss=0.6446 MAE=13.276/8.869 score=0.7386
I200C_C2_seed2718_fold3 epoch=3 loss=0.6213 MAE=13.199/8.668 score=0.7281
I200C_C3_seed2718_fold3 epoch=1 loss=0.7002 MAE=13.373/8.774 score=0.7374
I200C_C3_seed2718_fold3 epoch=2 loss=0.6517 MAE=13.530/8.833 score=0.7443
I200C_C3_seed2718_fold3 epoch=3 loss=0.6338 MAE=13.564/8.857 score=0.7462
I200C_C4_seed2718_fold3 epoch=1 loss=0.6472 MAE=13.266/8.658 score=0.7296
I200C_C4_seed2718_fold3 epoch=2 loss=0.6012 MAE=13.263/8.759 score=0.7337
I200C_C4_seed2718_fold3 epoch=3 loss=0.5783 MAE=13.513/8.723 score=0.7393
I200C_C4_seed2718_fold3 epoch=4 loss=0.5564 MAE=13.367/9.032 score=0.7479
I200C_C5_seed2718_fold3 epoch=1 loss=0.6986 MAE=13.292/8.907 score=0.7406
I200C_C5_seed2718_fold3 epoch=2 loss=0.6462 MAE=13.287/8.800 score=0.7361
I200C_C5_seed2718_fold3 epoch=3 loss=0.6244 MAE=13.369/8.738 score=0.7359
I200C_C1_seed2718_fold4 epoch=1 loss=0.7144 MAE=13.350/8.159 score=0.7075
I200C_C1_seed2718_fold4 epoch=2 loss=0.6539 MAE=13.540/8.011 score=0.7068
I200C_C1_seed2718_fold4 epoch=3 loss=0.6367 MAE=13.188/8.149 score=0.7026
I200C_C1_seed2718_fold4 epoch=4 loss=0.6183 MAE=13.202/7.927 score=0.6939
I200C_C1_seed2718_fold4 epoch=5 loss=0.6027 MAE=13.335/7.919 score=0.6973
I200C_C2_seed2718_fold4 epoch=1 loss=0.6997 MAE=13.241/8.076 score=0.7010
I200C_C2_seed2718_fold4 epoch=2 loss=0.6470 MAE=13.229/8.127 score=0.7028
I200C_C2_seed2718_fold4 epoch=3 loss=0.6251 MAE=13.264/8.067 score=0.7013
I200C_C3_seed2718_fold4 epoch=1 loss=0.7006 MAE=13.288/8.127 score=0.7045
I200C_C3_seed2718_fold4 epoch=2 loss=0.6537 MAE=13.346/8.071 score=0.7038
I200C_C3_seed2718_fold4 epoch=3 loss=0.6398 MAE=13.177/8.157 score=0.7026
I200C_C4_seed2718_fold4 epoch=1 loss=0.6570 MAE=13.606/8.108 score=0.7126
I200C_C4_seed2718_fold4 epoch=2 loss=0.6060 MAE=13.387/8.324 score=0.7153
I200C_C4_seed2718_fold4 epoch=3 loss=0.5795 MAE=13.376/8.299 score=0.7139
I200C_C4_seed2718_fold4 epoch=4 loss=0.5594 MAE=13.736/8.474 score=0.7312
I200C_C5_seed2718_fold4 epoch=1 loss=0.6981 MAE=13.355/8.275 score=0.7124
I200C_C5_seed2718_fold4 epoch=2 loss=0.6490 MAE=13.276/8.117 score=0.7037
I200C_C5_seed2718_fold4 epoch=3 loss=0.6298 MAE=13.262/8.307 score=0.7111
I200C_C1_seed2718_fold5 epoch=1 loss=0.7230 MAE=12.976/8.114 score=0.6924
I200C_C1_seed2718_fold5 epoch=2 loss=0.6599 MAE=13.477/8.133 score=0.7072
I200C_C1_seed2718_fold5 epoch=3 loss=0.6391 MAE=13.671/8.543 score=0.7293
I200C_C1_seed2718_fold5 epoch=4 loss=0.6257 MAE=12.776/7.966 score=0.6808
I200C_C1_seed2718_fold5 epoch=5 loss=0.6113 MAE=12.680/8.252 score=0.6897
I200C_C2_seed2718_fold5 epoch=1 loss=0.6967 MAE=12.829/7.995 score=0.6835
I200C_C2_seed2718_fold5 epoch=2 loss=0.6509 MAE=12.911/7.979 score=0.6851
I200C_C2_seed2718_fold5 epoch=3 loss=0.6278 MAE=12.820/7.924 score=0.6803
I200C_C3_seed2718_fold5 epoch=1 loss=0.7045 MAE=12.902/8.085 score=0.6891
I200C_C3_seed2718_fold5 epoch=2 loss=0.6578 MAE=13.412/8.238 score=0.7096
I200C_C3_seed2718_fold5 epoch=3 loss=0.6434 MAE=13.498/8.362 score=0.7171
I200C_C4_seed2718_fold5 epoch=1 loss=0.6592 MAE=13.075/7.974 score=0.6895
I200C_C4_seed2718_fold5 epoch=2 loss=0.6094 MAE=13.242/7.948 score=0.6931
I200C_C4_seed2718_fold5 epoch=3 loss=0.5884 MAE=13.599/8.502 score=0.7256
I200C_C4_seed2718_fold5 epoch=4 loss=0.5662 MAE=12.655/7.993 score=0.6785
I200C_C5_seed2718_fold5 epoch=1 loss=0.7059 MAE=12.960/8.120 score=0.6922
I200C_C5_seed2718_fold5 epoch=2 loss=0.6514 MAE=12.853/7.919 score=0.6810
I200C_C5_seed2718_fold5 epoch=3 loss=0.6299 MAE=13.167/8.309 score=0.7057
I200C_C1_seed57721_fold1 epoch=1 loss=0.7144 MAE=13.605/9.106 score=0.7552
I200C_C1_seed57721_fold1 epoch=2 loss=0.6502 MAE=13.455/8.768 score=0.7372
I200C_C1_seed57721_fold1 epoch=3 loss=0.6335 MAE=13.131/8.959 score=0.7358
I200C_C1_seed57721_fold1 epoch=4 loss=0.6163 MAE=13.182/8.634 score=0.7240
I200C_C1_seed57721_fold1 epoch=5 loss=0.6001 MAE=13.073/8.584 score=0.7189
I200C_C2_seed57721_fold1 epoch=1 loss=0.6882 MAE=13.299/9.079 score=0.7455
I200C_C2_seed57721_fold1 epoch=2 loss=0.6415 MAE=13.236/8.721 score=0.7291
I200C_C2_seed57721_fold1 epoch=3 loss=0.6200 MAE=13.192/8.669 score=0.7257
I200C_C3_seed57721_fold1 epoch=1 loss=0.7018 MAE=13.517/9.088 score=0.7520
I200C_C3_seed57721_fold1 epoch=2 loss=0.6490 MAE=13.185/8.764 score=0.7294
I200C_C3_seed57721_fold1 epoch=3 loss=0.6349 MAE=13.240/8.958 score=0.7389
I200C_C4_seed57721_fold1 epoch=1 loss=0.6449 MAE=13.435/9.199 score=0.7542
I200C_C4_seed57721_fold1 epoch=2 loss=0.6006 MAE=13.373/8.966 score=0.7430
I200C_C4_seed57721_fold1 epoch=3 loss=0.5770 MAE=13.383/9.162 score=0.7513
I200C_C4_seed57721_fold1 epoch=4 loss=0.5596 MAE=13.627/8.834 score=0.7447
I200C_C5_seed57721_fold1 epoch=1 loss=0.6867 MAE=13.540/9.228 score=0.7584
I200C_C5_seed57721_fold1 epoch=2 loss=0.6401 MAE=13.206/8.818 score=0.7322
I200C_C5_seed57721_fold1 epoch=3 loss=0.6225 MAE=13.297/8.972 score=0.7411
I200C_C1_seed57721_fold2 epoch=1 loss=0.7172 MAE=13.124/8.340 score=0.7086
I200C_C1_seed57721_fold2 epoch=2 loss=0.6551 MAE=13.547/8.575 score=0.7301
I200C_C1_seed57721_fold2 epoch=3 loss=0.6376 MAE=12.794/8.247 score=0.6956
I200C_C1_seed57721_fold2 epoch=4 loss=0.6196 MAE=13.057/8.144 score=0.6987
I200C_C1_seed57721_fold2 epoch=5 loss=0.5999 MAE=12.964/8.235 score=0.6999
I200C_C2_seed57721_fold2 epoch=1 loss=0.7027 MAE=13.050/8.501 score=0.7132
I200C_C2_seed57721_fold2 epoch=2 loss=0.6523 MAE=12.971/8.313 score=0.7033
I200C_C2_seed57721_fold2 epoch=3 loss=0.6267 MAE=12.896/8.278 score=0.6997
I200C_C3_seed57721_fold2 epoch=1 loss=0.7123 MAE=13.032/8.459 score=0.7109
I200C_C3_seed57721_fold2 epoch=2 loss=0.6570 MAE=13.227/8.385 score=0.7134
I200C_C3_seed57721_fold2 epoch=3 loss=0.6403 MAE=12.936/8.330 score=0.7030
I200C_C4_seed57721_fold2 epoch=1 loss=0.6579 MAE=13.005/8.574 score=0.7149
I200C_C4_seed57721_fold2 epoch=2 loss=0.6057 MAE=13.172/8.513 score=0.7171
I200C_C4_seed57721_fold2 epoch=3 loss=0.5851 MAE=13.414/8.405 score=0.7194
I200C_C4_seed57721_fold2 epoch=4 loss=0.5646 MAE=13.183/8.271 score=0.7075
I200C_C5_seed57721_fold2 epoch=1 loss=0.7034 MAE=13.056/8.469 score=0.7120
I200C_C5_seed57721_fold2 epoch=2 loss=0.6458 MAE=13.302/8.784 score=0.7318
I200C_C5_seed57721_fold2 epoch=3 loss=0.6289 MAE=12.883/8.319 score=0.7011
I200C_C1_seed57721_fold3 epoch=1 loss=0.7195 MAE=13.444/9.126 score=0.7485
I200C_C1_seed57721_fold3 epoch=2 loss=0.6481 MAE=13.306/8.975 score=0.7385
I200C_C1_seed57721_fold3 epoch=3 loss=0.6306 MAE=13.133/8.488 score=0.7137
I200C_C1_seed57721_fold3 epoch=4 loss=0.6146 MAE=13.014/8.370 score=0.7056
I200C_C1_seed57721_fold3 epoch=5 loss=0.5973 MAE=12.927/8.291 score=0.6999
I200C_C2_seed57721_fold3 epoch=1 loss=0.6940 MAE=13.160/8.685 score=0.7225
I200C_C2_seed57721_fold3 epoch=2 loss=0.6446 MAE=13.932/8.971 score=0.7558
I200C_C2_seed57721_fold3 epoch=3 loss=0.6228 MAE=12.980/8.420 score=0.7067
I200C_C3_seed57721_fold3 epoch=1 loss=0.7056 MAE=13.190/8.653 score=0.7221
I200C_C3_seed57721_fold3 epoch=2 loss=0.6454 MAE=13.732/8.807 score=0.7435
I200C_C3_seed57721_fold3 epoch=3 loss=0.6357 MAE=12.936/8.492 score=0.7084
I200C_C4_seed57721_fold3 epoch=1 loss=0.6494 MAE=13.416/8.658 score=0.7286
I200C_C4_seed57721_fold3 epoch=2 loss=0.5982 MAE=13.607/8.971 score=0.7467
I200C_C4_seed57721_fold3 epoch=3 loss=0.5773 MAE=13.176/8.595 score=0.7193
I200C_C4_seed57721_fold3 epoch=4 loss=0.5533 MAE=13.560/8.651 score=0.7323
I200C_C5_seed57721_fold3 epoch=1 loss=0.6930 MAE=13.212/8.712 score=0.7251
I200C_C5_seed57721_fold3 epoch=2 loss=0.6431 MAE=13.488/8.775 score=0.7354
I200C_C5_seed57721_fold3 epoch=3 loss=0.6224 MAE=13.113/8.480 score=0.7128
I200C_C1_seed57721_fold4 epoch=1 loss=0.7055 MAE=13.148/8.102 score=0.6948
I200C_C1_seed57721_fold4 epoch=2 loss=0.6547 MAE=12.842/8.025 score=0.6831
I200C_C1_seed57721_fold4 epoch=3 loss=0.6324 MAE=12.992/8.216 score=0.6950
I200C_C1_seed57721_fold4 epoch=4 loss=0.6214 MAE=13.056/8.006 score=0.6883
I200C_C1_seed57721_fold4 epoch=5 loss=0.6029 MAE=12.830/7.933 score=0.6790
I200C_C2_seed57721_fold4 epoch=1 loss=0.7001 MAE=13.011/8.009 score=0.6872
I200C_C2_seed57721_fold4 epoch=2 loss=0.6477 MAE=12.832/8.040 score=0.6834
I200C_C2_seed57721_fold4 epoch=3 loss=0.6267 MAE=12.747/7.911 score=0.6759
I200C_C3_seed57721_fold4 epoch=1 loss=0.7065 MAE=13.132/8.038 score=0.6917
I200C_C3_seed57721_fold4 epoch=2 loss=0.6564 MAE=12.678/8.143 score=0.6833
I200C_C3_seed57721_fold4 epoch=3 loss=0.6409 MAE=12.686/7.920 score=0.6745
I200C_C4_seed57721_fold4 epoch=1 loss=0.6586 MAE=13.389/8.010 score=0.6978
I200C_C4_seed57721_fold4 epoch=2 loss=0.6117 MAE=12.742/8.233 score=0.6887
I200C_C4_seed57721_fold4 epoch=3 loss=0.5812 MAE=12.855/8.058 score=0.6848
I200C_C4_seed57721_fold4 epoch=4 loss=0.5625 MAE=13.607/8.248 score=0.7135
I200C_C5_seed57721_fold4 epoch=1 loss=0.7011 MAE=13.049/8.003 score=0.6880
I200C_C5_seed57721_fold4 epoch=2 loss=0.6516 MAE=12.724/8.195 score=0.6867
I200C_C5_seed57721_fold4 epoch=3 loss=0.6278 MAE=12.870/8.155 score=0.6891
I200C_C1_seed57721_fold5 epoch=1 loss=0.7245 MAE=13.979/9.019 score=0.7624
I200C_C1_seed57721_fold5 epoch=2 loss=0.6553 MAE=13.267/8.169 score=0.7076
I200C_C1_seed57721_fold5 epoch=3 loss=0.6335 MAE=13.240/8.167 score=0.7068
I200C_C1_seed57721_fold5 epoch=4 loss=0.6184 MAE=13.248/8.245 score=0.7101
I200C_C1_seed57721_fold5 epoch=5 loss=0.6014 MAE=13.399/8.224 score=0.7136
I200C_C2_seed57721_fold5 epoch=1 loss=0.7030 MAE=13.345/8.180 score=0.7102
I200C_C2_seed57721_fold5 epoch=2 loss=0.6489 MAE=13.264/8.084 score=0.7040
I200C_C2_seed57721_fold5 epoch=3 loss=0.6279 MAE=13.291/8.153 score=0.7076
I200C_C3_seed57721_fold5 epoch=1 loss=0.7029 MAE=13.625/8.499 score=0.7311
I200C_C3_seed57721_fold5 epoch=2 loss=0.6555 MAE=13.395/8.145 score=0.7102
I200C_C3_seed57721_fold5 epoch=3 loss=0.6395 MAE=13.210/8.297 score=0.7112
I200C_C4_seed57721_fold5 epoch=1 loss=0.6622 MAE=13.585/8.416 score=0.7266
I200C_C4_seed57721_fold5 epoch=2 loss=0.6118 MAE=13.455/8.142 score=0.7118
I200C_C4_seed57721_fold5 epoch=3 loss=0.5879 MAE=13.292/8.137 score=0.7070
I200C_C4_seed57721_fold5 epoch=4 loss=0.5687 MAE=13.500/8.188 score=0.7149
I200C_C5_seed57721_fold5 epoch=1 loss=0.6981 MAE=13.432/8.684 score=0.7333
I200C_C5_seed57721_fold5 epoch=2 loss=0.6453 MAE=13.343/8.054 score=0.7050
I200C_C5_seed57721_fold5 epoch=3 loss=0.6255 MAE=13.160/8.227 score=0.7069
I200C_C1_seed104729_fold1 epoch=1 loss=0.7073 MAE=13.108/8.541 score=0.7157
I200C_C1_seed104729_fold1 epoch=2 loss=0.6503 MAE=12.974/8.514 score=0.7108
I200C_C1_seed104729_fold1 epoch=3 loss=0.6314 MAE=12.870/8.453 score=0.7054
I200C_C1_seed104729_fold1 epoch=4 loss=0.6129 MAE=13.016/8.514 score=0.7120
I200C_C1_seed104729_fold1 epoch=5 loss=0.5982 MAE=12.980/8.585 score=0.7139
I200C_C2_seed104729_fold1 epoch=1 loss=0.7046 MAE=12.978/8.507 score=0.7107
I200C_C2_seed104729_fold1 epoch=2 loss=0.6453 MAE=12.927/8.528 score=0.7101
I200C_C2_seed104729_fold1 epoch=3 loss=0.6196 MAE=13.000/8.492 score=0.7107
I200C_C3_seed104729_fold1 epoch=1 loss=0.7010 MAE=12.938/8.451 score=0.7073
I200C_C3_seed104729_fold1 epoch=2 loss=0.6505 MAE=12.970/8.508 score=0.7105
I200C_C3_seed104729_fold1 epoch=3 loss=0.6357 MAE=12.994/8.564 score=0.7135
I200C_C4_seed104729_fold1 epoch=1 loss=0.6513 MAE=13.306/8.715 score=0.7284
I200C_C4_seed104729_fold1 epoch=2 loss=0.6019 MAE=13.251/8.532 score=0.7193
I200C_C4_seed104729_fold1 epoch=3 loss=0.5808 MAE=13.126/8.617 score=0.7193
I200C_C4_seed104729_fold1 epoch=4 loss=0.5577 MAE=13.000/8.673 score=0.7181
I200C_C5_seed104729_fold1 epoch=1 loss=0.6974 MAE=13.093/8.627 score=0.7188
I200C_C5_seed104729_fold1 epoch=2 loss=0.6471 MAE=12.998/8.598 score=0.7150
I200C_C5_seed104729_fold1 epoch=3 loss=0.6251 MAE=12.999/8.477 score=0.7101
I200C_C1_seed104729_fold2 epoch=1 loss=0.7087 MAE=13.207/8.410 score=0.7145
I200C_C1_seed104729_fold2 epoch=2 loss=0.6516 MAE=14.126/9.595 score=0.7887
I200C_C1_seed104729_fold2 epoch=3 loss=0.6313 MAE=12.991/8.164 score=0.6983
I200C_C1_seed104729_fold2 epoch=4 loss=0.6143 MAE=13.387/8.773 score=0.7344
I200C_C1_seed104729_fold2 epoch=5 loss=0.6038 MAE=12.959/8.281 score=0.7022
I200C_C2_seed104729_fold2 epoch=1 loss=0.6969 MAE=13.334/8.395 score=0.7174
I200C_C2_seed104729_fold2 epoch=2 loss=0.6469 MAE=13.375/8.383 score=0.7181
I200C_C2_seed104729_fold2 epoch=3 loss=0.6242 MAE=12.996/8.201 score=0.7000
I200C_C3_seed104729_fold2 epoch=1 loss=0.7053 MAE=13.158/8.429 score=0.7139
I200C_C3_seed104729_fold2 epoch=2 loss=0.6541 MAE=13.561/8.702 score=0.7364
I200C_C3_seed104729_fold2 epoch=3 loss=0.6382 MAE=13.030/8.195 score=0.7007
I200C_C4_seed104729_fold2 epoch=1 loss=0.6624 MAE=13.151/8.296 score=0.7082
I200C_C4_seed104729_fold2 epoch=2 loss=0.6058 MAE=14.049/8.502 score=0.7419
I200C_C4_seed104729_fold2 epoch=3 loss=0.5837 MAE=12.935/8.258 score=0.7007
I200C_C4_seed104729_fold2 epoch=4 loss=0.5603 MAE=12.890/8.943 score=0.7274
I200C_C5_seed104729_fold2 epoch=1 loss=0.6944 MAE=13.237/8.395 score=0.7147
I200C_C5_seed104729_fold2 epoch=2 loss=0.6444 MAE=13.807/8.723 score=0.7441
I200C_C5_seed104729_fold2 epoch=3 loss=0.6255 MAE=13.039/8.270 score=0.7041
I200C_C1_seed104729_fold3 epoch=1 loss=0.7157 MAE=12.968/8.230 score=0.6993
I200C_C1_seed104729_fold3 epoch=2 loss=0.6559 MAE=13.595/8.445 score=0.7256
I200C_C1_seed104729_fold3 epoch=3 loss=0.6354 MAE=12.963/8.328 score=0.7032
I200C_C1_seed104729_fold3 epoch=4 loss=0.6175 MAE=12.804/8.219 score=0.6943
I200C_C1_seed104729_fold3 epoch=5 loss=0.5975 MAE=13.026/8.074 score=0.6945
I200C_C2_seed104729_fold3 epoch=1 loss=0.6959 MAE=13.067/8.270 score=0.7037
I200C_C2_seed104729_fold3 epoch=2 loss=0.6447 MAE=13.799/8.662 score=0.7402
I200C_C2_seed104729_fold3 epoch=3 loss=0.6245 MAE=13.073/8.216 score=0.7017
I200C_C3_seed104729_fold3 epoch=1 loss=0.7011 MAE=12.959/8.300 score=0.7019
I200C_C3_seed104729_fold3 epoch=2 loss=0.6533 MAE=13.607/8.729 score=0.7376
I200C_C3_seed104729_fold3 epoch=3 loss=0.6388 MAE=13.002/8.188 score=0.6985
I200C_C4_seed104729_fold3 epoch=1 loss=0.6622 MAE=13.030/8.326 score=0.7050
I200C_C4_seed104729_fold3 epoch=2 loss=0.6066 MAE=14.117/8.650 score=0.7486
I200C_C4_seed104729_fold3 epoch=3 loss=0.5855 MAE=13.217/8.306 score=0.7094
I200C_C4_seed104729_fold3 epoch=4 loss=0.5598 MAE=13.189/8.340 score=0.7100
I200C_C5_seed104729_fold3 epoch=1 loss=0.6915 MAE=13.066/8.248 score=0.7028
I200C_C5_seed104729_fold3 epoch=2 loss=0.6405 MAE=13.730/8.657 score=0.7381
I200C_C5_seed104729_fold3 epoch=3 loss=0.6233 MAE=13.053/8.242 score=0.7022
I200C_C1_seed104729_fold4 epoch=1 loss=0.7069 MAE=14.141/8.473 score=0.7441
I200C_C1_seed104729_fold4 epoch=2 loss=0.6482 MAE=13.808/8.263 score=0.7261
I200C_C1_seed104729_fold4 epoch=3 loss=0.6289 MAE=13.716/8.386 score=0.7285
I200C_C1_seed104729_fold4 epoch=4 loss=0.6142 MAE=13.667/8.280 score=0.7228
I200C_C1_seed104729_fold4 epoch=5 loss=0.5971 MAE=13.695/8.301 score=0.7245
I200C_C2_seed104729_fold4 epoch=1 loss=0.6963 MAE=13.865/8.447 score=0.7352
I200C_C2_seed104729_fold4 epoch=2 loss=0.6426 MAE=13.742/8.276 score=0.7248
I200C_C2_seed104729_fold4 epoch=3 loss=0.6200 MAE=13.709/8.270 score=0.7236
I200C_C3_seed104729_fold4 epoch=1 loss=0.7040 MAE=13.881/8.413 score=0.7343
I200C_C3_seed104729_fold4 epoch=2 loss=0.6489 MAE=13.843/8.360 score=0.7311
I200C_C3_seed104729_fold4 epoch=3 loss=0.6310 MAE=13.867/8.480 score=0.7366
I200C_C4_seed104729_fold4 epoch=1 loss=0.6464 MAE=13.859/8.910 score=0.7539
I200C_C4_seed104729_fold4 epoch=2 loss=0.5994 MAE=13.826/8.388 score=0.7317
I200C_C4_seed104729_fold4 epoch=3 loss=0.5742 MAE=14.000/8.571 score=0.7441
I200C_C4_seed104729_fold4 epoch=4 loss=0.5543 MAE=14.162/8.584 score=0.7492
I200C_C5_seed104729_fold4 epoch=1 loss=0.6913 MAE=13.850/8.442 score=0.7346
I200C_C5_seed104729_fold4 epoch=2 loss=0.6440 MAE=13.798/8.344 score=0.7291
I200C_C5_seed104729_fold4 epoch=3 loss=0.6251 MAE=13.816/8.351 score=0.7299
I200C_C1_seed104729_fold5 epoch=1 loss=0.7209 MAE=12.630/8.248 score=0.6879
I200C_C1_seed104729_fold5 epoch=2 loss=0.6555 MAE=12.513/8.276 score=0.6858
I200C_C1_seed104729_fold5 epoch=3 loss=0.6354 MAE=12.522/8.190 score=0.6825
I200C_C1_seed104729_fold5 epoch=4 loss=0.6220 MAE=12.529/8.065 score=0.6777
I200C_C1_seed104729_fold5 epoch=5 loss=0.6066 MAE=12.433/8.063 score=0.6749
I200C_C2_seed104729_fold5 epoch=1 loss=0.6960 MAE=12.533/8.203 score=0.6834
I200C_C2_seed104729_fold5 epoch=2 loss=0.6478 MAE=12.456/8.145 score=0.6788
I200C_C2_seed104729_fold5 epoch=3 loss=0.6253 MAE=12.506/8.187 score=0.6819
I200C_C3_seed104729_fold5 epoch=1 loss=0.7053 MAE=12.665/8.387 score=0.6945
I200C_C3_seed104729_fold5 epoch=2 loss=0.6519 MAE=12.500/8.247 score=0.6842
I200C_C3_seed104729_fold5 epoch=3 loss=0.6368 MAE=12.610/8.236 score=0.6869
I200C_C4_seed104729_fold5 epoch=1 loss=0.6574 MAE=12.571/8.266 score=0.6870
I200C_C4_seed104729_fold5 epoch=2 loss=0.6038 MAE=12.777/8.279 score=0.6933
I200C_C4_seed104729_fold5 epoch=3 loss=0.5785 MAE=13.444/8.689 score=0.7286
I200C_C4_seed104729_fold5 epoch=4 loss=0.5595 MAE=12.804/8.238 score=0.6924
I200C_C5_seed104729_fold5 epoch=1 loss=0.6963 MAE=12.520/8.328 score=0.6881
I200C_C5_seed104729_fold5 epoch=2 loss=0.6477 MAE=12.480/8.273 score=0.6848
I200C_C5_seed104729_fold5 epoch=3 loss=0.6299 MAE=12.990/8.531 score=0.7095
                 candidate_id                   innovation_label                                      selection_role  fits  mae_sbp_mean  mae_sbp_sd  mae_dbp_mean  mae_dbp_sd  tail_mae_sbp_mean  tail_mae_dbp_mean  high_bp_sensitivity_mean  high_bp_specificity_mean  normalized_score_mean  clinical_score_mean  parameters  runtime_seconds
           PRIOR_WINNER_FIXED prior_resnet_multiview10_multitask                                  fixed_prior_winner    15     13.032588    0.309696      8.276894    0.236207          13.479513           8.536896                  0.040542                  0.997886               0.703051             0.708830     1146884       164.369622
    I200_TRAIN_003_7a8882a0ec       adamw_3e4_cos_amplitude_warp                            best_normalized_accuracy    15     13.057723    0.280987      8.278986    0.234451          13.781261           8.446320                  0.000000                  1.000000               0.703844             0.710620      705721       118.050896
     I200_ARCH_073_f3d457acb9         convtransformer_w64_p15_d1                            best_tail_aware_accuracy    15     13.125585    0.330088      8.402646    0.275158          13.735598           8.481537                  0.009363                  0.999594               0.710792             0.715873      148804        83.473187
     I200_ARCH_051_79a6655a84       morphology_w64_eca_attention        best_parameter_efficient_under_accuracy_gate    15     13.158096    0.241337      8.420843    0.217976          13.741421           8.534043                  0.019398                  0.999273               0.712432             0.717665      334433       117.411336
I200_OBJECTIVE_029_26d6c1ef0d                 multiview10_ccc020 best_direct_high_bp_sensitivity_under_accuracy_gate    15     13.338807    0.395546      8.495807    0.298772          13.673102           8.756587                  0.067528                  0.992454               0.720570             0.725575      926775       154.249219
