
--- 2026-09-11T12:23:11.902801+00:00 ---
[1/200] I200_ARCH_001_0070ac94e2 adaptive_w64_d4_none_stats
I200_ARCH_001_0070ac94e2 epoch=1 loss=0.6986 MAE=13.161/8.640 score=0.7155
I200_ARCH_001_0070ac94e2 epoch=2 loss=0.6416 MAE=13.010/8.563 score=0.7082
I200_ARCH_001_0070ac94e2 epoch=3 loss=0.6203 MAE=13.368/8.539 score=0.7172
I200_ARCH_001_0070ac94e2 epoch=4 loss=0.6023 MAE=13.127/8.445 score=0.7067
I200_ARCH_001_0070ac94e2 epoch=5 loss=0.5848 MAE=13.465/8.744 score=0.7282
[2/200] I200_ARCH_002_60c8d80ebf adaptive_w64_d4_eca_stats
I200_ARCH_002_60c8d80ebf epoch=1 loss=0.7003 MAE=13.096/8.647 score=0.7140
I200_ARCH_002_60c8d80ebf epoch=2 loss=0.6432 MAE=13.051/8.722 score=0.7158
I200_ARCH_002_60c8d80ebf epoch=3 loss=0.6219 MAE=13.320/8.623 score=0.7193
[3/200] I200_ARCH_003_2e86f85560 adaptive_w64_d4_se_stats
I200_ARCH_003_2e86f85560 epoch=1 loss=0.7005 MAE=13.067/8.610 score=0.7117
I200_ARCH_003_2e86f85560 epoch=2 loss=0.6436 MAE=13.066/8.662 score=0.7138
I200_ARCH_003_2e86f85560 epoch=3 loss=0.6213 MAE=13.236/8.552 score=0.7141
[4/200] I200_ARCH_004_3b8a4c1910 adaptive_w64_d6_none_stats
I200_ARCH_004_3b8a4c1910 epoch=1 loss=0.6973 MAE=13.058/8.670 score=0.7139
I200_ARCH_004_3b8a4c1910 epoch=2 loss=0.6427 MAE=13.139/8.688 score=0.7169
I200_ARCH_004_3b8a4c1910 epoch=3 loss=0.6224 MAE=13.382/8.647 score=0.7220
[5/200] I200_ARCH_005_6e92f23031 adaptive_w64_d6_eca_stats
I200_ARCH_005_6e92f23031 epoch=1 loss=0.6964 MAE=13.038/8.593 score=0.7102
I200_ARCH_005_6e92f23031 epoch=2 loss=0.6427 MAE=13.100/8.591 score=0.7119
I200_ARCH_005_6e92f23031 epoch=3 loss=0.6228 MAE=13.438/8.780 score=0.7289
[6/200] I200_ARCH_006_4f28a7253b adaptive_w64_d6_se_stats
I200_ARCH_006_4f28a7253b epoch=1 loss=0.6985 MAE=13.131/8.596 score=0.7129
I200_ARCH_006_4f28a7253b epoch=2 loss=0.6426 MAE=13.037/8.608 score=0.7108
I200_ARCH_006_4f28a7253b epoch=3 loss=0.6217 MAE=13.275/8.670 score=0.7199
I200_ARCH_006_4f28a7253b epoch=4 loss=0.6067 MAE=13.012/8.554 score=0.7079
I200_ARCH_006_4f28a7253b epoch=5 loss=0.5879 MAE=13.818/8.789 score=0.7398
[7/200] I200_ARCH_007_9404ad5336 adaptive_w64_d8_none_stats
I200_ARCH_007_9404ad5336 epoch=1 loss=0.6856 MAE=13.062/8.584 score=0.7105
I200_ARCH_007_9404ad5336 epoch=2 loss=0.6376 MAE=13.425/8.745 score=0.7271
I200_ARCH_007_9404ad5336 epoch=3 loss=0.6164 MAE=13.402/8.465 score=0.7151
[8/200] I200_ARCH_008_73f727150e adaptive_w64_d8_eca_stats
I200_ARCH_008_73f727150e epoch=1 loss=0.6889 MAE=12.982/8.613 score=0.7095
I200_ARCH_008_73f727150e epoch=2 loss=0.6373 MAE=13.311/8.809 score=0.7266
I200_ARCH_008_73f727150e epoch=3 loss=0.6185 MAE=13.512/8.653 score=0.7258
[9/200] I200_ARCH_009_a64321f369 adaptive_w64_d8_se_stats
I200_ARCH_009_a64321f369 epoch=1 loss=0.6894 MAE=13.035/8.625 score=0.7114
I200_ARCH_009_a64321f369 epoch=2 loss=0.6376 MAE=13.421/8.806 score=0.7295
I200_ARCH_009_a64321f369 epoch=3 loss=0.6165 MAE=13.622/8.727 score=0.7319
[10/200] I200_ARCH_010_ec241a5c84 adaptive_w96_d4_none_stats
I200_ARCH_010_ec241a5c84 epoch=1 loss=0.6909 MAE=13.135/8.578 score=0.7123
I200_ARCH_010_ec241a5c84 epoch=2 loss=0.6415 MAE=13.064/8.729 score=0.7164
I200_ARCH_010_ec241a5c84 epoch=3 loss=0.6203 MAE=13.572/8.721 score=0.7302
[11/200] I200_ARCH_011_b8134a8a09 adaptive_w96_d4_eca_stats
I200_ARCH_011_b8134a8a09 epoch=1 loss=0.6919 MAE=12.980/8.582 score=0.7082
I200_ARCH_011_b8134a8a09 epoch=2 loss=0.6415 MAE=13.058/8.638 score=0.7126
I200_ARCH_011_b8134a8a09 epoch=3 loss=0.6218 MAE=13.467/8.656 score=0.7247
[12/200] I200_ARCH_012_3bebdfe95f adaptive_w96_d4_se_stats
I200_ARCH_012_3bebdfe95f epoch=1 loss=0.6914 MAE=12.983/8.661 score=0.7114
I200_ARCH_012_3bebdfe95f epoch=2 loss=0.6414 MAE=13.141/8.809 score=0.7218
I200_ARCH_012_3bebdfe95f epoch=3 loss=0.6223 MAE=13.498/8.699 score=0.7273
[13/200] I200_ARCH_013_0fd718994c adaptive_w96_d6_none_stats
I200_ARCH_013_0fd718994c epoch=1 loss=0.6961 MAE=13.060/8.684 score=0.7145
I200_ARCH_013_0fd718994c epoch=2 loss=0.6425 MAE=13.117/8.785 score=0.7202
I200_ARCH_013_0fd718994c epoch=3 loss=0.6205 MAE=13.492/8.751 score=0.7292
[14/200] I200_ARCH_014_c183826645 adaptive_w96_d6_eca_stats
I200_ARCH_014_c183826645 epoch=1 loss=0.6954 MAE=13.075/8.792 score=0.7193
I200_ARCH_014_c183826645 epoch=2 loss=0.6434 MAE=13.112/8.601 score=0.7126
I200_ARCH_014_c183826645 epoch=3 loss=0.6221 MAE=13.632/8.796 score=0.7349
I200_ARCH_014_c183826645 epoch=4 loss=0.6048 MAE=13.040/8.519 score=0.7073
I200_ARCH_014_c183826645 epoch=5 loss=0.5881 MAE=13.726/8.982 score=0.7451
[15/200] I200_ARCH_015_ca1ee0e1e3 adaptive_w96_d6_se_stats
I200_ARCH_015_ca1ee0e1e3 epoch=1 loss=0.6948 MAE=13.058/8.796 score=0.7190
I200_ARCH_015_ca1ee0e1e3 epoch=2 loss=0.6425 MAE=13.143/8.652 score=0.7155
I200_ARCH_015_ca1ee0e1e3 epoch=3 loss=0.6217 MAE=13.591/8.671 score=0.7288
I200_ARCH_015_ca1ee0e1e3 epoch=4 loss=0.6041 MAE=12.987/8.523 score=0.7059
I200_ARCH_015_ca1ee0e1e3 epoch=5 loss=0.5857 MAE=13.555/8.896 score=0.7369
[16/200] I200_ARCH_016_ccec4f77dd adaptive_w96_d8_none_stats
I200_ARCH_016_ccec4f77dd epoch=1 loss=0.6934 MAE=13.016/8.605 score=0.7101
I200_ARCH_016_ccec4f77dd epoch=2 loss=0.6391 MAE=13.127/8.716 score=0.7177
I200_ARCH_016_ccec4f77dd epoch=3 loss=0.6163 MAE=13.220/8.622 score=0.7165
[17/200] I200_ARCH_017_be9af9faa0 adaptive_w96_d8_eca_stats
I200_ARCH_017_be9af9faa0 epoch=1 loss=0.6900 MAE=13.067/8.698 score=0.7153
I200_ARCH_017_be9af9faa0 epoch=2 loss=0.6386 MAE=13.110/8.767 score=0.7193
I200_ARCH_017_be9af9faa0 epoch=3 loss=0.6164 MAE=13.200/8.602 score=0.7151
I200_ARCH_017_be9af9faa0 epoch=4 loss=0.5967 MAE=13.210/8.609 score=0.7156
I200_ARCH_017_be9af9faa0 epoch=5 loss=0.5753 MAE=13.931/8.960 score=0.7499
[18/200] I200_ARCH_018_57fb09dad6 adaptive_w96_d8_se_stats
I200_ARCH_018_57fb09dad6 epoch=1 loss=0.6914 MAE=13.077/8.646 score=0.7134
I200_ARCH_018_57fb09dad6 epoch=2 loss=0.6395 MAE=13.090/8.758 score=0.7183
I200_ARCH_018_57fb09dad6 epoch=3 loss=0.6172 MAE=13.215/8.664 score=0.7180
[19/200] I200_ARCH_019_8bfe0b6689 adaptive_w128_d4_none_stats
I200_ARCH_019_8bfe0b6689 epoch=1 loss=0.7009 MAE=13.120/8.576 score=0.7118
I200_ARCH_019_8bfe0b6689 epoch=2 loss=0.6437 MAE=13.055/8.671 score=0.7139
I200_ARCH_019_8bfe0b6689 epoch=3 loss=0.6234 MAE=13.311/8.643 score=0.7198
[20/200] I200_ARCH_020_1dc145a265 adaptive_w128_d4_eca_stats
I200_ARCH_020_1dc145a265 epoch=1 loss=0.7042 MAE=13.019/8.577 score=0.7090
I200_ARCH_020_1dc145a265 epoch=2 loss=0.6456 MAE=13.023/8.627 score=0.7112
I200_ARCH_020_1dc145a265 epoch=3 loss=0.6240 MAE=13.367/8.695 score=0.7235
[21/200] I200_ARCH_021_9ba9f6d45c adaptive_w128_d4_se_stats
I200_ARCH_021_9ba9f6d45c epoch=1 loss=0.7046 MAE=13.078/8.591 score=0.7113
I200_ARCH_021_9ba9f6d45c epoch=2 loss=0.6449 MAE=13.057/8.663 score=0.7136
I200_ARCH_021_9ba9f6d45c epoch=3 loss=0.6239 MAE=13.269/8.720 score=0.7218
[22/200] I200_ARCH_022_cf87aa3138 adaptive_w128_d6_none_stats
I200_ARCH_022_cf87aa3138 epoch=1 loss=0.6971 MAE=13.116/8.623 score=0.7136
I200_ARCH_022_cf87aa3138 epoch=2 loss=0.6419 MAE=13.214/8.784 score=0.7228
I200_ARCH_022_cf87aa3138 epoch=3 loss=0.6221 MAE=13.500/8.706 score=0.7276
[23/200] I200_ARCH_023_6f19995429 adaptive_w128_d6_eca_stats
I200_ARCH_023_6f19995429 epoch=1 loss=0.6954 MAE=13.096/8.645 score=0.7139
I200_ARCH_023_6f19995429 epoch=2 loss=0.6435 MAE=13.179/8.740 score=0.7201
I200_ARCH_023_6f19995429 epoch=3 loss=0.6228 MAE=13.450/8.675 score=0.7250
[24/200] I200_ARCH_024_8737cc351a adaptive_w128_d6_se_stats
I200_ARCH_024_8737cc351a epoch=1 loss=0.6937 MAE=13.073/8.699 score=0.7155
I200_ARCH_024_8737cc351a epoch=2 loss=0.6416 MAE=13.146/8.716 score=0.7182
I200_ARCH_024_8737cc351a epoch=3 loss=0.6209 MAE=13.292/8.647 score=0.7195
[25/200] I200_ARCH_025_1acdf38880 adaptive_w128_d8_none_stats
I200_ARCH_025_1acdf38880 epoch=1 loss=0.6927 MAE=13.109/8.758 score=0.7189
I200_ARCH_025_1acdf38880 epoch=2 loss=0.6388 MAE=13.173/8.751 score=0.7203
I200_ARCH_025_1acdf38880 epoch=3 loss=0.6136 MAE=13.506/8.599 score=0.7235
[26/200] I200_ARCH_026_c1eed577b0 adaptive_w128_d8_eca_stats
I200_ARCH_026_c1eed577b0 epoch=1 loss=0.6904 MAE=13.034/8.698 score=0.7144
I200_ARCH_026_c1eed577b0 epoch=2 loss=0.6394 MAE=13.264/8.696 score=0.7207
I200_ARCH_026_c1eed577b0 epoch=3 loss=0.6149 MAE=13.638/8.704 score=0.7314
[27/200] I200_ARCH_027_7377792955 adaptive_w128_d8_se_stats
I200_ARCH_027_7377792955 epoch=1 loss=0.6901 MAE=13.157/8.697 score=0.7178
I200_ARCH_027_7377792955 epoch=2 loss=0.6383 MAE=13.190/8.693 score=0.7185
I200_ARCH_027_7377792955 epoch=3 loss=0.6139 MAE=13.490/8.613 score=0.7236
[28/200] I200_ARCH_028_98a7a9be9a adaptive_w160_d4_none_stats
I200_ARCH_028_98a7a9be9a epoch=1 loss=0.6999 MAE=13.078/8.625 score=0.7126
I200_ARCH_028_98a7a9be9a epoch=2 loss=0.6429 MAE=13.151/8.771 score=0.7206
I200_ARCH_028_98a7a9be9a epoch=3 loss=0.6212 MAE=13.496/8.766 score=0.7299
[29/200] I200_ARCH_029_74d3352457 adaptive_w160_d4_eca_stats
I200_ARCH_029_74d3352457 epoch=1 loss=0.7020 MAE=13.084/8.680 score=0.7150
I200_ARCH_029_74d3352457 epoch=2 loss=0.6445 MAE=13.053/8.704 score=0.7151
I200_ARCH_029_74d3352457 epoch=3 loss=0.6221 MAE=13.393/8.727 score=0.7255
[30/200] I200_ARCH_030_d854d1468d adaptive_w160_d4_se_stats
I200_ARCH_030_d854d1468d epoch=1 loss=0.7003 MAE=13.081/8.661 score=0.7141
I200_ARCH_030_d854d1468d epoch=2 loss=0.6430 MAE=13.224/8.815 score=0.7244
I200_ARCH_030_d854d1468d epoch=3 loss=0.6213 MAE=13.532/8.685 score=0.7277
[31/200] I200_ARCH_031_9b812a99a0 adaptive_w160_d6_none_stats
I200_ARCH_031_9b812a99a0 epoch=1 loss=0.6966 MAE=13.097/8.684 score=0.7155
I200_ARCH_031_9b812a99a0 epoch=2 loss=0.6433 MAE=13.126/8.733 score=0.7183
I200_ARCH_031_9b812a99a0 epoch=3 loss=0.6216 MAE=13.231/8.629 score=0.7170
[32/200] I200_ARCH_032_254a5f429f adaptive_w160_d6_eca_stats
I200_ARCH_032_254a5f429f epoch=1 loss=0.6922 MAE=13.081/8.645 score=0.7135
I200_ARCH_032_254a5f429f epoch=2 loss=0.6420 MAE=13.127/8.688 score=0.7165
I200_ARCH_032_254a5f429f epoch=3 loss=0.6205 MAE=13.239/8.599 score=0.7160
[33/200] I200_ARCH_033_0f34dac454 adaptive_w160_d6_se_stats
I200_ARCH_033_0f34dac454 epoch=1 loss=0.6945 MAE=13.064/8.715 score=0.7159
I200_ARCH_033_0f34dac454 epoch=2 loss=0.6428 MAE=13.133/8.685 score=0.7166
I200_ARCH_033_0f34dac454 epoch=3 loss=0.6212 MAE=13.282/8.632 score=0.7186
[34/200] I200_ARCH_034_39d5865ade adaptive_w160_d8_none_stats
I200_ARCH_034_39d5865ade epoch=1 loss=0.6959 MAE=13.067/8.644 score=0.7131
I200_ARCH_034_39d5865ade epoch=2 loss=0.6417 MAE=13.159/8.747 score=0.7198
I200_ARCH_034_39d5865ade epoch=3 loss=0.6162 MAE=13.699/8.742 score=0.7346
[35/200] I200_ARCH_035_853eef6ae1 adaptive_w160_d8_eca_stats
I200_ARCH_035_853eef6ae1 epoch=1 loss=0.6951 MAE=13.255/8.729 score=0.7217
I200_ARCH_035_853eef6ae1 epoch=2 loss=0.6400 MAE=13.204/8.724 score=0.7201
I200_ARCH_035_853eef6ae1 epoch=3 loss=0.6168 MAE=13.359/8.629 score=0.7206
I200_ARCH_035_853eef6ae1 epoch=4 loss=0.5946 MAE=13.269/8.524 score=0.7138
I200_ARCH_035_853eef6ae1 epoch=5 loss=0.5724 MAE=13.516/8.714 score=0.7284
[36/200] I200_ARCH_036_2fdc7f862b adaptive_w160_d8_se_stats
I200_ARCH_036_2fdc7f862b epoch=1 loss=0.6975 MAE=13.098/8.655 score=0.7144
I200_ARCH_036_2fdc7f862b epoch=2 loss=0.6412 MAE=13.165/8.628 score=0.7152
I200_ARCH_036_2fdc7f862b epoch=3 loss=0.6169 MAE=13.340/8.625 score=0.7199
[37/200] I200_ARCH_037_dd8572626e adaptive_w96_d6_eca_attention
I200_ARCH_037_dd8572626e epoch=1 loss=0.6983 MAE=13.017/8.665 score=0.7125
I200_ARCH_037_dd8572626e epoch=2 loss=0.6447 MAE=13.095/8.603 score=0.7122
I200_ARCH_037_dd8572626e epoch=3 loss=0.6224 MAE=13.160/8.487 score=0.7093
I200_ARCH_037_dd8572626e epoch=4 loss=0.6074 MAE=13.029/8.580 score=0.7095
I200_ARCH_037_dd8572626e epoch=5 loss=0.5885 MAE=13.469/8.838 score=0.7321
[38/200] I200_ARCH_038_ced99ae8f1 adaptive_w96_d6_eca_gem
I200_ARCH_038_ced99ae8f1 epoch=1 loss=0.6936 MAE=13.067/8.648 score=0.7132
I200_ARCH_038_ced99ae8f1 epoch=2 loss=0.6432 MAE=13.074/8.557 score=0.7097
I200_ARCH_038_ced99ae8f1 epoch=3 loss=0.6228 MAE=13.421/8.683 score=0.7245
I200_ARCH_038_ced99ae8f1 epoch=4 loss=0.6047 MAE=12.993/8.537 score=0.7067
I200_ARCH_038_ced99ae8f1 epoch=5 loss=0.5888 MAE=13.913/8.926 score=0.7480
[39/200] I200_ARCH_039_705132b1ca adaptive_w96_d6_se_attention
I200_ARCH_039_705132b1ca epoch=1 loss=0.6966 MAE=13.052/8.631 score=0.7121
I200_ARCH_039_705132b1ca epoch=2 loss=0.6435 MAE=13.099/8.596 score=0.7120
I200_ARCH_039_705132b1ca epoch=3 loss=0.6209 MAE=13.179/8.455 score=0.7085
I200_ARCH_039_705132b1ca epoch=4 loss=0.6052 MAE=13.034/8.536 score=0.7078
I200_ARCH_039_705132b1ca epoch=5 loss=0.5849 MAE=13.785/8.775 score=0.7383
[40/200] I200_ARCH_040_c6a47ec132 adaptive_w96_d6_se_gem
I200_ARCH_040_c6a47ec132 epoch=1 loss=0.6932 MAE=13.056/8.673 score=0.7140
I200_ARCH_040_c6a47ec132 epoch=2 loss=0.6421 MAE=13.079/8.540 score=0.7092
I200_ARCH_040_c6a47ec132 epoch=3 loss=0.6212 MAE=13.479/8.735 score=0.7282
I200_ARCH_040_c6a47ec132 epoch=4 loss=0.6034 MAE=12.976/8.589 score=0.7083
I200_ARCH_040_c6a47ec132 epoch=5 loss=0.5864 MAE=13.335/8.841 score=0.7285
[41/200] I200_ARCH_041_5394787084 adaptive_w96_d8_eca_attention
I200_ARCH_041_5394787084 epoch=1 loss=0.6933 MAE=13.083/8.685 score=0.7152
I200_ARCH_041_5394787084 epoch=2 loss=0.6404 MAE=13.225/8.700 score=0.7197
I200_ARCH_041_5394787084 epoch=3 loss=0.6181 MAE=13.533/8.753 score=0.7304
[42/200] I200_ARCH_042_5f3d5eec56 adaptive_w96_d8_eca_gem
I200_ARCH_042_5f3d5eec56 epoch=1 loss=0.6900 MAE=13.071/8.685 score=0.7149
I200_ARCH_042_5f3d5eec56 epoch=2 loss=0.6395 MAE=13.103/8.697 score=0.7162
I200_ARCH_042_5f3d5eec56 epoch=3 loss=0.6180 MAE=13.372/8.692 score=0.7235
[43/200] I200_ARCH_043_84f766b076 adaptive_w96_d8_se_attention
I200_ARCH_043_84f766b076 epoch=1 loss=0.6915 MAE=13.107/8.655 score=0.7147
I200_ARCH_043_84f766b076 epoch=2 loss=0.6386 MAE=13.288/8.766 score=0.7241
I200_ARCH_043_84f766b076 epoch=3 loss=0.6162 MAE=13.361/8.688 score=0.7230
[44/200] I200_ARCH_044_d639e0c279 adaptive_w96_d8_se_gem
I200_ARCH_044_d639e0c279 epoch=1 loss=0.6897 MAE=13.068/8.647 score=0.7132
I200_ARCH_044_d639e0c279 epoch=2 loss=0.6387 MAE=13.114/8.725 score=0.7177
I200_ARCH_044_d639e0c279 epoch=3 loss=0.6169 MAE=13.498/8.766 score=0.7300
[45/200] I200_ARCH_045_732c66f764 adaptive_w128_d6_eca_attention
I200_ARCH_045_732c66f764 epoch=1 loss=0.7013 MAE=13.069/8.613 score=0.7119
I200_ARCH_045_732c66f764 epoch=2 loss=0.6451 MAE=13.147/8.701 score=0.7176
I200_ARCH_045_732c66f764 epoch=3 loss=0.6229 MAE=13.427/8.612 score=0.7218
[46/200] I200_ARCH_046_56cfb6ad83 adaptive_w128_d6_eca_gem
I200_ARCH_046_56cfb6ad83 epoch=1 loss=0.6970 MAE=13.216/8.621 score=0.7163
I200_ARCH_046_56cfb6ad83 epoch=2 loss=0.6429 MAE=13.106/8.578 score=0.7115
I200_ARCH_046_56cfb6ad83 epoch=3 loss=0.6222 MAE=13.320/8.540 score=0.7159
I200_ARCH_046_56cfb6ad83 epoch=4 loss=0.6022 MAE=13.198/8.535 score=0.7123
[47/200] I200_ARCH_047_8d0da52d33 adaptive_w128_d6_se_attention
I200_ARCH_047_8d0da52d33 epoch=1 loss=0.7012 MAE=13.069/8.615 score=0.7120
I200_ARCH_047_8d0da52d33 epoch=2 loss=0.6446 MAE=13.175/8.666 score=0.7170
I200_ARCH_047_8d0da52d33 epoch=3 loss=0.6213 MAE=13.275/8.581 score=0.7163
[48/200] I200_ARCH_048_53423d5b33 adaptive_w128_d6_se_gem
I200_ARCH_048_53423d5b33 epoch=1 loss=0.6972 MAE=13.150/8.582 score=0.7129
I200_ARCH_048_53423d5b33 epoch=2 loss=0.6428 MAE=13.093/8.691 score=0.7157
I200_ARCH_048_53423d5b33 epoch=3 loss=0.6211 MAE=13.298/8.585 score=0.7171
[49/200] I200_ARCH_049_3c908901b6 morphology_w64_eca_stats
I200_ARCH_049_3c908901b6 epoch=1 loss=0.6955 MAE=13.090/8.623 score=0.7129
I200_ARCH_049_3c908901b6 epoch=2 loss=0.6433 MAE=13.025/8.610 score=0.7105
I200_ARCH_049_3c908901b6 epoch=3 loss=0.6238 MAE=13.160/8.605 score=0.7141
I200_ARCH_049_3c908901b6 epoch=4 loss=0.6070 MAE=13.179/8.597 score=0.7143
[50/200] I200_ARCH_050_c781a39749 morphology_w64_se_stats
I200_ARCH_050_c781a39749 epoch=1 loss=0.6955 MAE=13.064/8.627 score=0.7123
I200_ARCH_050_c781a39749 epoch=2 loss=0.6425 MAE=13.107/8.617 score=0.7131
I200_ARCH_050_c781a39749 epoch=3 loss=0.6233 MAE=13.396/8.604 score=0.7206
[51/200] I200_ARCH_051_79a6655a84 morphology_w64_eca_attention
I200_ARCH_051_79a6655a84 epoch=1 loss=0.6984 MAE=13.072/8.762 score=0.7180
I200_ARCH_051_79a6655a84 epoch=2 loss=0.6470 MAE=12.985/8.492 score=0.7047
I200_ARCH_051_79a6655a84 epoch=3 loss=0.6245 MAE=13.340/8.699 score=0.7229
I200_ARCH_051_79a6655a84 epoch=4 loss=0.6071 MAE=13.208/8.674 score=0.7182
[52/200] I200_ARCH_052_5044c85b97 morphology_w64_se_attention
I200_ARCH_052_5044c85b97 epoch=1 loss=0.6981 MAE=13.106/8.815 score=0.7211
I200_ARCH_052_5044c85b97 epoch=2 loss=0.6458 MAE=12.988/8.548 score=0.7070
I200_ARCH_052_5044c85b97 epoch=3 loss=0.6234 MAE=13.369/8.722 score=0.7246
I200_ARCH_052_5044c85b97 epoch=4 loss=0.6057 MAE=13.121/8.551 score=0.7108
[53/200] I200_ARCH_053_ccf610cb46 morphology_w96_eca_stats
I200_ARCH_053_ccf610cb46 epoch=1 loss=0.7006 MAE=13.133/8.762 score=0.7197
I200_ARCH_053_ccf610cb46 epoch=2 loss=0.6475 MAE=13.062/8.679 score=0.7143
I200_ARCH_053_ccf610cb46 epoch=3 loss=0.6272 MAE=13.446/8.664 score=0.7244
I200_ARCH_053_ccf610cb46 epoch=4 loss=0.6085 MAE=13.193/8.639 score=0.7164
[54/200] I200_ARCH_054_11a301aeaa morphology_w96_se_stats
I200_ARCH_054_11a301aeaa epoch=1 loss=0.7014 MAE=13.130/8.705 score=0.7173
I200_ARCH_054_11a301aeaa epoch=2 loss=0.6484 MAE=13.066/8.664 score=0.7139
I200_ARCH_054_11a301aeaa epoch=3 loss=0.6266 MAE=13.216/8.554 score=0.7136
I200_ARCH_054_11a301aeaa epoch=4 loss=0.6085 MAE=13.203/8.597 score=0.7150
I200_ARCH_054_11a301aeaa epoch=5 loss=0.5909 MAE=13.563/8.920 score=0.7380
[55/200] I200_ARCH_055_27730cb7fa morphology_w96_eca_attention
I200_ARCH_055_27730cb7fa epoch=1 loss=0.6972 MAE=13.074/8.717 score=0.7162
I200_ARCH_055_27730cb7fa epoch=2 loss=0.6448 MAE=13.074/8.590 score=0.7111
I200_ARCH_055_27730cb7fa epoch=3 loss=0.6203 MAE=13.523/8.729 score=0.7292
I200_ARCH_055_27730cb7fa epoch=4 loss=0.6005 MAE=13.143/8.450 score=0.7073
I200_ARCH_055_27730cb7fa epoch=5 loss=0.5802 MAE=13.744/8.919 score=0.7431
[56/200] I200_ARCH_056_338e357fc6 morphology_w96_se_attention
I200_ARCH_056_338e357fc6 epoch=1 loss=0.6956 MAE=13.031/8.727 score=0.7154
I200_ARCH_056_338e357fc6 epoch=2 loss=0.6438 MAE=13.136/8.623 score=0.7142
I200_ARCH_056_338e357fc6 epoch=3 loss=0.6201 MAE=13.563/8.821 score=0.7341
I200_ARCH_056_338e357fc6 epoch=4 loss=0.6001 MAE=13.158/8.521 score=0.7107
I200_ARCH_056_338e357fc6 epoch=5 loss=0.5797 MAE=13.455/8.751 score=0.7282
[57/200] I200_ARCH_057_ee9c02f433 morphology_w128_eca_stats
I200_ARCH_057_ee9c02f433 epoch=1 loss=0.7074 MAE=13.117/8.778 score=0.7199
I200_ARCH_057_ee9c02f433 epoch=2 loss=0.6489 MAE=13.127/8.617 score=0.7136
I200_ARCH_057_ee9c02f433 epoch=3 loss=0.6278 MAE=13.243/8.715 score=0.7208
I200_ARCH_057_ee9c02f433 epoch=4 loss=0.6072 MAE=13.148/8.622 score=0.7144
[58/200] I200_ARCH_058_3835373060 morphology_w128_se_stats
I200_ARCH_058_3835373060 epoch=1 loss=0.7075 MAE=13.149/8.770 score=0.7205
I200_ARCH_058_3835373060 epoch=2 loss=0.6491 MAE=13.065/8.616 score=0.7119
I200_ARCH_058_3835373060 epoch=3 loss=0.6261 MAE=13.349/8.717 score=0.7239
I200_ARCH_058_3835373060 epoch=4 loss=0.6055 MAE=13.200/8.591 score=0.7146
[59/200] I200_ARCH_059_54930088fe morphology_w128_eca_attention
I200_ARCH_059_54930088fe epoch=1 loss=0.7044 MAE=13.190/8.798 score=0.7227
I200_ARCH_059_54930088fe epoch=2 loss=0.6476 MAE=13.070/8.557 score=0.7096
I200_ARCH_059_54930088fe epoch=3 loss=0.6237 MAE=13.523/8.743 score=0.7298
I200_ARCH_059_54930088fe epoch=4 loss=0.6063 MAE=13.083/8.500 score=0.7077
I200_ARCH_059_54930088fe epoch=5 loss=0.5863 MAE=13.852/8.748 score=0.7391
[60/200] I200_ARCH_060_0d813cd0a4 morphology_w128_se_attention
I200_ARCH_060_0d813cd0a4 epoch=1 loss=0.7050 MAE=13.199/8.776 score=0.7221
I200_ARCH_060_0d813cd0a4 epoch=2 loss=0.6480 MAE=13.037/8.596 score=0.7103
I200_ARCH_060_0d813cd0a4 epoch=3 loss=0.6223 MAE=13.490/8.916 score=0.7359
I200_ARCH_060_0d813cd0a4 epoch=4 loss=0.6045 MAE=13.233/8.610 score=0.7163
[61/200] I200_ARCH_061_da08e0da96 morphology_w160_eca_stats
I200_ARCH_061_da08e0da96 epoch=1 loss=0.7063 MAE=13.289/8.759 score=0.7239
I200_ARCH_061_da08e0da96 epoch=2 loss=0.6468 MAE=13.022/8.711 score=0.7146
I200_ARCH_061_da08e0da96 epoch=3 loss=0.6240 MAE=13.260/8.587 score=0.7162
I200_ARCH_061_da08e0da96 epoch=4 loss=0.6034 MAE=13.174/8.560 score=0.7127
I200_ARCH_061_da08e0da96 epoch=5 loss=0.5823 MAE=13.994/9.090 score=0.7569
[62/200] I200_ARCH_062_144e74c5b2 morphology_w160_se_stats
I200_ARCH_062_144e74c5b2 epoch=1 loss=0.7085 MAE=13.280/8.863 score=0.7279
I200_ARCH_062_144e74c5b2 epoch=2 loss=0.6478 MAE=12.995/8.654 score=0.7115
I200_ARCH_062_144e74c5b2 epoch=3 loss=0.6246 MAE=13.370/8.696 score=0.7236
I200_ARCH_062_144e74c5b2 epoch=4 loss=0.6027 MAE=13.190/8.605 score=0.7149
[63/200] I200_ARCH_063_1975c0590c morphology_w160_eca_attention
I200_ARCH_063_1975c0590c epoch=1 loss=0.7018 MAE=13.190/8.791 score=0.7225
I200_ARCH_063_1975c0590c epoch=2 loss=0.6464 MAE=13.094/8.617 score=0.7127
I200_ARCH_063_1975c0590c epoch=3 loss=0.6227 MAE=13.599/8.791 score=0.7338
I200_ARCH_063_1975c0590c epoch=4 loss=0.6023 MAE=13.188/8.562 score=0.7131
[64/200] I200_ARCH_064_6008f5a3b1 morphology_w160_se_attention
I200_ARCH_064_6008f5a3b1 epoch=1 loss=0.7021 MAE=13.138/8.803 score=0.7215
I200_ARCH_064_6008f5a3b1 epoch=2 loss=0.6465 MAE=13.051/8.645 score=0.7127
I200_ARCH_064_6008f5a3b1 epoch=3 loss=0.6230 MAE=13.548/8.725 score=0.7297
I200_ARCH_064_6008f5a3b1 epoch=4 loss=0.6007 MAE=13.220/8.530 score=0.7128
[65/200] I200_ARCH_065_a8d7af58eb longconv_w64_d4_k15
I200_ARCH_065_a8d7af58eb epoch=1 loss=0.6973 MAE=13.031/8.602 score=0.7104
I200_ARCH_065_a8d7af58eb epoch=2 loss=0.6484 MAE=13.139/8.578 score=0.7124
I200_ARCH_065_a8d7af58eb epoch=3 loss=0.6355 MAE=13.195/8.623 score=0.7158
[66/200] I200_ARCH_066_734bb3ccfc longconv_w64_d4_k31
I200_ARCH_066_734bb3ccfc epoch=1 loss=0.7030 MAE=13.108/8.726 score=0.7176
I200_ARCH_066_734bb3ccfc epoch=2 loss=0.6497 MAE=12.959/8.629 score=0.7095
I200_ARCH_066_734bb3ccfc epoch=3 loss=0.6320 MAE=13.348/8.654 score=0.7213
I200_ARCH_066_734bb3ccfc epoch=4 loss=0.6163 MAE=13.145/8.677 score=0.7166
[67/200] I200_ARCH_067_5a41f58e2b longconv_w64_d6_k15
I200_ARCH_067_5a41f58e2b epoch=1 loss=0.6993 MAE=12.995/8.599 score=0.7093
I200_ARCH_067_5a41f58e2b epoch=2 loss=0.6480 MAE=12.964/8.540 score=0.7060
I200_ARCH_067_5a41f58e2b epoch=3 loss=0.6301 MAE=13.011/8.531 score=0.7069
I200_ARCH_067_5a41f58e2b epoch=4 loss=0.6177 MAE=12.977/8.614 score=0.7094
[68/200] I200_ARCH_068_3777a7beba longconv_w64_d6_k31
I200_ARCH_068_3777a7beba epoch=1 loss=0.7041 MAE=13.099/8.678 score=0.7153
I200_ARCH_068_3777a7beba epoch=2 loss=0.6465 MAE=13.141/8.698 score=0.7173
I200_ARCH_068_3777a7beba epoch=3 loss=0.6271 MAE=13.399/8.623 score=0.7215
[69/200] I200_ARCH_069_03f2b1dbc2 longconv_w96_d4_k15
I200_ARCH_069_03f2b1dbc2 epoch=1 loss=0.7095 MAE=13.066/8.620 score=0.7121
I200_ARCH_069_03f2b1dbc2 epoch=2 loss=0.6471 MAE=12.917/8.633 score=0.7085
I200_ARCH_069_03f2b1dbc2 epoch=3 loss=0.6267 MAE=13.260/8.606 score=0.7169
I200_ARCH_069_03f2b1dbc2 epoch=4 loss=0.6113 MAE=13.160/8.550 score=0.7119
[70/200] I200_ARCH_070_d12e3e397d longconv_w96_d4_k31
I200_ARCH_070_d12e3e397d epoch=1 loss=0.6991 MAE=13.086/8.619 score=0.7126
I200_ARCH_070_d12e3e397d epoch=2 loss=0.6439 MAE=13.022/8.711 score=0.7145
I200_ARCH_070_d12e3e397d epoch=3 loss=0.6221 MAE=13.389/8.558 score=0.7186
[71/200] I200_ARCH_071_6880a324e2 longconv_w96_d6_k15
I200_ARCH_071_6880a324e2 epoch=1 loss=0.7106 MAE=13.015/8.636 score=0.7113
I200_ARCH_071_6880a324e2 epoch=2 loss=0.6497 MAE=12.927/8.571 score=0.7062
I200_ARCH_071_6880a324e2 epoch=3 loss=0.6319 MAE=12.982/8.557 score=0.7072
I200_ARCH_071_6880a324e2 epoch=4 loss=0.6174 MAE=13.118/8.534 score=0.7101
[72/200] I200_ARCH_072_6d2d0fb6ea longconv_w96_d6_k31
I200_ARCH_072_6d2d0fb6ea epoch=1 loss=0.7025 MAE=12.995/8.654 score=0.7115
I200_ARCH_072_6d2d0fb6ea epoch=2 loss=0.6443 MAE=13.046/8.790 score=0.7184
I200_ARCH_072_6d2d0fb6ea epoch=3 loss=0.6256 MAE=13.351/8.639 score=0.7208
[73/200] I200_ARCH_073_f3d457acb9 convtransformer_w64_p15_d1
I200_ARCH_073_f3d457acb9 epoch=1 loss=0.7073 MAE=13.011/8.548 score=0.7077
I200_ARCH_073_f3d457acb9 epoch=2 loss=0.6481 MAE=12.999/8.524 score=0.7063
I200_ARCH_073_f3d457acb9 epoch=3 loss=0.6330 MAE=12.897/8.527 score=0.7036
I200_ARCH_073_f3d457acb9 epoch=4 loss=0.6215 MAE=13.029/8.483 score=0.7055
I200_ARCH_073_f3d457acb9 epoch=5 loss=0.6100 MAE=13.818/8.660 score=0.7346
[74/200] I200_ARCH_074_4c2652ec21 convtransformer_w64_p15_d2
I200_ARCH_074_4c2652ec21 epoch=1 loss=0.7124 MAE=13.173/8.504 score=0.7104
I200_ARCH_074_4c2652ec21 epoch=2 loss=0.6511 MAE=13.038/8.513 score=0.7070
I200_ARCH_074_4c2652ec21 epoch=3 loss=0.6345 MAE=13.067/8.572 score=0.7102
I200_ARCH_074_4c2652ec21 epoch=4 loss=0.6236 MAE=13.165/8.425 score=0.7069
I200_ARCH_074_4c2652ec21 epoch=5 loss=0.6106 MAE=13.559/8.704 score=0.7292
[75/200] I200_ARCH_075_efb5ec9ba5 convtransformer_w64_p25_d1
I200_ARCH_075_efb5ec9ba5 epoch=1 loss=0.7121 MAE=13.066/8.649 score=0.7132
I200_ARCH_075_efb5ec9ba5 epoch=2 loss=0.6532 MAE=12.959/8.689 score=0.7119
I200_ARCH_075_efb5ec9ba5 epoch=3 loss=0.6327 MAE=13.243/8.533 score=0.7135
I200_ARCH_075_efb5ec9ba5 epoch=4 loss=0.6191 MAE=13.371/8.565 score=0.7183
[76/200] I200_ARCH_076_7c82063b42 convtransformer_w64_p25_d2
I200_ARCH_076_7c82063b42 epoch=1 loss=0.7103 MAE=12.977/8.562 score=0.7073
I200_ARCH_076_7c82063b42 epoch=2 loss=0.6506 MAE=12.986/8.677 score=0.7122
I200_ARCH_076_7c82063b42 epoch=3 loss=0.6312 MAE=13.432/8.673 score=0.7244
[77/200] I200_ARCH_077_be22171213 convtransformer_w96_p15_d1
I200_ARCH_077_be22171213 epoch=1 loss=0.7129 MAE=13.096/8.534 score=0.7095
I200_ARCH_077_be22171213 epoch=2 loss=0.6490 MAE=13.059/8.465 score=0.7056
I200_ARCH_077_be22171213 epoch=3 loss=0.6333 MAE=13.425/8.614 score=0.7218
I200_ARCH_077_be22171213 epoch=4 loss=0.6218 MAE=13.062/8.447 score=0.7050
I200_ARCH_077_be22171213 epoch=5 loss=0.6089 MAE=13.207/8.513 score=0.7117
[78/200] I200_ARCH_078_11203ead88 convtransformer_w96_p15_d2
I200_ARCH_078_11203ead88 epoch=1 loss=0.7157 MAE=13.072/8.619 score=0.7122
I200_ARCH_078_11203ead88 epoch=2 loss=0.6555 MAE=12.985/8.551 score=0.7070
I200_ARCH_078_11203ead88 epoch=3 loss=0.6378 MAE=13.341/8.679 score=0.7221
I200_ARCH_078_11203ead88 epoch=4 loss=0.6273 MAE=12.989/8.520 score=0.7059
I200_ARCH_078_11203ead88 epoch=5 loss=0.6152 MAE=13.062/8.606 score=0.7114
[79/200] I200_ARCH_079_6c3ed2e316 convtransformer_w96_p25_d1
I200_ARCH_079_6c3ed2e316 epoch=1 loss=0.7101 MAE=12.931/8.641 score=0.7092
I200_ARCH_079_6c3ed2e316 epoch=2 loss=0.6490 MAE=12.949/8.599 score=0.7080
I200_ARCH_079_6c3ed2e316 epoch=3 loss=0.6275 MAE=13.384/8.677 score=0.7232
I200_ARCH_079_6c3ed2e316 epoch=4 loss=0.6119 MAE=13.234/8.638 score=0.7175
[80/200] I200_ARCH_080_6cf6891d58 convtransformer_w96_p25_d2
I200_ARCH_080_6cf6891d58 epoch=1 loss=0.7197 MAE=12.961/8.678 score=0.7115
I200_ARCH_080_6cf6891d58 epoch=2 loss=0.6537 MAE=13.035/8.569 score=0.7092
I200_ARCH_080_6cf6891d58 epoch=3 loss=0.6325 MAE=13.341/8.621 score=0.7198
I200_ARCH_080_6cf6891d58 epoch=4 loss=0.6156 MAE=13.269/8.526 score=0.7139
[81/200] I200_INPUT_001_5a0a67ff05 ppg_5s_none
I200_INPUT_001_5a0a67ff05 epoch=1 loss=0.7202 MAE=13.625/9.091 score=0.7467
I200_INPUT_001_5a0a67ff05 epoch=2 loss=0.6684 MAE=13.435/8.951 score=0.7358
I200_INPUT_001_5a0a67ff05 epoch=3 loss=0.6457 MAE=13.652/8.887 score=0.7392
I200_INPUT_001_5a0a67ff05 epoch=4 loss=0.6348 MAE=13.347/8.720 score=0.7240
I200_INPUT_001_5a0a67ff05 epoch=5 loss=0.6255 MAE=13.682/8.961 score=0.7430
[82/200] I200_INPUT_002_ac74cecb2b ppg_10s_none
I200_INPUT_002_ac74cecb2b epoch=1 loss=0.7203 MAE=13.583/9.066 score=0.7445
I200_INPUT_002_ac74cecb2b epoch=2 loss=0.6674 MAE=13.265/8.893 score=0.7287
I200_INPUT_002_ac74cecb2b epoch=3 loss=0.6426 MAE=13.532/8.840 score=0.7340
I200_INPUT_002_ac74cecb2b epoch=4 loss=0.6296 MAE=13.276/8.659 score=0.7195
I200_INPUT_002_ac74cecb2b epoch=5 loss=0.6206 MAE=13.606/8.957 score=0.7407
[83/200] I200_INPUT_003_2b0fb1a8ff ppg_15s_none
I200_INPUT_003_2b0fb1a8ff epoch=1 loss=0.7172 MAE=13.428/9.001 score=0.7376
I200_INPUT_003_2b0fb1a8ff epoch=2 loss=0.6624 MAE=13.225/8.856 score=0.7261
I200_INPUT_003_2b0fb1a8ff epoch=3 loss=0.6393 MAE=13.581/8.805 score=0.7339
I200_INPUT_003_2b0fb1a8ff epoch=4 loss=0.6269 MAE=13.315/8.694 score=0.7220
I200_INPUT_003_2b0fb1a8ff epoch=5 loss=0.6177 MAE=13.774/8.990 score=0.7468
[84/200] I200_INPUT_004_520f82a220 ppg_10s_rawfusion
I200_INPUT_004_520f82a220 epoch=1 loss=0.6974 MAE=13.256/8.782 score=0.7239
I200_INPUT_004_520f82a220 epoch=2 loss=0.6625 MAE=13.215/8.687 score=0.7189
I200_INPUT_004_520f82a220 epoch=3 loss=0.6457 MAE=13.294/8.742 score=0.7234
I200_INPUT_004_520f82a220 epoch=4 loss=0.6338 MAE=13.337/8.671 score=0.7217
[85/200] I200_INPUT_005_cbd8675b74 ppg_10s_robustfusion
I200_INPUT_005_cbd8675b74 epoch=1 loss=0.6932 MAE=13.274/8.787 score=0.7246
I200_INPUT_005_cbd8675b74 epoch=2 loss=0.6612 MAE=13.410/8.712 score=0.7254
I200_INPUT_005_cbd8675b74 epoch=3 loss=0.6471 MAE=13.549/8.795 score=0.7326
[86/200] I200_INPUT_006_7d7ae74fb0 ppg_zscore_5s_none
I200_INPUT_006_7d7ae74fb0 epoch=1 loss=0.7194 MAE=13.627/9.095 score=0.7469
I200_INPUT_006_7d7ae74fb0 epoch=2 loss=0.6740 MAE=13.457/9.109 score=0.7428
I200_INPUT_006_7d7ae74fb0 epoch=3 loss=0.6496 MAE=13.528/8.854 score=0.7344
I200_INPUT_006_7d7ae74fb0 epoch=4 loss=0.6365 MAE=13.377/8.679 score=0.7231
I200_INPUT_006_7d7ae74fb0 epoch=5 loss=0.6269 MAE=13.668/8.958 score=0.7425
[87/200] I200_INPUT_007_3d0037dee3 ppg_zscore_10s_none
I200_INPUT_007_3d0037dee3 epoch=1 loss=0.7189 MAE=13.573/8.995 score=0.7414
I200_INPUT_007_3d0037dee3 epoch=2 loss=0.6712 MAE=13.349/8.967 score=0.7340
I200_INPUT_007_3d0037dee3 epoch=3 loss=0.6461 MAE=13.408/8.783 score=0.7282
I200_INPUT_007_3d0037dee3 epoch=4 loss=0.6313 MAE=13.241/8.684 score=0.7196
I200_INPUT_007_3d0037dee3 epoch=5 loss=0.6224 MAE=13.883/8.989 score=0.7497
[88/200] I200_INPUT_008_9f0d2de734 ppg_zscore_15s_none
I200_INPUT_008_9f0d2de734 epoch=1 loss=0.7173 MAE=13.584/9.020 score=0.7427
I200_INPUT_008_9f0d2de734 epoch=2 loss=0.6671 MAE=13.331/8.896 score=0.7306
I200_INPUT_008_9f0d2de734 epoch=3 loss=0.6409 MAE=13.461/8.892 score=0.7341
I200_INPUT_008_9f0d2de734 epoch=4 loss=0.6282 MAE=13.363/8.666 score=0.7222
I200_INPUT_008_9f0d2de734 epoch=5 loss=0.6170 MAE=14.067/9.078 score=0.7584
[89/200] I200_INPUT_009_c7601107b8 ppg_zscore_10s_rawfusion
I200_INPUT_009_c7601107b8 epoch=1 loss=0.6974 MAE=13.201/8.755 score=0.7213
I200_INPUT_009_c7601107b8 epoch=2 loss=0.6597 MAE=13.204/8.708 score=0.7195
I200_INPUT_009_c7601107b8 epoch=3 loss=0.6382 MAE=13.148/8.670 score=0.7164
I200_INPUT_009_c7601107b8 epoch=4 loss=0.6243 MAE=13.243/8.648 score=0.7181
I200_INPUT_009_c7601107b8 epoch=5 loss=0.6090 MAE=13.155/8.658 score=0.7161
[90/200] I200_INPUT_010_231d30bd00 ppg_zscore_10s_robustfusion
I200_INPUT_010_231d30bd00 epoch=1 loss=0.6940 MAE=13.240/8.768 score=0.7229
I200_INPUT_010_231d30bd00 epoch=2 loss=0.6622 MAE=13.408/8.716 score=0.7255
I200_INPUT_010_231d30bd00 epoch=3 loss=0.6482 MAE=13.505/8.808 score=0.7319
[91/200] I200_INPUT_011_adc5468579 ppg_bandpass_5s_none
I200_INPUT_011_adc5468579 epoch=1 loss=0.7198 MAE=13.493/9.033 score=0.7407
I200_INPUT_011_adc5468579 epoch=2 loss=0.6752 MAE=13.520/8.951 score=0.7381
I200_INPUT_011_adc5468579 epoch=3 loss=0.6529 MAE=13.522/8.781 score=0.7313
I200_INPUT_011_adc5468579 epoch=4 loss=0.6406 MAE=13.268/8.637 score=0.7184
I200_INPUT_011_adc5468579 epoch=5 loss=0.6292 MAE=13.711/8.975 score=0.7444
[92/200] I200_INPUT_012_69e7b3b71a ppg_bandpass_10s_none
I200_INPUT_012_69e7b3b71a epoch=1 loss=0.7188 MAE=13.415/8.970 score=0.7359
I200_INPUT_012_69e7b3b71a epoch=2 loss=0.6771 MAE=13.431/8.831 score=0.7308
I200_INPUT_012_69e7b3b71a epoch=3 loss=0.6514 MAE=13.688/8.781 score=0.7359
I200_INPUT_012_69e7b3b71a epoch=4 loss=0.6370 MAE=13.250/8.683 score=0.7198
I200_INPUT_012_69e7b3b71a epoch=5 loss=0.6267 MAE=13.787/8.906 score=0.7437
[93/200] I200_INPUT_013_8621741f8c ppg_bandpass_15s_none
I200_INPUT_013_8621741f8c epoch=1 loss=0.7161 MAE=13.498/8.968 score=0.7382
I200_INPUT_013_8621741f8c epoch=2 loss=0.6734 MAE=13.467/8.867 score=0.7332
I200_INPUT_013_8621741f8c epoch=3 loss=0.6482 MAE=13.509/8.820 score=0.7325
I200_INPUT_013_8621741f8c epoch=4 loss=0.6321 MAE=13.293/8.725 score=0.7226
I200_INPUT_013_8621741f8c epoch=5 loss=0.6235 MAE=13.816/9.086 score=0.7518
[94/200] I200_INPUT_014_cfcb3bf74d ppg_bandpass_10s_rawfusion
I200_INPUT_014_cfcb3bf74d epoch=1 loss=0.6970 MAE=13.260/8.742 score=0.7224
I200_INPUT_014_cfcb3bf74d epoch=2 loss=0.6617 MAE=13.291/8.730 score=0.7228
I200_INPUT_014_cfcb3bf74d epoch=3 loss=0.6435 MAE=13.095/8.691 score=0.7158
I200_INPUT_014_cfcb3bf74d epoch=4 loss=0.6289 MAE=13.368/8.682 score=0.7230
I200_INPUT_014_cfcb3bf74d epoch=5 loss=0.6120 MAE=13.225/8.678 score=0.7189
[95/200] I200_INPUT_015_ba8c801495 ppg_bandpass_10s_robustfusion
I200_INPUT_015_ba8c801495 epoch=1 loss=0.6936 MAE=13.300/8.786 score=0.7253
I200_INPUT_015_ba8c801495 epoch=2 loss=0.6627 MAE=13.431/8.712 score=0.7260
I200_INPUT_015_ba8c801495 epoch=3 loss=0.6486 MAE=13.522/8.789 score=0.7316
[96/200] I200_INPUT_016_7380fb2f5d derivatives_5s_none
I200_INPUT_016_7380fb2f5d epoch=1 loss=0.6926 MAE=13.263/8.587 score=0.7163
I200_INPUT_016_7380fb2f5d epoch=2 loss=0.6395 MAE=13.556/8.771 score=0.7318
I200_INPUT_016_7380fb2f5d epoch=3 loss=0.6164 MAE=13.540/8.571 score=0.7233
[97/200] I200_INPUT_017_279ffe5338 derivatives_10s_none
I200_INPUT_017_279ffe5338 epoch=1 loss=0.6906 MAE=13.323/8.590 score=0.7180
I200_INPUT_017_279ffe5338 epoch=2 loss=0.6358 MAE=13.330/8.662 score=0.7211
I200_INPUT_017_279ffe5338 epoch=3 loss=0.6112 MAE=13.380/8.601 score=0.7200
[98/200] I200_INPUT_018_062ba085b7 derivatives_15s_none
I200_INPUT_018_062ba085b7 epoch=1 loss=0.6899 MAE=13.453/8.592 score=0.7217
I200_INPUT_018_062ba085b7 epoch=2 loss=0.6348 MAE=13.372/8.668 score=0.7225
I200_INPUT_018_062ba085b7 epoch=3 loss=0.6110 MAE=13.465/8.619 score=0.7231
[99/200] I200_INPUT_019_a4fd9a28a2 derivatives_10s_rawfusion
I200_INPUT_019_a4fd9a28a2 epoch=1 loss=0.6807 MAE=13.033/8.526 score=0.7073
I200_INPUT_019_a4fd9a28a2 epoch=2 loss=0.6315 MAE=13.246/8.602 score=0.7164
I200_INPUT_019_a4fd9a28a2 epoch=3 loss=0.6091 MAE=13.239/8.553 score=0.7142
[100/200] I200_INPUT_020_1f340aac23 derivatives_10s_robustfusion
I200_INPUT_020_1f340aac23 epoch=1 loss=0.6838 MAE=13.094/8.563 score=0.7106
I200_INPUT_020_1f340aac23 epoch=2 loss=0.6367 MAE=13.553/8.629 score=0.7260
I200_INPUT_020_1f340aac23 epoch=3 loss=0.6132 MAE=13.572/8.520 score=0.7221
[101/200] I200_INPUT_021_338dce3019 derivatives_zscore_5s_none
I200_INPUT_021_338dce3019 epoch=1 loss=0.6949 MAE=13.104/8.701 score=0.7164
I200_INPUT_021_338dce3019 epoch=2 loss=0.6441 MAE=13.341/8.775 score=0.7260
I200_INPUT_021_338dce3019 epoch=3 loss=0.6223 MAE=13.493/8.659 score=0.7255
[102/200] I200_INPUT_022_8b92050fae derivatives_zscore_10s_none
I200_INPUT_022_8b92050fae epoch=1 loss=0.6909 MAE=13.167/8.712 score=0.7186
I200_INPUT_022_8b92050fae epoch=2 loss=0.6395 MAE=13.283/8.764 score=0.7239
I200_INPUT_022_8b92050fae epoch=3 loss=0.6159 MAE=13.203/8.603 score=0.7152
I200_INPUT_022_8b92050fae epoch=4 loss=0.5949 MAE=13.165/8.595 score=0.7138
I200_INPUT_022_8b92050fae epoch=5 loss=0.5769 MAE=13.528/8.784 score=0.7316
[103/200] I200_INPUT_023_c865cfb797 derivatives_zscore_15s_none
I200_INPUT_023_c865cfb797 epoch=1 loss=0.6916 MAE=13.049/8.635 score=0.7123
I200_INPUT_023_c865cfb797 epoch=2 loss=0.6382 MAE=13.128/8.796 score=0.7209
I200_INPUT_023_c865cfb797 epoch=3 loss=0.6144 MAE=13.343/8.587 score=0.7185
[104/200] I200_INPUT_024_29fd0c2123 derivatives_zscore_10s_rawfusion
I200_INPUT_024_29fd0c2123 epoch=1 loss=0.6831 MAE=12.936/8.592 score=0.7073
I200_INPUT_024_29fd0c2123 epoch=2 loss=0.6367 MAE=13.135/8.623 score=0.7141
I200_INPUT_024_29fd0c2123 epoch=3 loss=0.6134 MAE=13.297/8.664 score=0.7203
[105/200] I200_INPUT_025_53d946abe9 derivatives_zscore_10s_robustfusion
I200_INPUT_025_53d946abe9 epoch=1 loss=0.6851 MAE=13.157/8.659 score=0.7162
I200_INPUT_025_53d946abe9 epoch=2 loss=0.6382 MAE=13.457/8.592 score=0.7218
I200_INPUT_025_53d946abe9 epoch=3 loss=0.6154 MAE=13.552/8.519 score=0.7215
[106/200] I200_INPUT_026_9498731ddb multiview_5s_none
I200_INPUT_026_9498731ddb epoch=1 loss=0.6917 MAE=13.355/8.591 score=0.7190
I200_INPUT_026_9498731ddb epoch=2 loss=0.6399 MAE=13.465/8.717 score=0.7271
I200_INPUT_026_9498731ddb epoch=3 loss=0.6175 MAE=13.304/8.593 score=0.7176
I200_INPUT_026_9498731ddb epoch=4 loss=0.6012 MAE=13.179/8.644 score=0.7162
I200_INPUT_026_9498731ddb epoch=5 loss=0.5785 MAE=13.857/8.938 score=0.7470
[107/200] I200_INPUT_027_7c2f1494bf multiview_10s_none
I200_INPUT_027_7c2f1494bf epoch=1 loss=0.6925 MAE=13.190/8.501 score=0.7107
I200_INPUT_027_7c2f1494bf epoch=2 loss=0.6372 MAE=13.364/8.643 score=0.7213
I200_INPUT_027_7c2f1494bf epoch=3 loss=0.6149 MAE=13.359/8.521 score=0.7162
[108/200] I200_INPUT_028_b8f71c13b6 multiview_15s_none
I200_INPUT_028_b8f71c13b6 epoch=1 loss=0.6923 MAE=13.090/8.566 score=0.7106
I200_INPUT_028_b8f71c13b6 epoch=2 loss=0.6360 MAE=13.224/8.630 score=0.7169
I200_INPUT_028_b8f71c13b6 epoch=3 loss=0.6139 MAE=13.336/8.667 score=0.7215
[109/200] I200_INPUT_029_742823fdbc multiview_10s_rawfusion
I200_INPUT_029_742823fdbc epoch=1 loss=0.6820 MAE=13.018/8.489 score=0.7055
I200_INPUT_029_742823fdbc epoch=2 loss=0.6306 MAE=13.219/8.700 score=0.7196
I200_INPUT_029_742823fdbc epoch=3 loss=0.6104 MAE=13.484/8.834 score=0.7324
[110/200] I200_INPUT_030_149402bc2e multiview_10s_robustfusion
I200_INPUT_030_149402bc2e epoch=1 loss=0.6763 MAE=13.207/8.550 score=0.7132
I200_INPUT_030_149402bc2e epoch=2 loss=0.6331 MAE=13.389/8.568 score=0.7190
I200_INPUT_030_149402bc2e epoch=3 loss=0.6099 MAE=13.796/8.643 score=0.7333
[111/200] I200_INPUT_031_5ea2002166 multiview_zscore_5s_none
I200_INPUT_031_5ea2002166 epoch=1 loss=0.6980 MAE=13.091/8.677 score=0.7151
I200_INPUT_031_5ea2002166 epoch=2 loss=0.6456 MAE=13.192/8.653 score=0.7169
I200_INPUT_031_5ea2002166 epoch=3 loss=0.6252 MAE=13.304/8.613 score=0.7184
[112/200] I200_INPUT_032_40fabb3eb3 multiview_zscore_10s_none
I200_INPUT_032_40fabb3eb3 epoch=1 loss=0.6952 MAE=13.121/8.751 score=0.7189
I200_INPUT_032_40fabb3eb3 epoch=2 loss=0.6431 MAE=13.131/8.589 score=0.7126
I200_INPUT_032_40fabb3eb3 epoch=3 loss=0.6225 MAE=13.147/8.632 score=0.7148
I200_INPUT_032_40fabb3eb3 epoch=4 loss=0.6025 MAE=13.243/8.631 score=0.7175
[113/200] I200_INPUT_033_d25c2b353f multiview_zscore_15s_none
I200_INPUT_033_d25c2b353f epoch=1 loss=0.6946 MAE=13.038/8.682 score=0.7138
I200_INPUT_033_d25c2b353f epoch=2 loss=0.6398 MAE=13.312/8.703 score=0.7223
I200_INPUT_033_d25c2b353f epoch=3 loss=0.6191 MAE=13.245/8.624 score=0.7172
[114/200] I200_INPUT_034_2d526e3812 multiview_zscore_10s_rawfusion
I200_INPUT_034_2d526e3812 epoch=1 loss=0.6864 MAE=13.023/8.505 score=0.7063
I200_INPUT_034_2d526e3812 epoch=2 loss=0.6353 MAE=13.049/8.509 score=0.7071
I200_INPUT_034_2d526e3812 epoch=3 loss=0.6148 MAE=13.881/8.914 score=0.7466
[115/200] I200_INPUT_035_9c2e6f8e53 multiview_zscore_10s_robustfusion
I200_INPUT_035_9c2e6f8e53 epoch=1 loss=0.6817 MAE=13.298/8.678 score=0.7209
I200_INPUT_035_9c2e6f8e53 epoch=2 loss=0.6391 MAE=13.197/8.507 score=0.7111
I200_INPUT_035_9c2e6f8e53 epoch=3 loss=0.6170 MAE=13.699/8.719 score=0.7337
I200_INPUT_035_9c2e6f8e53 epoch=4 loss=0.6019 MAE=13.227/8.493 score=0.7114
[116/200] I200_INPUT_036_fba8cae0d1 multiscale7_5s_none
I200_INPUT_036_fba8cae0d1 epoch=1 loss=0.7019 MAE=13.235/8.696 score=0.7199
I200_INPUT_036_fba8cae0d1 epoch=2 loss=0.6473 MAE=13.300/8.783 score=0.7252
I200_INPUT_036_fba8cae0d1 epoch=3 loss=0.6274 MAE=13.991/8.828 score=0.7462
[117/200] I200_INPUT_037_3faa50799a multiscale7_10s_none
I200_INPUT_037_3faa50799a epoch=1 loss=0.7024 MAE=13.172/8.610 score=0.7146
I200_INPUT_037_3faa50799a epoch=2 loss=0.6482 MAE=13.203/8.703 score=0.7193
I200_INPUT_037_3faa50799a epoch=3 loss=0.6272 MAE=13.535/8.727 score=0.7294
[118/200] I200_INPUT_038_a17876eb01 multiscale7_15s_none
I200_INPUT_038_a17876eb01 epoch=1 loss=0.7014 MAE=13.154/8.669 score=0.7165
I200_INPUT_038_a17876eb01 epoch=2 loss=0.6434 MAE=13.199/8.699 score=0.7190
I200_INPUT_038_a17876eb01 epoch=3 loss=0.6221 MAE=13.279/8.653 score=0.7194
[119/200] I200_INPUT_039_36ff63e07a multiscale7_10s_rawfusion
I200_INPUT_039_36ff63e07a epoch=1 loss=0.6977 MAE=13.151/8.704 score=0.7178
I200_INPUT_039_36ff63e07a epoch=2 loss=0.6451 MAE=13.091/8.527 score=0.7090
I200_INPUT_039_36ff63e07a epoch=3 loss=0.6225 MAE=13.375/8.699 score=0.7239
I200_INPUT_039_36ff63e07a epoch=4 loss=0.6082 MAE=13.065/8.544 score=0.7090
I200_INPUT_039_36ff63e07a epoch=5 loss=0.5905 MAE=13.452/8.947 score=0.7360
[120/200] I200_INPUT_040_ddb7bd5c56 multiscale7_10s_robustfusion
I200_INPUT_040_ddb7bd5c56 epoch=1 loss=0.6905 MAE=13.141/8.582 score=0.7127
I200_INPUT_040_ddb7bd5c56 epoch=2 loss=0.6479 MAE=13.304/8.515 score=0.7144
I200_INPUT_040_ddb7bd5c56 epoch=3 loss=0.6256 MAE=13.757/8.647 score=0.7324
[121/200] I200_OBJECTIVE_001_8e3d08f02d derivative5_huber_b025
I200_OBJECTIVE_001_8e3d08f02d epoch=1 loss=0.6156 MAE=13.090/8.733 score=0.7173
I200_OBJECTIVE_001_8e3d08f02d epoch=2 loss=0.5802 MAE=13.222/8.967 score=0.7305
I200_OBJECTIVE_001_8e3d08f02d epoch=3 loss=0.5647 MAE=13.487/8.613 score=0.7235
[122/200] I200_OBJECTIVE_002_b9d410edf4 derivative5_huber_b050
I200_OBJECTIVE_002_b9d410edf4 epoch=1 loss=0.5166 MAE=13.066/8.714 score=0.7159
I200_OBJECTIVE_002_b9d410edf4 epoch=2 loss=0.4817 MAE=13.261/8.828 score=0.7259
I200_OBJECTIVE_002_b9d410edf4 epoch=3 loss=0.4670 MAE=13.738/8.773 score=0.7370
[123/200] I200_OBJECTIVE_003_5710b00acb derivative5_huber_b100
I200_OBJECTIVE_003_5710b00acb epoch=1 loss=0.3680 MAE=13.105/8.716 score=0.7170
I200_OBJECTIVE_003_5710b00acb epoch=2 loss=0.3377 MAE=13.143/8.733 score=0.7188
I200_OBJECTIVE_003_5710b00acb epoch=3 loss=0.3257 MAE=13.728/8.699 score=0.7337
[124/200] I200_OBJECTIVE_004_917d419812 derivative5_l1
I200_OBJECTIVE_004_917d419812 epoch=1 loss=0.7313 MAE=13.058/8.745 score=0.7169
I200_OBJECTIVE_004_917d419812 epoch=2 loss=0.6965 MAE=13.245/8.952 score=0.7305
I200_OBJECTIVE_004_917d419812 epoch=3 loss=0.6819 MAE=13.404/8.636 score=0.7221
[125/200] I200_OBJECTIVE_005_454f97e50c derivative5_logcosh
I200_OBJECTIVE_005_454f97e50c epoch=1 loss=0.3249 MAE=13.104/8.701 score=0.7164
I200_OBJECTIVE_005_454f97e50c epoch=2 loss=0.2999 MAE=13.143/8.695 score=0.7173
I200_OBJECTIVE_005_454f97e50c epoch=3 loss=0.2891 MAE=13.689/8.720 score=0.7335
[126/200] I200_OBJECTIVE_006_dd07db37de derivative5_ccc002
I200_OBJECTIVE_006_dd07db37de epoch=1 loss=0.5321 MAE=13.067/8.749 score=0.7173
I200_OBJECTIVE_006_dd07db37de epoch=2 loss=0.4951 MAE=13.268/8.851 score=0.7270
I200_OBJECTIVE_006_dd07db37de epoch=3 loss=0.4787 MAE=13.802/8.727 score=0.7369
[127/200] I200_OBJECTIVE_007_820ae3c4e9 derivative5_ccc005
I200_OBJECTIVE_007_820ae3c4e9 epoch=1 loss=0.5530 MAE=13.114/8.728 score=0.7178
I200_OBJECTIVE_007_820ae3c4e9 epoch=2 loss=0.5127 MAE=13.272/8.786 score=0.7245
I200_OBJECTIVE_007_820ae3c4e9 epoch=3 loss=0.4958 MAE=13.683/8.768 score=0.7352
[128/200] I200_OBJECTIVE_008_41b568d00c derivative5_ccc010
I200_OBJECTIVE_008_41b568d00c epoch=1 loss=0.5884 MAE=13.115/8.760 score=0.7191
I200_OBJECTIVE_008_41b568d00c epoch=2 loss=0.5424 MAE=13.244/8.753 score=0.7224
I200_OBJECTIVE_008_41b568d00c epoch=3 loss=0.5234 MAE=13.806/8.869 score=0.7427
[129/200] I200_OBJECTIVE_009_ec1770bdaa derivative5_ccc020
I200_OBJECTIVE_009_ec1770bdaa epoch=1 loss=0.6568 MAE=13.189/8.748 score=0.7207
I200_OBJECTIVE_009_ec1770bdaa epoch=2 loss=0.6023 MAE=13.255/8.765 score=0.7232
I200_OBJECTIVE_009_ec1770bdaa epoch=3 loss=0.5794 MAE=13.680/8.785 score=0.7359
[130/200] I200_OBJECTIVE_010_dd4ad80620 derivative5_asym025
I200_OBJECTIVE_010_dd4ad80620 epoch=1 loss=0.5440 MAE=13.180/8.756 score=0.7207
I200_OBJECTIVE_010_dd4ad80620 epoch=2 loss=0.5059 MAE=13.305/8.724 score=0.7229
I200_OBJECTIVE_010_dd4ad80620 epoch=3 loss=0.4894 MAE=14.002/8.875 score=0.7484
[131/200] I200_OBJECTIVE_011_9b92c429e0 derivative5_asym050
I200_OBJECTIVE_011_9b92c429e0 epoch=1 loss=0.5671 MAE=13.152/8.797 score=0.7216
I200_OBJECTIVE_011_9b92c429e0 epoch=2 loss=0.5291 MAE=13.329/8.712 score=0.7231
I200_OBJECTIVE_011_9b92c429e0 epoch=3 loss=0.5107 MAE=13.657/8.805 score=0.7360
[132/200] I200_OBJECTIVE_012_8d558f4669 derivative5_focal025
I200_OBJECTIVE_012_8d558f4669 epoch=1 loss=0.6867 MAE=13.076/8.742 score=0.7173
I200_OBJECTIVE_012_8d558f4669 epoch=2 loss=0.6340 MAE=13.214/8.739 score=0.7210
I200_OBJECTIVE_012_8d558f4669 epoch=3 loss=0.6127 MAE=13.685/8.795 score=0.7364
[133/200] I200_OBJECTIVE_013_4ed9c24758 derivative5_focal050
I200_OBJECTIVE_013_4ed9c24758 epoch=1 loss=0.8537 MAE=13.045/8.695 score=0.7145
I200_OBJECTIVE_013_4ed9c24758 epoch=2 loss=0.7863 MAE=13.139/8.695 score=0.7172
I200_OBJECTIVE_013_4ed9c24758 epoch=3 loss=0.7567 MAE=13.778/8.764 score=0.7377
[134/200] I200_OBJECTIVE_014_3ef0b02db8 derivative5_physio005
I200_OBJECTIVE_014_3ef0b02db8 epoch=1 loss=0.5166 MAE=13.066/8.714 score=0.7159
I200_OBJECTIVE_014_3ef0b02db8 epoch=2 loss=0.4817 MAE=13.261/8.828 score=0.7259
I200_OBJECTIVE_014_3ef0b02db8 epoch=3 loss=0.4670 MAE=13.738/8.773 score=0.7370
[135/200] I200_OBJECTIVE_015_61d5d1a3f3 derivative5_physio015
I200_OBJECTIVE_015_61d5d1a3f3 epoch=1 loss=0.5166 MAE=13.066/8.714 score=0.7159
I200_OBJECTIVE_015_61d5d1a3f3 epoch=2 loss=0.4817 MAE=13.261/8.828 score=0.7259
I200_OBJECTIVE_015_61d5d1a3f3 epoch=3 loss=0.4670 MAE=13.738/8.773 score=0.7370
[136/200] I200_OBJECTIVE_016_d841344ee2 derivative5_clinical010
/home/asr/mahditaghsimi/maghale/FINAL/phase2/engine.py:251: UserWarning: torch.searchsorted(): input value tensor is non-contiguous, this will lower the performance due to extra data copy when converting non-contiguous tensor to contiguous, please use contiguous input value tensor if possible. This message will only appear once per program. (Triggered internally at /pytorch/aten/src/ATen/native/BucketizationUtils.h:32.)
  sbp_class = torch.bucketize(physical[:, 0], torch.tensor([90.0, 120.0, 140.0], device=output.device))
I200_OBJECTIVE_016_d841344ee2 epoch=1 loss=0.6093 MAE=13.021/8.741 score=0.7157
I200_OBJECTIVE_016_d841344ee2 epoch=2 loss=0.5707 MAE=13.205/8.630 score=0.7164
I200_OBJECTIVE_016_d841344ee2 epoch=3 loss=0.5536 MAE=13.538/8.615 score=0.7250
[137/200] I200_OBJECTIVE_017_381a27617c derivative5_ordinal010
I200_OBJECTIVE_017_381a27617c epoch=1 loss=0.5481 MAE=13.083/8.743 score=0.7175
I200_OBJECTIVE_017_381a27617c epoch=2 loss=0.5073 MAE=13.166/8.730 score=0.7193
I200_OBJECTIVE_017_381a27617c epoch=3 loss=0.4915 MAE=13.610/8.735 score=0.7319
[138/200] I200_OBJECTIVE_018_5c36d0c5e8 derivative5_multitask_light
I200_OBJECTIVE_018_5c36d0c5e8 epoch=1 loss=0.6165 MAE=13.073/8.617 score=0.7122
I200_OBJECTIVE_018_5c36d0c5e8 epoch=2 loss=0.5732 MAE=13.222/8.750 score=0.7217
I200_OBJECTIVE_018_5c36d0c5e8 epoch=3 loss=0.5542 MAE=13.530/8.593 score=0.7239
[139/200] I200_OBJECTIVE_019_66d7a8f534 derivative5_multitask_default
I200_OBJECTIVE_019_66d7a8f534 epoch=1 loss=0.6974 MAE=13.083/8.638 score=0.7133
I200_OBJECTIVE_019_66d7a8f534 epoch=2 loss=0.6446 MAE=13.190/8.663 score=0.7173
I200_OBJECTIVE_019_66d7a8f534 epoch=3 loss=0.6216 MAE=13.620/8.631 score=0.7279
[140/200] I200_OBJECTIVE_020_34c60ebb0e derivative5_multitask_strong
I200_OBJECTIVE_020_34c60ebb0e epoch=1 loss=0.7779 MAE=13.117/8.668 score=0.7154
I200_OBJECTIVE_020_34c60ebb0e epoch=2 loss=0.7146 MAE=13.175/8.661 score=0.7168
I200_OBJECTIVE_020_34c60ebb0e epoch=3 loss=0.6905 MAE=13.445/8.584 score=0.7212
[141/200] I200_OBJECTIVE_021_82f0a5d7c2 multiview10_huber_b025
I200_OBJECTIVE_021_82f0a5d7c2 epoch=1 loss=0.6158 MAE=13.013/8.659 score=0.7122
I200_OBJECTIVE_021_82f0a5d7c2 epoch=2 loss=0.5776 MAE=13.213/8.749 score=0.7214
I200_OBJECTIVE_021_82f0a5d7c2 epoch=3 loss=0.5610 MAE=13.649/8.822 score=0.7365
[142/200] I200_OBJECTIVE_022_e0b59285b3 multiview10_huber_b050
I200_OBJECTIVE_022_e0b59285b3 epoch=1 loss=0.5161 MAE=13.045/8.668 score=0.7135
I200_OBJECTIVE_022_e0b59285b3 epoch=2 loss=0.4797 MAE=13.173/8.735 score=0.7197
I200_OBJECTIVE_022_e0b59285b3 epoch=3 loss=0.4642 MAE=13.753/8.887 score=0.7420
[143/200] I200_OBJECTIVE_023_5fff5c4908 multiview10_huber_b100
I200_OBJECTIVE_023_5fff5c4908 epoch=1 loss=0.3664 MAE=13.016/8.678 score=0.7130
I200_OBJECTIVE_023_5fff5c4908 epoch=2 loss=0.3364 MAE=13.112/8.659 score=0.7149
I200_OBJECTIVE_023_5fff5c4908 epoch=3 loss=0.3239 MAE=13.488/8.778 score=0.7302
[144/200] I200_OBJECTIVE_024_ace6c807b9 multiview10_l1
I200_OBJECTIVE_024_ace6c807b9 epoch=1 loss=0.7311 MAE=13.049/8.704 score=0.7150
I200_OBJECTIVE_024_ace6c807b9 epoch=2 loss=0.6943 MAE=13.334/8.883 score=0.7302
I200_OBJECTIVE_024_ace6c807b9 epoch=3 loss=0.6769 MAE=13.382/8.810 score=0.7286
[145/200] I200_OBJECTIVE_025_2b63330c7f multiview10_logcosh
I200_OBJECTIVE_025_2b63330c7f epoch=1 loss=0.3242 MAE=13.135/8.654 score=0.7154
I200_OBJECTIVE_025_2b63330c7f epoch=2 loss=0.2978 MAE=13.129/8.672 score=0.7159
I200_OBJECTIVE_025_2b63330c7f epoch=3 loss=0.2871 MAE=13.608/8.774 score=0.7334
[146/200] I200_OBJECTIVE_026_429b18c57c multiview10_ccc002
I200_OBJECTIVE_026_429b18c57c epoch=1 loss=0.5304 MAE=12.984/8.597 score=0.7089
I200_OBJECTIVE_026_429b18c57c epoch=2 loss=0.4909 MAE=13.150/8.633 score=0.7150
I200_OBJECTIVE_026_429b18c57c epoch=3 loss=0.4737 MAE=13.180/8.636 score=0.7159
[147/200] I200_OBJECTIVE_027_492cab1d85 multiview10_ccc005
I200_OBJECTIVE_027_492cab1d85 epoch=1 loss=0.5511 MAE=13.129/8.670 score=0.7159
I200_OBJECTIVE_027_492cab1d85 epoch=2 loss=0.5082 MAE=13.199/8.650 score=0.7170
I200_OBJECTIVE_027_492cab1d85 epoch=3 loss=0.4898 MAE=13.248/8.647 score=0.7182
[148/200] I200_OBJECTIVE_028_2ead73d1c4 multiview10_ccc010
I200_OBJECTIVE_028_2ead73d1c4 epoch=1 loss=0.5858 MAE=13.108/8.727 score=0.7176
I200_OBJECTIVE_028_2ead73d1c4 epoch=2 loss=0.5400 MAE=13.214/8.711 score=0.7199
I200_OBJECTIVE_028_2ead73d1c4 epoch=3 loss=0.5183 MAE=13.182/8.612 score=0.7150
I200_OBJECTIVE_028_2ead73d1c4 epoch=4 loss=0.5014 MAE=13.142/8.567 score=0.7120
I200_OBJECTIVE_028_2ead73d1c4 epoch=5 loss=0.4831 MAE=13.341/8.892 score=0.7307
[149/200] I200_OBJECTIVE_029_26d6c1ef0d multiview10_ccc020
I200_OBJECTIVE_029_26d6c1ef0d epoch=1 loss=0.6472 MAE=13.322/8.859 score=0.7289
I200_OBJECTIVE_029_26d6c1ef0d epoch=2 loss=0.5941 MAE=13.180/8.746 score=0.7204
I200_OBJECTIVE_029_26d6c1ef0d epoch=3 loss=0.5709 MAE=13.214/8.725 score=0.7204
I200_OBJECTIVE_029_26d6c1ef0d epoch=4 loss=0.5500 MAE=13.299/8.649 score=0.7197
I200_OBJECTIVE_029_26d6c1ef0d epoch=5 loss=0.5312 MAE=13.662/8.966 score=0.7427
[150/200] I200_OBJECTIVE_030_c434aa0ee6 multiview10_asym025
I200_OBJECTIVE_030_c434aa0ee6 epoch=1 loss=0.5426 MAE=13.050/8.682 score=0.7142
I200_OBJECTIVE_030_c434aa0ee6 epoch=2 loss=0.5032 MAE=13.222/8.662 score=0.7181
I200_OBJECTIVE_030_c434aa0ee6 epoch=3 loss=0.4864 MAE=13.585/8.881 score=0.7371
[151/200] I200_OBJECTIVE_031_d40db3fa0f multiview10_asym050
I200_OBJECTIVE_031_d40db3fa0f epoch=1 loss=0.5691 MAE=13.280/8.821 score=0.7262
I200_OBJECTIVE_031_d40db3fa0f epoch=2 loss=0.5255 MAE=13.264/8.719 score=0.7216
I200_OBJECTIVE_031_d40db3fa0f epoch=3 loss=0.5082 MAE=13.668/8.853 score=0.7383
I200_OBJECTIVE_031_d40db3fa0f epoch=4 loss=0.4921 MAE=13.221/8.607 score=0.7159
I200_OBJECTIVE_031_d40db3fa0f epoch=5 loss=0.4765 MAE=13.811/8.997 score=0.7481
[152/200] I200_OBJECTIVE_032_702a3db04d multiview10_focal025
I200_OBJECTIVE_032_702a3db04d epoch=1 loss=0.6839 MAE=13.054/8.654 score=0.7131
I200_OBJECTIVE_032_702a3db04d epoch=2 loss=0.6296 MAE=13.110/8.645 score=0.7143
I200_OBJECTIVE_032_702a3db04d epoch=3 loss=0.6067 MAE=13.456/8.758 score=0.7285
[153/200] I200_OBJECTIVE_033_9e0e800ed9 multiview10_focal050
I200_OBJECTIVE_033_9e0e800ed9 epoch=1 loss=0.8456 MAE=13.085/8.684 score=0.7152
I200_OBJECTIVE_033_9e0e800ed9 epoch=2 loss=0.7784 MAE=13.077/8.642 score=0.7133
I200_OBJECTIVE_033_9e0e800ed9 epoch=3 loss=0.7490 MAE=13.578/8.808 score=0.7339
I200_OBJECTIVE_033_9e0e800ed9 epoch=4 loss=0.7223 MAE=13.060/8.550 score=0.7091
I200_OBJECTIVE_033_9e0e800ed9 epoch=5 loss=0.6952 MAE=13.550/9.106 score=0.7452
[154/200] I200_OBJECTIVE_034_ef476d7c92 multiview10_physio005
I200_OBJECTIVE_034_ef476d7c92 epoch=1 loss=0.5161 MAE=13.045/8.668 score=0.7135
I200_OBJECTIVE_034_ef476d7c92 epoch=2 loss=0.4797 MAE=13.173/8.735 score=0.7197
I200_OBJECTIVE_034_ef476d7c92 epoch=3 loss=0.4642 MAE=13.753/8.887 score=0.7420
[155/200] I200_OBJECTIVE_035_aa574dddbd multiview10_physio015
I200_OBJECTIVE_035_aa574dddbd epoch=1 loss=0.5161 MAE=13.045/8.668 score=0.7135
I200_OBJECTIVE_035_aa574dddbd epoch=2 loss=0.4797 MAE=13.173/8.735 score=0.7197
I200_OBJECTIVE_035_aa574dddbd epoch=3 loss=0.4642 MAE=13.753/8.887 score=0.7420
[156/200] I200_OBJECTIVE_036_26f9e5719b multiview10_clinical010
I200_OBJECTIVE_036_26f9e5719b epoch=1 loss=0.6117 MAE=13.046/8.648 score=0.7127
I200_OBJECTIVE_036_26f9e5719b epoch=2 loss=0.5684 MAE=13.106/8.756 score=0.7187
I200_OBJECTIVE_036_26f9e5719b epoch=3 loss=0.5501 MAE=13.455/8.815 score=0.7308
[157/200] I200_OBJECTIVE_037_e063e94f84 multiview10_ordinal010
I200_OBJECTIVE_037_e063e94f84 epoch=1 loss=0.5516 MAE=13.044/8.580 score=0.7098
I200_OBJECTIVE_037_e063e94f84 epoch=2 loss=0.5053 MAE=13.119/8.749 score=0.7188
I200_OBJECTIVE_037_e063e94f84 epoch=3 loss=0.4883 MAE=13.454/8.711 score=0.7266
[158/200] I200_OBJECTIVE_038_5c67535776 multiview10_multitask_light
I200_OBJECTIVE_038_5c67535776 epoch=1 loss=0.6146 MAE=13.083/8.719 score=0.7166
I200_OBJECTIVE_038_5c67535776 epoch=2 loss=0.5709 MAE=13.196/8.804 score=0.7232
I200_OBJECTIVE_038_5c67535776 epoch=3 loss=0.5513 MAE=13.361/8.663 score=0.7220
[159/200] I200_OBJECTIVE_039_658a4fb05c multiview10_multitask_default
I200_OBJECTIVE_039_658a4fb05c epoch=1 loss=0.6902 MAE=13.079/8.731 score=0.7170
I200_OBJECTIVE_039_658a4fb05c epoch=2 loss=0.6393 MAE=13.216/8.915 score=0.7282
I200_OBJECTIVE_039_658a4fb05c epoch=3 loss=0.6167 MAE=13.399/8.668 score=0.7233
[160/200] I200_OBJECTIVE_040_6935a67a67 multiview10_multitask_strong
I200_OBJECTIVE_040_6935a67a67 epoch=1 loss=0.7702 MAE=13.037/8.586 score=0.7099
I200_OBJECTIVE_040_6935a67a67 epoch=2 loss=0.7097 MAE=13.201/8.807 score=0.7234
I200_OBJECTIVE_040_6935a67a67 epoch=3 loss=0.6854 MAE=13.484/8.744 score=0.7287
[161/200] I200_TRAIN_001_e869218e48 adamw_3e4_cos_none
I200_TRAIN_001_e869218e48 epoch=1 loss=0.7037 MAE=13.012/8.582 score=0.7091
I200_TRAIN_001_e869218e48 epoch=2 loss=0.6421 MAE=12.933/8.468 score=0.7022
I200_TRAIN_001_e869218e48 epoch=3 loss=0.6173 MAE=13.075/8.634 score=0.7129
I200_TRAIN_001_e869218e48 epoch=4 loss=0.5918 MAE=13.148/8.673 score=0.7165
[162/200] I200_TRAIN_002_f0d192a0e6 adamw_3e4_cos_mask
I200_TRAIN_002_f0d192a0e6 epoch=1 loss=0.7039 MAE=13.011/8.582 score=0.7090
I200_TRAIN_002_f0d192a0e6 epoch=2 loss=0.6432 MAE=12.952/8.452 score=0.7021
I200_TRAIN_002_f0d192a0e6 epoch=3 loss=0.6204 MAE=12.989/8.592 score=0.7088
I200_TRAIN_002_f0d192a0e6 epoch=4 loss=0.5974 MAE=13.103/8.589 score=0.7119
[163/200] I200_TRAIN_003_7a8882a0ec adamw_3e4_cos_amplitude_warp
I200_TRAIN_003_7a8882a0ec epoch=1 loss=0.7046 MAE=13.026/8.624 score=0.7111
I200_TRAIN_003_7a8882a0ec epoch=2 loss=0.6431 MAE=12.909/8.434 score=0.7002
I200_TRAIN_003_7a8882a0ec epoch=3 loss=0.6193 MAE=13.007/8.579 score=0.7088
I200_TRAIN_003_7a8882a0ec epoch=4 loss=0.5967 MAE=13.166/8.609 score=0.7144
[164/200] I200_TRAIN_004_ea1cf9350e adamw_3e4_cos_compound_morphology
I200_TRAIN_004_ea1cf9350e epoch=1 loss=0.7050 MAE=13.054/8.613 score=0.7115
I200_TRAIN_004_ea1cf9350e epoch=2 loss=0.6440 MAE=12.926/8.472 score=0.7022
I200_TRAIN_004_ea1cf9350e epoch=3 loss=0.6225 MAE=13.041/8.657 score=0.7129
I200_TRAIN_004_ea1cf9350e epoch=4 loss=0.6054 MAE=13.153/8.605 score=0.7139
[165/200] I200_TRAIN_005_40f0734fee adamw_6e4_none_none
I200_TRAIN_005_40f0734fee epoch=1 loss=0.6947 MAE=12.993/8.621 score=0.7101
I200_TRAIN_005_40f0734fee epoch=2 loss=0.6415 MAE=13.044/8.531 score=0.7079
I200_TRAIN_005_40f0734fee epoch=3 loss=0.6207 MAE=13.271/8.570 score=0.7158
I200_TRAIN_005_40f0734fee epoch=4 loss=0.6032 MAE=13.030/8.629 score=0.7114
[166/200] I200_TRAIN_006_aae6ff34ee adamw_6e4_none_mask
I200_TRAIN_006_aae6ff34ee epoch=1 loss=0.6964 MAE=13.017/8.653 score=0.7121
I200_TRAIN_006_aae6ff34ee epoch=2 loss=0.6425 MAE=13.035/8.532 score=0.7077
I200_TRAIN_006_aae6ff34ee epoch=3 loss=0.6228 MAE=13.247/8.557 score=0.7146
I200_TRAIN_006_aae6ff34ee epoch=4 loss=0.6058 MAE=13.099/8.601 score=0.7122
[167/200] I200_TRAIN_007_cf4e7cbc89 adamw_6e4_none_amplitude_warp
I200_TRAIN_007_cf4e7cbc89 epoch=1 loss=0.6958 MAE=12.963/8.643 score=0.7101
I200_TRAIN_007_cf4e7cbc89 epoch=2 loss=0.6413 MAE=13.048/8.527 score=0.7078
I200_TRAIN_007_cf4e7cbc89 epoch=3 loss=0.6211 MAE=13.267/8.499 score=0.7128
I200_TRAIN_007_cf4e7cbc89 epoch=4 loss=0.6036 MAE=13.049/8.515 score=0.7074
I200_TRAIN_007_cf4e7cbc89 epoch=5 loss=0.5870 MAE=13.585/8.728 score=0.7309
[168/200] I200_TRAIN_008_943f584d06 adamw_6e4_none_compound_morphology
I200_TRAIN_008_943f584d06 epoch=1 loss=0.6954 MAE=13.017/8.637 score=0.7114
I200_TRAIN_008_943f584d06 epoch=2 loss=0.6435 MAE=13.055/8.532 score=0.7082
I200_TRAIN_008_943f584d06 epoch=3 loss=0.6234 MAE=13.116/8.535 score=0.7100
I200_TRAIN_008_943f584d06 epoch=4 loss=0.6096 MAE=13.081/8.588 score=0.7112
[169/200] I200_TRAIN_009_527a78f50d adamw_6e4_cos_none
I200_TRAIN_009_527a78f50d epoch=1 loss=0.6947 MAE=12.993/8.621 score=0.7101
I200_TRAIN_009_527a78f50d epoch=2 loss=0.6410 MAE=13.008/8.478 score=0.7047
I200_TRAIN_009_527a78f50d epoch=3 loss=0.6163 MAE=13.145/8.631 score=0.7147
I200_TRAIN_009_527a78f50d epoch=4 loss=0.5916 MAE=13.139/8.670 score=0.7161
[170/200] I200_TRAIN_010_fa743a5848 adamw_6e4_cos_mask
I200_TRAIN_010_fa743a5848 epoch=1 loss=0.6964 MAE=13.017/8.653 score=0.7121
I200_TRAIN_010_fa743a5848 epoch=2 loss=0.6419 MAE=13.034/8.526 score=0.7074
I200_TRAIN_010_fa743a5848 epoch=3 loss=0.6182 MAE=13.064/8.605 score=0.7114
I200_TRAIN_010_fa743a5848 epoch=4 loss=0.5945 MAE=13.135/8.647 score=0.7151
[171/200] I200_TRAIN_011_48709fa5af adamw_6e4_cos_amplitude_warp
I200_TRAIN_011_48709fa5af epoch=1 loss=0.6958 MAE=12.963/8.643 score=0.7101
I200_TRAIN_011_48709fa5af epoch=2 loss=0.6405 MAE=13.023/8.502 score=0.7061
I200_TRAIN_011_48709fa5af epoch=3 loss=0.6167 MAE=13.173/8.561 score=0.7127
I200_TRAIN_011_48709fa5af epoch=4 loss=0.5925 MAE=13.087/8.582 score=0.7111
[172/200] I200_TRAIN_012_8d7ec3f701 adamw_6e4_cos_compound_morphology
I200_TRAIN_012_8d7ec3f701 epoch=1 loss=0.6954 MAE=13.017/8.637 score=0.7114
I200_TRAIN_012_8d7ec3f701 epoch=2 loss=0.6426 MAE=13.036/8.526 score=0.7075
I200_TRAIN_012_8d7ec3f701 epoch=3 loss=0.6205 MAE=13.043/8.616 score=0.7113
I200_TRAIN_012_8d7ec3f701 epoch=4 loss=0.6010 MAE=13.098/8.606 score=0.7124
[173/200] I200_TRAIN_013_06fc2d91b6 adamw_1e3_cos_none
I200_TRAIN_013_06fc2d91b6 epoch=1 loss=0.7002 MAE=13.019/8.647 score=0.7119
I200_TRAIN_013_06fc2d91b6 epoch=2 loss=0.6439 MAE=13.118/8.554 score=0.7109
I200_TRAIN_013_06fc2d91b6 epoch=3 loss=0.6176 MAE=13.142/8.524 score=0.7103
I200_TRAIN_013_06fc2d91b6 epoch=4 loss=0.5935 MAE=13.067/8.603 score=0.7114
I200_TRAIN_013_06fc2d91b6 epoch=5 loss=0.5623 MAE=13.398/8.711 score=0.7250
[174/200] I200_TRAIN_014_ed4d0bc107 adamw_1e3_cos_mask
I200_TRAIN_014_ed4d0bc107 epoch=1 loss=0.6972 MAE=13.057/8.684 score=0.7144
I200_TRAIN_014_ed4d0bc107 epoch=2 loss=0.6439 MAE=13.125/8.612 score=0.7134
I200_TRAIN_014_ed4d0bc107 epoch=3 loss=0.6191 MAE=13.269/8.509 score=0.7132
I200_TRAIN_014_ed4d0bc107 epoch=4 loss=0.5978 MAE=13.107/8.577 score=0.7115
I200_TRAIN_014_ed4d0bc107 epoch=5 loss=0.5670 MAE=13.453/8.656 score=0.7243
[175/200] I200_TRAIN_015_7a9222a663 adamw_1e3_cos_amplitude_warp
I200_TRAIN_015_7a9222a663 epoch=1 loss=0.6991 MAE=13.007/8.618 score=0.7104
I200_TRAIN_015_7a9222a663 epoch=2 loss=0.6427 MAE=13.120/8.568 score=0.7115
I200_TRAIN_015_7a9222a663 epoch=3 loss=0.6174 MAE=13.005/8.514 score=0.7061
I200_TRAIN_015_7a9222a663 epoch=4 loss=0.5924 MAE=13.086/8.576 score=0.7108
I200_TRAIN_015_7a9222a663 epoch=5 loss=0.5626 MAE=13.413/8.735 score=0.7264
[176/200] I200_TRAIN_016_86ff396d16 adamw_1e3_cos_compound_morphology
I200_TRAIN_016_86ff396d16 epoch=1 loss=0.6964 MAE=13.021/8.647 score=0.7119
I200_TRAIN_016_86ff396d16 epoch=2 loss=0.6428 MAE=13.062/8.531 score=0.7084
I200_TRAIN_016_86ff396d16 epoch=3 loss=0.6189 MAE=13.114/8.566 score=0.7112
I200_TRAIN_016_86ff396d16 epoch=4 loss=0.5998 MAE=13.086/8.542 score=0.7095
[177/200] I200_TRAIN_017_37bb96d33b adamw_1e3_wd1e5_none
I200_TRAIN_017_37bb96d33b epoch=1 loss=0.6991 MAE=13.034/8.642 score=0.7121
I200_TRAIN_017_37bb96d33b epoch=2 loss=0.6434 MAE=13.104/8.651 score=0.7144
I200_TRAIN_017_37bb96d33b epoch=3 loss=0.6220 MAE=13.183/8.541 score=0.7122
[178/200] I200_TRAIN_018_cf39a9f7d6 adamw_1e3_wd1e5_mask
I200_TRAIN_018_cf39a9f7d6 epoch=1 loss=0.6967 MAE=13.040/8.672 score=0.7135
I200_TRAIN_018_cf39a9f7d6 epoch=2 loss=0.6437 MAE=13.130/8.630 score=0.7143
I200_TRAIN_018_cf39a9f7d6 epoch=3 loss=0.6232 MAE=13.197/8.469 score=0.7096
I200_TRAIN_018_cf39a9f7d6 epoch=4 loss=0.6081 MAE=13.191/8.621 score=0.7156
I200_TRAIN_018_cf39a9f7d6 epoch=5 loss=0.5919 MAE=13.459/8.689 score=0.7258
[179/200] I200_TRAIN_019_6221633710 adamw_1e3_wd1e5_amplitude_warp
I200_TRAIN_019_6221633710 epoch=1 loss=0.6989 MAE=13.031/8.625 score=0.7113
I200_TRAIN_019_6221633710 epoch=2 loss=0.6435 MAE=13.120/8.562 score=0.7113
I200_TRAIN_019_6221633710 epoch=3 loss=0.6223 MAE=13.250/8.513 score=0.7129
I200_TRAIN_019_6221633710 epoch=4 loss=0.6055 MAE=13.080/8.563 score=0.7102
I200_TRAIN_019_6221633710 epoch=5 loss=0.5891 MAE=13.878/9.016 score=0.7507
[180/200] I200_TRAIN_020_79f182bed4 adamw_1e3_wd1e5_compound_morphology
I200_TRAIN_020_79f182bed4 epoch=1 loss=0.6959 MAE=13.061/8.625 score=0.7121
I200_TRAIN_020_79f182bed4 epoch=2 loss=0.6439 MAE=13.089/8.550 score=0.7099
I200_TRAIN_020_79f182bed4 epoch=3 loss=0.6223 MAE=13.200/8.474 score=0.7099
I200_TRAIN_020_79f182bed4 epoch=4 loss=0.6102 MAE=13.033/8.547 score=0.7082
I200_TRAIN_020_79f182bed4 epoch=5 loss=0.5953 MAE=13.665/8.720 score=0.7328
[181/200] I200_TRAIN_021_a4bcb0138f radam_6e4_none
I200_TRAIN_021_a4bcb0138f epoch=1 loss=0.7463 MAE=13.053/8.754 score=0.7172
I200_TRAIN_021_a4bcb0138f epoch=2 loss=0.6573 MAE=12.944/8.462 score=0.7023
I200_TRAIN_021_a4bcb0138f epoch=3 loss=0.6337 MAE=13.355/8.639 score=0.7209
I200_TRAIN_021_a4bcb0138f epoch=4 loss=0.6188 MAE=13.149/8.554 score=0.7117
[182/200] I200_TRAIN_022_55c81c0027 radam_6e4_mask
I200_TRAIN_022_55c81c0027 epoch=1 loss=0.7463 MAE=13.071/8.761 score=0.7180
I200_TRAIN_022_55c81c0027 epoch=2 loss=0.6579 MAE=12.920/8.440 score=0.7008
I200_TRAIN_022_55c81c0027 epoch=3 loss=0.6346 MAE=13.146/8.584 score=0.7128
I200_TRAIN_022_55c81c0027 epoch=4 loss=0.6206 MAE=13.089/8.535 score=0.7093
[183/200] I200_TRAIN_023_92f2c0f793 radam_6e4_amplitude_warp
I200_TRAIN_023_92f2c0f793 epoch=1 loss=0.7468 MAE=13.078/8.784 score=0.7190
I200_TRAIN_023_92f2c0f793 epoch=2 loss=0.6582 MAE=12.966/8.436 score=0.7019
I200_TRAIN_023_92f2c0f793 epoch=3 loss=0.6355 MAE=13.107/8.585 score=0.7118
I200_TRAIN_023_92f2c0f793 epoch=4 loss=0.6215 MAE=13.125/8.628 score=0.7141
[184/200] I200_TRAIN_024_118fc735bf radam_6e4_compound_morphology
I200_TRAIN_024_118fc735bf epoch=1 loss=0.7460 MAE=13.055/8.737 score=0.7165
I200_TRAIN_024_118fc735bf epoch=2 loss=0.6577 MAE=12.938/8.423 score=0.7006
I200_TRAIN_024_118fc735bf epoch=3 loss=0.6371 MAE=13.093/8.602 score=0.7121
I200_TRAIN_024_118fc735bf epoch=4 loss=0.6279 MAE=12.997/8.558 score=0.7076
[185/200] I200_TRAIN_025_5e9c83d41d radam_1e3_cos_none
I200_TRAIN_025_5e9c83d41d epoch=1 loss=0.7343 MAE=13.019/8.664 score=0.7125
I200_TRAIN_025_5e9c83d41d epoch=2 loss=0.6512 MAE=12.933/8.464 score=0.7021
I200_TRAIN_025_5e9c83d41d epoch=3 loss=0.6275 MAE=13.159/8.607 score=0.7141
I200_TRAIN_025_5e9c83d41d epoch=4 loss=0.6055 MAE=13.094/8.592 score=0.7117
[186/200] I200_TRAIN_026_2e90055abd radam_1e3_cos_mask
I200_TRAIN_026_2e90055abd epoch=1 loss=0.7346 MAE=13.015/8.668 score=0.7126
I200_TRAIN_026_2e90055abd epoch=2 loss=0.6518 MAE=12.956/8.457 score=0.7024
I200_TRAIN_026_2e90055abd epoch=3 loss=0.6283 MAE=13.201/8.645 score=0.7168
I200_TRAIN_026_2e90055abd epoch=4 loss=0.6073 MAE=13.095/8.618 score=0.7128
[187/200] I200_TRAIN_027_6e03009c45 radam_1e3_cos_amplitude_warp
I200_TRAIN_027_6e03009c45 epoch=1 loss=0.7348 MAE=13.003/8.631 score=0.7108
I200_TRAIN_027_6e03009c45 epoch=2 loss=0.6521 MAE=12.957/8.432 score=0.7014
I200_TRAIN_027_6e03009c45 epoch=3 loss=0.6294 MAE=13.094/8.647 score=0.7140
I200_TRAIN_027_6e03009c45 epoch=4 loss=0.6072 MAE=13.078/8.668 score=0.7144
[188/200] I200_TRAIN_028_924119312a radam_1e3_cos_compound_morphology
I200_TRAIN_028_924119312a epoch=1 loss=0.7345 MAE=13.006/8.634 score=0.7110
I200_TRAIN_028_924119312a epoch=2 loss=0.6516 MAE=12.927/8.471 score=0.7022
I200_TRAIN_028_924119312a epoch=3 loss=0.6304 MAE=13.098/8.648 score=0.7141
I200_TRAIN_028_924119312a epoch=4 loss=0.6136 MAE=13.082/8.535 score=0.7091
[189/200] I200_TRAIN_029_f57f4b8831 nadam_6e4_none
I200_TRAIN_029_f57f4b8831 epoch=1 loss=0.7032 MAE=13.039/8.566 score=0.7092
I200_TRAIN_029_f57f4b8831 epoch=2 loss=0.6487 MAE=13.178/8.720 score=0.7193
I200_TRAIN_029_f57f4b8831 epoch=3 loss=0.6274 MAE=13.160/8.563 score=0.7124
[190/200] I200_TRAIN_030_c5259795ea nadam_6e4_mask
I200_TRAIN_030_c5259795ea epoch=1 loss=0.7006 MAE=13.013/8.588 score=0.7093
I200_TRAIN_030_c5259795ea epoch=2 loss=0.6492 MAE=13.058/8.738 score=0.7167
I200_TRAIN_030_c5259795ea epoch=3 loss=0.6284 MAE=13.189/8.559 score=0.7131
[191/200] I200_TRAIN_031_237e931217 nadam_6e4_amplitude_warp
I200_TRAIN_031_237e931217 epoch=1 loss=0.6996 MAE=13.030/8.564 score=0.7088
I200_TRAIN_031_237e931217 epoch=2 loss=0.6491 MAE=13.101/8.730 score=0.7175
I200_TRAIN_031_237e931217 epoch=3 loss=0.6283 MAE=13.269/8.541 score=0.7146
[192/200] I200_TRAIN_032_c2b96ae0ad nadam_6e4_compound_morphology
I200_TRAIN_032_c2b96ae0ad epoch=1 loss=0.6999 MAE=13.034/8.567 score=0.7091
I200_TRAIN_032_c2b96ae0ad epoch=2 loss=0.6490 MAE=13.094/8.725 score=0.7171
I200_TRAIN_032_c2b96ae0ad epoch=3 loss=0.6291 MAE=13.183/8.534 score=0.7119
[193/200] I200_TRAIN_033_dfb37edfd0 nadam_1e3_cos_none
I200_TRAIN_033_dfb37edfd0 epoch=1 loss=0.7043 MAE=13.067/8.612 score=0.7118
I200_TRAIN_033_dfb37edfd0 epoch=2 loss=0.6502 MAE=13.166/8.758 score=0.7204
I200_TRAIN_033_dfb37edfd0 epoch=3 loss=0.6214 MAE=13.313/8.634 score=0.7195
[194/200] I200_TRAIN_034_9fd5d868a1 nadam_1e3_cos_mask
I200_TRAIN_034_9fd5d868a1 epoch=1 loss=0.7069 MAE=13.096/8.605 score=0.7123
I200_TRAIN_034_9fd5d868a1 epoch=2 loss=0.6521 MAE=13.113/8.825 score=0.7217
I200_TRAIN_034_9fd5d868a1 epoch=3 loss=0.6243 MAE=13.353/8.590 score=0.7189
[195/200] I200_TRAIN_035_944f8ae4a2 nadam_1e3_cos_amplitude_warp
I200_TRAIN_035_944f8ae4a2 epoch=1 loss=0.7048 MAE=13.061/8.604 score=0.7113
I200_TRAIN_035_944f8ae4a2 epoch=2 loss=0.6509 MAE=13.193/8.768 score=0.7216
I200_TRAIN_035_944f8ae4a2 epoch=3 loss=0.6237 MAE=13.302/8.585 score=0.7173
[196/200] I200_TRAIN_036_60f2ee9398 nadam_1e3_cos_compound_morphology
I200_TRAIN_036_60f2ee9398 epoch=1 loss=0.7045 MAE=13.054/8.590 score=0.7106
I200_TRAIN_036_60f2ee9398 epoch=2 loss=0.6508 MAE=13.118/8.767 score=0.7195
I200_TRAIN_036_60f2ee9398 epoch=3 loss=0.6244 MAE=13.297/8.535 score=0.7151
[197/200] I200_TRAIN_037_beadba97be sgd_1e2_cos_none
I200_TRAIN_037_beadba97be epoch=1 loss=0.7212 MAE=13.137/8.824 score=0.7223
I200_TRAIN_037_beadba97be epoch=2 loss=0.6610 MAE=13.022/8.583 score=0.7094
I200_TRAIN_037_beadba97be epoch=3 loss=0.6388 MAE=13.073/8.508 score=0.7077
I200_TRAIN_037_beadba97be epoch=4 loss=0.6220 MAE=13.016/8.573 score=0.7088
I200_TRAIN_037_beadba97be epoch=5 loss=0.6068 MAE=13.195/8.586 score=0.7143
[198/200] I200_TRAIN_038_d0d1faca7f sgd_1e2_cos_mask
I200_TRAIN_038_d0d1faca7f epoch=1 loss=0.7217 MAE=13.194/8.835 score=0.7244
I200_TRAIN_038_d0d1faca7f epoch=2 loss=0.6634 MAE=13.096/8.518 score=0.7088
I200_TRAIN_038_d0d1faca7f epoch=3 loss=0.6410 MAE=13.073/8.534 score=0.7088
I200_TRAIN_038_d0d1faca7f epoch=4 loss=0.6252 MAE=12.983/8.549 score=0.7069
I200_TRAIN_038_d0d1faca7f epoch=5 loss=0.6108 MAE=13.177/8.552 score=0.7124
[199/200] I200_TRAIN_039_a244018309 sgd_1e2_cos_amplitude_warp
I200_TRAIN_039_a244018309 epoch=1 loss=0.7214 MAE=13.209/8.867 score=0.7261
I200_TRAIN_039_a244018309 epoch=2 loss=0.6634 MAE=13.080/8.543 score=0.7094
I200_TRAIN_039_a244018309 epoch=3 loss=0.6422 MAE=13.084/8.526 score=0.7088
I200_TRAIN_039_a244018309 epoch=4 loss=0.6265 MAE=13.041/8.533 score=0.7079
I200_TRAIN_039_a244018309 epoch=5 loss=0.6137 MAE=13.126/8.535 score=0.7103
[200/200] I200_TRAIN_040_8f6701e758 sgd_1e2_cos_compound_morphology
I200_TRAIN_040_8f6701e758 epoch=1 loss=0.7220 MAE=13.165/8.833 score=0.7235
I200_TRAIN_040_8f6701e758 epoch=2 loss=0.6637 MAE=13.038/8.595 score=0.7103
I200_TRAIN_040_8f6701e758 epoch=3 loss=0.6434 MAE=13.100/8.542 score=0.7099
I200_TRAIN_040_8f6701e758 epoch=4 loss=0.6300 MAE=13.029/8.536 score=0.7077
I200_TRAIN_040_8f6701e758 epoch=5 loss=0.6203 MAE=13.056/8.551 score=0.7090
                   run_id stage                  innovation_label   mae_sbp  mae_dbp  tail_mae_sbp  tail_mae_dbp  high_bp_sensitivity  selection_score  runtime_seconds  parameters
I200_TRAIN_003_7a8882a0ec TRAIN      adamw_3e4_cos_amplitude_warp 12.908525 8.434204     13.336280      8.516772             0.000000         0.700192         9.231882      705721
I200_TRAIN_024_118fc735bf TRAIN     radam_6e4_compound_morphology 12.938338 8.423190     13.318089      8.492208             0.000000         0.700575         9.416284      705721
I200_TRAIN_022_55c81c0027 TRAIN                    radam_6e4_mask 12.920348 8.440070     13.365760      8.626375             0.000000         0.700758         9.387623      705721
I200_TRAIN_027_6e03009c45 TRAIN      radam_1e3_cos_amplitude_warp 12.957149 8.431778     13.642635      8.291647             0.000000         0.701446         9.393471      705721
I200_TRAIN_023_92f2c0f793 TRAIN          radam_6e4_amplitude_warp 12.966234 8.435909     13.354905      8.662811             0.000000         0.701866         9.374718      705721
I200_TRAIN_025_5e9c83d41d TRAIN                radam_1e3_cos_none 12.932610 8.464326     13.476048      8.250492             0.000000         0.702080         9.318227      705721
I200_TRAIN_002_f0d192a0e6 TRAIN                adamw_3e4_cos_mask 12.952435 8.451580     13.383430      8.410551             0.000000         0.702116         9.227736      705721
I200_TRAIN_028_924119312a TRAIN radam_1e3_cos_compound_morphology 12.926919 8.471102     13.326948      8.208127             0.000000         0.702196         9.425022      705721
I200_TRAIN_004_ea1cf9350e TRAIN adamw_3e4_cos_compound_morphology 12.926139 8.471934     13.262068      8.486044             0.000000         0.702208         9.332419      705721
I200_TRAIN_001_e869218e48 TRAIN                adamw_3e4_cos_none 12.932609 8.468201     13.281902      8.390722             0.000000         0.702237         9.222926      705721
I200_TRAIN_021_a4bcb0138f TRAIN                    radam_6e4_none 12.943795 8.462337     13.410176      8.668579             0.000000         0.702311         9.366165      705721
I200_TRAIN_026_2e90055abd TRAIN                radam_1e3_cos_mask 12.955597 8.456834     13.515505      8.233892             0.000000         0.702416         9.356261      705721
 I200_ARCH_073_f3d457acb9  ARCH        convtransformer_w64_p15_d1 12.896560 8.526819     13.339617      7.758860             0.000000         0.703605         8.124407      148804
 I200_ARCH_051_79a6655a84  ARCH      morphology_w64_eca_attention 12.985273 8.492429     13.151655      8.174378             0.000000         0.704681         9.267870      334433
I200_TRAIN_009_527a78f50d TRAIN                adamw_6e4_cos_none 13.007633 8.478165     13.103272      8.312473             0.000000         0.704726         9.244565      705721
 I200_ARCH_077_be22171213  ARCH        convtransformer_w96_p15_d1 13.062240 8.446906     12.905049      8.138937             0.007444         0.704981         8.216624      287268
I200_INPUT_029_742823fdbc INPUT           multiview_10s_rawfusion 13.018161 8.489470     13.527289      7.957796             0.000000         0.705476         7.774027      814399
 I200_ARCH_078_11203ead88  ARCH        convtransformer_w96_p15_d2 12.988981 8.519968     13.013267      8.234540             0.014888         0.705899         8.194514      362052
 I200_ARCH_015_ca1ee0e1e3  ARCH          adaptive_w96_d6_se_stats 12.986588 8.522650     13.045543      8.791139             0.002481         0.705940        11.428238      717810
 I200_ARCH_067_5a41f58e2b  ARCH               longconv_w64_d6_k15 12.963692 8.540160     13.730828      8.099216             0.000000         0.706012         6.619419      113387
I200_TRAIN_011_48709fa5af TRAIN      adamw_6e4_cos_amplitude_warp 13.023143 8.501600     13.137699      8.563197             0.000000         0.706106         9.256697      705721
I200_TRAIN_015_7a9222a663 TRAIN      adamw_1e3_cos_amplitude_warp 13.005111 8.514398     13.847963      8.067362             0.007444         0.706122        11.572694      705721
 I200_ARCH_071_6880a324e2  ARCH               longconv_w96_d6_k15 12.926622 8.571387     13.208876      7.826231             0.000000         0.706244         7.646039      198043
I200_INPUT_034_2d526e3812 INPUT    multiview_zscore_10s_rawfusion 13.023467 8.505413     13.583338      8.339488             0.000000         0.706269         7.826317      814399
 I200_ARCH_038_ced99ae8f1  ARCH           adaptive_w96_d6_eca_gem 12.992587 8.537138     13.070436      8.685408             0.000000         0.706693        11.512372      703369
{
  "completed": 200,
  "failed": 0,
  "results": "/home/asr/mahditaghsimi/maghale/FINAL/phase2/outputs/innovation200_search/screening_results.csv"
}
