
--- 2026-09-11T10:55:08.564331+00:00 ---
A_001_fcn_e6cdbc13 epoch=1 loss=0.5247 MAE=13.181/9.029 score=0.7318
A_001_fcn_e6cdbc13 epoch=2 loss=0.4895 MAE=12.992/8.637 score=0.7107
A_001_fcn_e6cdbc13 epoch=3 loss=0.4783 MAE=13.110/8.522 score=0.7093
A_001_fcn_e6cdbc13 epoch=4 loss=0.4712 MAE=13.051/8.549 score=0.7088
A_001_fcn_e6cdbc13 epoch=5 loss=0.4627 MAE=13.376/8.541 score=0.7175
A_001_fcn_e6cdbc13 epoch=6 loss=0.4546 MAE=13.030/8.466 score=0.7048
A_001_fcn_e6cdbc13 epoch=7 loss=0.4467 MAE=13.416/8.665 score=0.7236
A_001_fcn_e6cdbc13 epoch=8 loss=0.4400 MAE=13.130/8.419 score=0.7057
A_002_resnet_5c19823b epoch=1 loss=0.5405 MAE=13.108/8.573 score=0.7114
A_002_resnet_5c19823b epoch=2 loss=0.4893 MAE=12.987/8.644 score=0.7109
A_002_resnet_5c19823b epoch=3 loss=0.4743 MAE=13.103/8.821 score=0.7212
A_002_resnet_5c19823b epoch=4 loss=0.4645 MAE=12.972/8.663 score=0.7112
A_002_resnet_5c19823b epoch=5 loss=0.4521 MAE=13.396/8.853 score=0.7307
A_003_tcn_acc70478 epoch=1 loss=0.5301 MAE=13.045/8.619 score=0.7115
A_003_tcn_acc70478 epoch=2 loss=0.4824 MAE=13.042/8.693 score=0.7144
A_003_tcn_acc70478 epoch=3 loss=0.4657 MAE=13.055/8.673 score=0.7139
A_003_tcn_acc70478 epoch=4 loss=0.4515 MAE=13.221/8.813 score=0.7242
A_004_gated_tcn_81969f7d epoch=1 loss=0.5095 MAE=13.046/8.821 score=0.7196
A_004_gated_tcn_81969f7d epoch=2 loss=0.4709 MAE=12.996/8.602 score=0.7094
A_004_gated_tcn_81969f7d epoch=3 loss=0.4466 MAE=13.313/8.787 score=0.7257
A_004_gated_tcn_81969f7d epoch=4 loss=0.4190 MAE=13.434/9.073 score=0.7406
A_004_gated_tcn_81969f7d epoch=5 loss=0.3855 MAE=14.073/9.406 score=0.7719
A_005_inception_821082e2 epoch=1 loss=0.5167 MAE=12.992/8.545 score=0.7070
A_005_inception_821082e2 epoch=2 loss=0.4769 MAE=13.264/8.690 score=0.7204
A_005_inception_821082e2 epoch=3 loss=0.4584 MAE=13.143/8.786 score=0.7209
A_005_inception_821082e2 epoch=4 loss=0.4392 MAE=13.531/8.906 score=0.7366
A_006_convnext_244db260 epoch=1 loss=0.5246 MAE=13.174/9.046 score=0.7323
A_006_convnext_244db260 epoch=2 loss=0.4963 MAE=13.051/8.647 score=0.7127
A_006_convnext_244db260 epoch=3 loss=0.4853 MAE=13.037/8.474 score=0.7054
A_006_convnext_244db260 epoch=4 loss=0.4761 MAE=13.171/8.977 score=0.7295
A_006_convnext_244db260 epoch=5 loss=0.4665 MAE=13.249/8.593 score=0.7161
A_006_convnext_244db260 epoch=6 loss=0.4598 MAE=13.392/8.872 score=0.7314
A_007_bigru_889c003e epoch=1 loss=0.5269 MAE=13.364/8.997 score=0.7356
A_007_bigru_889c003e epoch=2 loss=0.4969 MAE=13.141/8.490 score=0.7089
A_007_bigru_889c003e epoch=3 loss=0.4837 MAE=12.988/8.528 score=0.7062
A_007_bigru_889c003e epoch=4 loss=0.4753 MAE=13.118/8.793 score=0.7205
A_007_bigru_889c003e epoch=5 loss=0.4683 MAE=13.391/8.476 score=0.7153
A_007_bigru_889c003e epoch=6 loss=0.4620 MAE=13.347/8.591 score=0.7187
A_008_patch_transformer_4d028e0f epoch=1 loss=0.5258 MAE=13.048/9.098 score=0.7309
A_008_patch_transformer_4d028e0f epoch=2 loss=0.4928 MAE=13.116/8.747 score=0.7186
A_008_patch_transformer_4d028e0f epoch=3 loss=0.4851 MAE=12.995/8.860 score=0.7198
A_008_patch_transformer_4d028e0f epoch=4 loss=0.4788 MAE=13.274/9.163 score=0.7399
A_008_patch_transformer_4d028e0f epoch=5 loss=0.4721 MAE=13.267/8.695 score=0.7207
A_009_patch_mixer_2289e3b0 epoch=1 loss=0.5321 MAE=13.124/8.887 score=0.7245
A_009_patch_mixer_2289e3b0 epoch=2 loss=0.4937 MAE=12.968/8.569 score=0.7073
A_009_patch_mixer_2289e3b0 epoch=3 loss=0.4792 MAE=13.126/8.668 score=0.7157
A_009_patch_mixer_2289e3b0 epoch=4 loss=0.4699 MAE=13.216/8.683 score=0.7188
A_009_patch_mixer_2289e3b0 epoch=5 loss=0.4573 MAE=13.320/8.744 score=0.7242
A_010_multiscale_590a41b1 epoch=1 loss=0.5258 MAE=13.098/9.191 score=0.7361
A_010_multiscale_590a41b1 epoch=2 loss=0.4873 MAE=13.102/8.592 score=0.7120
A_010_multiscale_590a41b1 epoch=3 loss=0.4751 MAE=13.028/8.575 score=0.7092
A_010_multiscale_590a41b1 epoch=4 loss=0.4662 MAE=13.129/8.744 score=0.7189
A_010_multiscale_590a41b1 epoch=5 loss=0.4576 MAE=13.399/8.695 score=0.7244
A_010_multiscale_590a41b1 epoch=6 loss=0.4438 MAE=13.626/8.588 score=0.7264
A_011_spectral_fusion_f1b2c3d1 epoch=1 loss=0.5279 MAE=13.115/8.829 score=0.7219
A_011_spectral_fusion_f1b2c3d1 epoch=2 loss=0.4964 MAE=13.062/8.619 score=0.7119
A_011_spectral_fusion_f1b2c3d1 epoch=3 loss=0.4839 MAE=13.076/8.694 score=0.7154
A_011_spectral_fusion_f1b2c3d1 epoch=4 loss=0.4752 MAE=13.010/8.614 score=0.7103
A_011_spectral_fusion_f1b2c3d1 epoch=5 loss=0.4673 MAE=13.489/8.617 score=0.7237
A_011_spectral_fusion_f1b2c3d1 epoch=6 loss=0.4587 MAE=13.197/8.677 score=0.7180
A_011_spectral_fusion_f1b2c3d1 epoch=7 loss=0.4524 MAE=13.306/8.661 score=0.7204
A_012_resnet_9eeec539 epoch=1 loss=0.5278 MAE=13.024/8.571 score=0.7089
A_012_resnet_9eeec539 epoch=2 loss=0.4880 MAE=12.881/8.634 score=0.7075
A_012_resnet_9eeec539 epoch=3 loss=0.4724 MAE=13.000/8.591 score=0.7091
A_012_resnet_9eeec539 epoch=4 loss=0.4609 MAE=12.894/8.667 score=0.7092
A_012_resnet_9eeec539 epoch=5 loss=0.4499 MAE=13.327/8.708 score=0.7229
A_013_inception_d524502a epoch=1 loss=0.5187 MAE=13.129/8.941 score=0.7268
A_013_inception_d524502a epoch=2 loss=0.4802 MAE=13.079/8.632 score=0.7130
A_013_inception_d524502a epoch=3 loss=0.4628 MAE=13.023/8.666 score=0.7127
A_013_inception_d524502a epoch=4 loss=0.4437 MAE=13.271/8.642 score=0.7187
A_013_inception_d524502a epoch=5 loss=0.4286 MAE=13.360/8.693 score=0.7232
A_013_inception_d524502a epoch=6 loss=0.4098 MAE=13.318/8.567 score=0.7170
A_014_patch_transformer_5a87836e epoch=1 loss=0.5136 MAE=13.041/8.652 score=0.7127
A_014_patch_transformer_5a87836e epoch=2 loss=0.4869 MAE=12.831/8.449 score=0.6987
A_014_patch_transformer_5a87836e epoch=3 loss=0.4768 MAE=12.954/8.499 score=0.7041
A_014_patch_transformer_5a87836e epoch=4 loss=0.4694 MAE=13.006/8.663 score=0.7122
A_014_patch_transformer_5a87836e epoch=5 loss=0.4650 MAE=13.194/8.516 score=0.7115
A_015_multiscale_b7e4c7db epoch=1 loss=0.5169 MAE=13.020/8.828 score=0.7192
A_015_multiscale_b7e4c7db epoch=2 loss=0.4849 MAE=12.908/8.545 score=0.7047
A_015_multiscale_b7e4c7db epoch=3 loss=0.4746 MAE=13.092/8.609 score=0.7124
A_015_multiscale_b7e4c7db epoch=4 loss=0.4628 MAE=13.002/8.569 score=0.7082
A_015_multiscale_b7e4c7db epoch=5 loss=0.4538 MAE=13.262/8.684 score=0.7201
A_016_papagei_9e84d290 epoch=1 loss=0.5654 MAE=14.413/9.667 score=0.7919
A_016_papagei_9e84d290 epoch=2 loss=0.5479 MAE=13.611/9.086 score=0.7461
A_016_papagei_9e84d290 epoch=3 loss=0.5414 MAE=13.627/8.991 score=0.7427
A_016_papagei_9e84d290 epoch=4 loss=0.5389 MAE=13.583/9.205 score=0.7501
A_016_papagei_9e84d290 epoch=5 loss=0.5373 MAE=13.671/9.017 score=0.7450
A_016_papagei_9e84d290 epoch=6 loss=0.5359 MAE=13.512/8.960 score=0.7382
A_016_papagei_9e84d290 epoch=7 loss=0.5345 MAE=13.525/8.961 score=0.7386
A_016_papagei_9e84d290 epoch=8 loss=0.5335 MAE=13.477/9.023 score=0.7398
A_017_papagei_92a2553b epoch=1 loss=0.5229 MAE=13.292/8.732 score=0.7229
A_017_papagei_92a2553b epoch=2 loss=0.5059 MAE=13.461/8.808 score=0.7307
A_017_papagei_92a2553b epoch=3 loss=0.4951 MAE=13.285/8.811 score=0.7259
A_017_papagei_92a2553b epoch=4 loss=0.4902 MAE=13.470/8.817 score=0.7313
B_001_patch_transformer_1958a681 epoch=1 loss=0.5603 MAE=13.722/9.046 score=0.7476
B_001_patch_transformer_1958a681 epoch=2 loss=0.5442 MAE=13.824/9.071 score=0.7514
B_001_patch_transformer_1958a681 epoch=3 loss=0.5349 MAE=13.692/8.923 score=0.7418
B_001_patch_transformer_1958a681 epoch=4 loss=0.5296 MAE=13.560/9.075 score=0.7442
B_001_patch_transformer_1958a681 epoch=5 loss=0.5239 MAE=13.849/8.809 score=0.7415
B_001_patch_transformer_1958a681 epoch=6 loss=0.5187 MAE=13.506/8.879 score=0.7348
B_001_patch_transformer_1958a681 epoch=7 loss=0.5173 MAE=13.498/8.891 score=0.7351
B_001_patch_transformer_1958a681 epoch=8 loss=0.5125 MAE=13.416/8.831 score=0.7303
B_002_patch_transformer_bf4ff629 epoch=1 loss=0.5274 MAE=13.267/9.226 score=0.7422
B_002_patch_transformer_bf4ff629 epoch=2 loss=0.4975 MAE=13.089/8.751 score=0.7180
B_002_patch_transformer_bf4ff629 epoch=3 loss=0.4874 MAE=13.562/8.598 score=0.7250
B_002_patch_transformer_bf4ff629 epoch=4 loss=0.4822 MAE=13.342/8.965 score=0.7337
B_002_patch_transformer_bf4ff629 epoch=5 loss=0.4780 MAE=13.287/8.631 score=0.7187
B_003_patch_transformer_de7928c7 epoch=1 loss=0.5670 MAE=14.276/9.806 score=0.7937
B_003_patch_transformer_de7928c7 epoch=2 loss=0.5445 MAE=13.624/8.849 score=0.7369
B_003_patch_transformer_de7928c7 epoch=3 loss=0.5308 MAE=13.657/9.027 score=0.7450
B_003_patch_transformer_de7928c7 epoch=4 loss=0.5219 MAE=13.330/8.932 score=0.7321
B_003_patch_transformer_de7928c7 epoch=5 loss=0.5172 MAE=13.797/8.947 score=0.7456
B_003_patch_transformer_de7928c7 epoch=6 loss=0.5120 MAE=13.319/8.905 score=0.7307
B_003_patch_transformer_de7928c7 epoch=7 loss=0.5088 MAE=13.365/8.909 score=0.7321
B_003_patch_transformer_de7928c7 epoch=8 loss=0.5068 MAE=13.305/8.855 score=0.7283
B_004_patch_transformer_4f20668c epoch=1 loss=0.5250 MAE=13.164/8.956 score=0.7284
B_004_patch_transformer_4f20668c epoch=2 loss=0.4919 MAE=13.050/8.609 score=0.7112
B_004_patch_transformer_4f20668c epoch=3 loss=0.4790 MAE=13.016/8.662 score=0.7124
B_004_patch_transformer_4f20668c epoch=4 loss=0.4748 MAE=12.983/8.858 score=0.7194
B_004_patch_transformer_4f20668c epoch=5 loss=0.4708 MAE=13.301/8.609 score=0.7182
B_005_patch_transformer_40f339df epoch=1 loss=0.5221 MAE=13.037/8.843 score=0.7203
B_005_patch_transformer_40f339df epoch=2 loss=0.4866 MAE=13.034/8.582 score=0.7097
B_005_patch_transformer_40f339df epoch=3 loss=0.4789 MAE=12.983/8.723 score=0.7139
B_005_patch_transformer_40f339df epoch=4 loss=0.4731 MAE=13.167/8.909 score=0.7266
B_005_patch_transformer_40f339df epoch=5 loss=0.4689 MAE=13.405/8.648 score=0.7226
B_006_patch_transformer_46ec06c9 epoch=1 loss=0.5136 MAE=13.041/8.652 score=0.7127
B_006_patch_transformer_46ec06c9 epoch=2 loss=0.4869 MAE=12.831/8.449 score=0.6987
B_006_patch_transformer_46ec06c9 epoch=3 loss=0.4768 MAE=12.954/8.499 score=0.7041
B_006_patch_transformer_46ec06c9 epoch=4 loss=0.4694 MAE=13.006/8.663 score=0.7122
B_006_patch_transformer_46ec06c9 epoch=5 loss=0.4650 MAE=13.194/8.516 score=0.7115
B_007_multiscale_0f0dffe7 epoch=1 loss=0.5559 MAE=13.841/9.433 score=0.7665
B_007_multiscale_0f0dffe7 epoch=2 loss=0.5161 MAE=13.214/8.823 score=0.7244
B_007_multiscale_0f0dffe7 epoch=3 loss=0.5004 MAE=13.143/8.843 score=0.7232
B_007_multiscale_0f0dffe7 epoch=4 loss=0.4950 MAE=13.421/8.934 score=0.7347
B_007_multiscale_0f0dffe7 epoch=5 loss=0.4912 MAE=13.327/8.763 score=0.7251
B_007_multiscale_0f0dffe7 epoch=6 loss=0.4884 MAE=13.201/8.938 score=0.7287
B_008_multiscale_3ceb3e49 epoch=1 loss=0.5255 MAE=13.120/9.190 score=0.7367
B_008_multiscale_3ceb3e49 epoch=2 loss=0.4885 MAE=13.164/8.649 score=0.7160
B_008_multiscale_3ceb3e49 epoch=3 loss=0.4777 MAE=13.132/8.623 score=0.7140
B_008_multiscale_3ceb3e49 epoch=4 loss=0.4693 MAE=13.402/8.721 score=0.7255
B_008_multiscale_3ceb3e49 epoch=5 loss=0.4594 MAE=13.529/8.840 score=0.7338
B_008_multiscale_3ceb3e49 epoch=6 loss=0.4502 MAE=13.296/8.585 score=0.7171
B_009_multiscale_b71bd4cf epoch=1 loss=0.5562 MAE=13.515/9.399 score=0.7561
B_009_multiscale_b71bd4cf epoch=2 loss=0.5145 MAE=13.172/8.744 score=0.7201
B_009_multiscale_b71bd4cf epoch=3 loss=0.5042 MAE=13.057/8.720 score=0.7159
B_009_multiscale_b71bd4cf epoch=4 loss=0.4933 MAE=13.368/8.978 score=0.7350
B_009_multiscale_b71bd4cf epoch=5 loss=0.4885 MAE=13.325/8.764 score=0.7251
B_009_multiscale_b71bd4cf epoch=6 loss=0.4869 MAE=13.144/8.728 score=0.7186
B_010_multiscale_ec21e9ca epoch=1 loss=0.5228 MAE=13.077/8.795 score=0.7194
B_010_multiscale_ec21e9ca epoch=2 loss=0.4869 MAE=13.021/8.684 score=0.7134
B_010_multiscale_ec21e9ca epoch=3 loss=0.4762 MAE=13.057/8.611 score=0.7115
B_010_multiscale_ec21e9ca epoch=4 loss=0.4680 MAE=13.203/8.742 score=0.7208
B_010_multiscale_ec21e9ca epoch=5 loss=0.4603 MAE=13.280/8.668 score=0.7200
B_010_multiscale_ec21e9ca epoch=6 loss=0.4505 MAE=13.231/8.638 score=0.7174
B_011_multiscale_3c7b3474 epoch=1 loss=0.5255 MAE=13.114/9.017 score=0.7295
B_011_multiscale_3c7b3474 epoch=2 loss=0.4878 MAE=13.043/8.640 score=0.7123
B_011_multiscale_3c7b3474 epoch=3 loss=0.4748 MAE=13.080/8.585 score=0.7111
B_011_multiscale_3c7b3474 epoch=4 loss=0.4660 MAE=13.174/8.697 score=0.7182
B_011_multiscale_3c7b3474 epoch=5 loss=0.4570 MAE=13.304/8.595 score=0.7177
B_011_multiscale_3c7b3474 epoch=6 loss=0.4484 MAE=13.176/8.483 score=0.7096
B_011_multiscale_3c7b3474 epoch=7 loss=0.4390 MAE=13.469/8.677 score=0.7256
B_011_multiscale_3c7b3474 epoch=8 loss=0.4257 MAE=13.284/8.605 score=0.7175
B_012_multiscale_b9a4ccb3 epoch=1 loss=0.5169 MAE=13.020/8.828 score=0.7192
B_012_multiscale_b9a4ccb3 epoch=2 loss=0.4849 MAE=12.908/8.545 score=0.7047
B_012_multiscale_b9a4ccb3 epoch=3 loss=0.4746 MAE=13.092/8.609 score=0.7124
B_012_multiscale_b9a4ccb3 epoch=4 loss=0.4628 MAE=13.002/8.569 score=0.7082
B_012_multiscale_b9a4ccb3 epoch=5 loss=0.4538 MAE=13.262/8.684 score=0.7201
B_013_fcn_5c8790ca epoch=1 loss=0.5491 MAE=13.621/9.553 score=0.7653
B_013_fcn_5c8790ca epoch=2 loss=0.5160 MAE=13.200/8.728 score=0.7202
B_013_fcn_5c8790ca epoch=3 loss=0.5012 MAE=13.250/8.805 score=0.7247
B_013_fcn_5c8790ca epoch=4 loss=0.4949 MAE=13.166/8.977 score=0.7293
B_013_fcn_5c8790ca epoch=5 loss=0.4891 MAE=13.277/8.828 score=0.7264
B_014_fcn_a66273bc epoch=1 loss=0.5254 MAE=13.228/9.009 score=0.7323
B_014_fcn_a66273bc epoch=2 loss=0.4895 MAE=13.056/8.637 score=0.7125
B_014_fcn_a66273bc epoch=3 loss=0.4798 MAE=13.100/8.630 score=0.7134
B_014_fcn_a66273bc epoch=4 loss=0.4729 MAE=13.024/8.576 score=0.7091
B_014_fcn_a66273bc epoch=5 loss=0.4647 MAE=13.480/8.561 score=0.7212
B_014_fcn_a66273bc epoch=6 loss=0.4579 MAE=13.202/8.672 score=0.7180
B_014_fcn_a66273bc epoch=7 loss=0.4485 MAE=13.276/8.582 score=0.7164
B_015_fcn_d9d5b4ef epoch=1 loss=0.5505 MAE=13.606/9.546 score=0.7645
B_015_fcn_d9d5b4ef epoch=2 loss=0.5153 MAE=13.057/8.688 score=0.7146
B_015_fcn_d9d5b4ef epoch=3 loss=0.5019 MAE=13.047/8.648 score=0.7127
B_015_fcn_d9d5b4ef epoch=4 loss=0.4931 MAE=13.268/8.926 score=0.7301
B_015_fcn_d9d5b4ef epoch=5 loss=0.4879 MAE=13.251/8.685 score=0.7199
B_015_fcn_d9d5b4ef epoch=6 loss=0.4867 MAE=13.110/8.656 score=0.7147
B_016_fcn_a59eaacd epoch=1 loss=0.5254 MAE=13.125/8.840 score=0.7226
B_016_fcn_a59eaacd epoch=2 loss=0.4884 MAE=12.997/8.660 score=0.7118
B_016_fcn_a59eaacd epoch=3 loss=0.4766 MAE=13.045/8.666 score=0.7134
B_016_fcn_a59eaacd epoch=4 loss=0.4690 MAE=12.937/8.685 score=0.7111
B_016_fcn_a59eaacd epoch=5 loss=0.4600 MAE=13.156/8.488 score=0.7093
B_016_fcn_a59eaacd epoch=6 loss=0.4509 MAE=13.140/8.519 score=0.7101
B_016_fcn_a59eaacd epoch=7 loss=0.4427 MAE=13.297/8.603 score=0.7178
B_016_fcn_a59eaacd epoch=8 loss=0.4342 MAE=13.024/8.401 score=0.7020
B_017_fcn_3b88f000 epoch=1 loss=0.5246 MAE=13.176/8.988 score=0.7300
B_017_fcn_3b88f000 epoch=2 loss=0.4884 MAE=13.066/8.637 score=0.7128
B_017_fcn_3b88f000 epoch=3 loss=0.4770 MAE=13.256/8.597 score=0.7164
B_017_fcn_3b88f000 epoch=4 loss=0.4721 MAE=13.059/8.513 score=0.7076
B_017_fcn_3b88f000 epoch=5 loss=0.4627 MAE=13.293/8.642 score=0.7193
B_017_fcn_3b88f000 epoch=6 loss=0.4546 MAE=12.932/8.559 score=0.7059
B_017_fcn_3b88f000 epoch=7 loss=0.4466 MAE=13.336/8.563 score=0.7173
B_017_fcn_3b88f000 epoch=8 loss=0.4402 MAE=13.045/8.494 score=0.7064
B_018_fcn_27bf6e8c epoch=1 loss=0.5131 MAE=13.031/8.571 score=0.7091
B_018_fcn_27bf6e8c epoch=2 loss=0.4821 MAE=12.972/8.502 score=0.7047
B_018_fcn_27bf6e8c epoch=3 loss=0.4721 MAE=13.165/8.583 score=0.7133
B_018_fcn_27bf6e8c epoch=4 loss=0.4625 MAE=13.119/8.752 score=0.7189
B_018_fcn_27bf6e8c epoch=5 loss=0.4535 MAE=13.179/8.618 score=0.7151
B_019_convnext_1cf53c3f epoch=1 loss=0.5444 MAE=13.421/9.213 score=0.7459
B_019_convnext_1cf53c3f epoch=2 loss=0.5180 MAE=13.335/8.970 score=0.7337
B_019_convnext_1cf53c3f epoch=3 loss=0.5006 MAE=13.195/8.732 score=0.7202
B_019_convnext_1cf53c3f epoch=4 loss=0.4937 MAE=13.176/8.993 score=0.7302
B_019_convnext_1cf53c3f epoch=5 loss=0.4876 MAE=13.343/8.822 score=0.7279
B_019_convnext_1cf53c3f epoch=6 loss=0.4828 MAE=13.188/8.732 score=0.7200
B_019_convnext_1cf53c3f epoch=7 loss=0.4772 MAE=13.190/8.596 score=0.7146
B_019_convnext_1cf53c3f epoch=8 loss=0.4728 MAE=13.109/8.592 score=0.7121
B_020_convnext_dcf7c2ec epoch=1 loss=0.5238 MAE=13.168/8.852 score=0.7243
B_020_convnext_dcf7c2ec epoch=2 loss=0.4959 MAE=13.057/8.642 score=0.7127
B_020_convnext_dcf7c2ec epoch=3 loss=0.4851 MAE=13.067/8.473 score=0.7062
B_020_convnext_dcf7c2ec epoch=4 loss=0.4764 MAE=13.180/8.951 score=0.7286
B_020_convnext_dcf7c2ec epoch=5 loss=0.4664 MAE=13.396/8.650 score=0.7225
B_020_convnext_dcf7c2ec epoch=6 loss=0.4612 MAE=13.192/8.671 score=0.7176
B_021_convnext_596ee785 epoch=1 loss=0.5448 MAE=13.333/9.161 score=0.7414
B_021_convnext_596ee785 epoch=2 loss=0.5143 MAE=13.204/8.799 score=0.7232
B_021_convnext_596ee785 epoch=3 loss=0.4977 MAE=13.109/8.663 score=0.7150
B_021_convnext_596ee785 epoch=4 loss=0.4875 MAE=13.060/8.760 score=0.7176
B_021_convnext_596ee785 epoch=5 loss=0.4807 MAE=13.225/8.775 score=0.7228
B_021_convnext_596ee785 epoch=6 loss=0.4762 MAE=13.047/8.619 score=0.7115
B_021_convnext_596ee785 epoch=7 loss=0.4704 MAE=13.021/8.556 score=0.7083
B_021_convnext_596ee785 epoch=8 loss=0.4652 MAE=12.961/8.504 score=0.7045
B_022_convnext_d69f2119 epoch=1 loss=0.5333 MAE=13.234/9.013 score=0.7326
B_022_convnext_d69f2119 epoch=2 loss=0.4963 MAE=13.097/8.617 score=0.7128
B_022_convnext_d69f2119 epoch=3 loss=0.4831 MAE=13.006/8.627 score=0.7107
B_022_convnext_d69f2119 epoch=4 loss=0.4731 MAE=13.186/9.043 score=0.7326
B_022_convnext_d69f2119 epoch=5 loss=0.4633 MAE=13.139/8.541 score=0.7109
B_022_convnext_d69f2119 epoch=6 loss=0.4552 MAE=13.282/8.783 score=0.7247
B_023_convnext_7440e2d4 epoch=1 loss=0.5251 MAE=13.204/9.027 score=0.7324
B_023_convnext_7440e2d4 epoch=2 loss=0.4964 MAE=13.055/8.681 score=0.7143
B_023_convnext_7440e2d4 epoch=3 loss=0.4850 MAE=13.028/8.496 score=0.7060
B_023_convnext_7440e2d4 epoch=4 loss=0.4760 MAE=13.145/9.040 score=0.7313
B_023_convnext_7440e2d4 epoch=5 loss=0.4661 MAE=13.161/8.617 score=0.7146
B_023_convnext_7440e2d4 epoch=6 loss=0.4593 MAE=13.252/8.671 score=0.7193
B_024_convnext_7e4a6ac1 epoch=1 loss=0.5135 MAE=13.071/8.766 score=0.7181
B_024_convnext_7e4a6ac1 epoch=2 loss=0.4846 MAE=12.952/8.497 score=0.7039
B_024_convnext_7e4a6ac1 epoch=3 loss=0.4746 MAE=13.127/8.552 score=0.7110
B_024_convnext_7e4a6ac1 epoch=4 loss=0.4643 MAE=13.015/8.715 score=0.7145
B_024_convnext_7e4a6ac1 epoch=5 loss=0.4562 MAE=13.252/8.624 score=0.7174
C_001_patch_transformer_910e1b87 epoch=1 loss=0.7318 MAE=12.995/8.464 score=0.7038
C_001_patch_transformer_910e1b87 epoch=2 loss=0.6986 MAE=12.847/8.479 score=0.7003
C_001_patch_transformer_910e1b87 epoch=3 loss=0.6904 MAE=13.166/8.408 score=0.7063
C_001_patch_transformer_910e1b87 epoch=4 loss=0.6823 MAE=13.156/8.775 score=0.7208
C_001_patch_transformer_910e1b87 epoch=5 loss=0.6769 MAE=13.037/8.475 score=0.7054
C_002_patch_transformer_b40ca60a epoch=1 loss=0.5144 MAE=13.058/8.521 score=0.7079
C_002_patch_transformer_b40ca60a epoch=2 loss=0.4857 MAE=12.922/8.476 score=0.7023
C_002_patch_transformer_b40ca60a epoch=3 loss=0.4768 MAE=13.023/8.526 score=0.7071
C_002_patch_transformer_b40ca60a epoch=4 loss=0.4709 MAE=13.002/8.784 score=0.7169
C_002_patch_transformer_b40ca60a epoch=5 loss=0.4644 MAE=13.107/8.498 score=0.7083
C_003_patch_transformer_4df0ba05 epoch=1 loss=1.0063 MAE=13.111/9.129 score=0.7339
C_003_patch_transformer_4df0ba05 epoch=2 loss=0.9286 MAE=14.098/9.292 score=0.7680
C_003_patch_transformer_4df0ba05 epoch=3 loss=0.8988 MAE=13.551/9.306 score=0.7533
C_003_patch_transformer_4df0ba05 epoch=4 loss=0.8939 MAE=13.847/9.670 score=0.7763
C_004_patch_transformer_4fd7eaad epoch=1 loss=0.6827 MAE=13.278/8.679 score=0.7203
C_004_patch_transformer_4fd7eaad epoch=2 loss=0.6452 MAE=13.065/8.450 score=0.7052
C_004_patch_transformer_4fd7eaad epoch=3 loss=0.6327 MAE=13.155/8.646 score=0.7156
C_004_patch_transformer_4fd7eaad epoch=4 loss=0.6234 MAE=12.998/8.686 score=0.7129
C_004_patch_transformer_4fd7eaad epoch=5 loss=0.6153 MAE=13.375/8.677 score=0.7230
C_005_patch_transformer_8eb65666 epoch=1 loss=0.4135 MAE=13.251/8.804 score=0.7247
C_005_patch_transformer_8eb65666 epoch=2 loss=0.3699 MAE=12.931/8.531 score=0.7047
C_005_patch_transformer_8eb65666 epoch=3 loss=0.3561 MAE=12.963/8.529 score=0.7055
C_005_patch_transformer_8eb65666 epoch=4 loss=0.3501 MAE=13.026/8.672 score=0.7131
C_005_patch_transformer_8eb65666 epoch=5 loss=0.3407 MAE=13.122/8.665 score=0.7155
C_006_patch_transformer_03784665 epoch=1 loss=0.2334 MAE=13.211/8.663 score=0.7179
C_006_patch_transformer_03784665 epoch=2 loss=0.2205 MAE=12.863/8.570 score=0.7044
C_006_patch_transformer_03784665 epoch=3 loss=0.2177 MAE=12.901/8.572 score=0.7055
C_006_patch_transformer_03784665 epoch=4 loss=0.2159 MAE=13.052/9.008 score=0.7274
C_006_patch_transformer_03784665 epoch=5 loss=0.2141 MAE=12.972/8.682 score=0.7120
C_007_fcn_0b234076 epoch=1 loss=0.7394 MAE=13.100/8.578 score=0.7113
C_007_fcn_0b234076 epoch=2 loss=0.7080 MAE=13.066/8.580 score=0.7105
C_007_fcn_0b234076 epoch=3 loss=0.6937 MAE=13.085/8.860 score=0.7224
C_007_fcn_0b234076 epoch=4 loss=0.6843 MAE=12.995/9.206 score=0.7338
C_007_fcn_0b234076 epoch=5 loss=0.6749 MAE=13.237/8.532 score=0.7133
C_008_fcn_9f15caf5 epoch=1 loss=0.5247 MAE=13.128/8.827 score=0.7222
C_008_fcn_9f15caf5 epoch=2 loss=0.4882 MAE=13.182/8.663 score=0.7171
C_008_fcn_9f15caf5 epoch=3 loss=0.4773 MAE=13.090/8.635 score=0.7133
C_008_fcn_9f15caf5 epoch=4 loss=0.4691 MAE=12.991/8.601 score=0.7092
C_008_fcn_9f15caf5 epoch=5 loss=0.4599 MAE=13.094/8.484 score=0.7074
C_008_fcn_9f15caf5 epoch=6 loss=0.4510 MAE=13.069/8.519 score=0.7081
C_008_fcn_9f15caf5 epoch=7 loss=0.4443 MAE=13.516/8.721 score=0.7287
C_008_fcn_9f15caf5 epoch=8 loss=0.4353 MAE=12.996/8.377 score=0.7003
C_009_fcn_55c5b9c0 epoch=1 loss=1.0369 MAE=13.701/9.811 score=0.7779
C_009_fcn_55c5b9c0 epoch=2 loss=0.9336 MAE=15.794/9.559 score=0.8260
C_009_fcn_55c5b9c0 epoch=3 loss=0.9067 MAE=13.428/9.298 score=0.7496
C_009_fcn_55c5b9c0 epoch=4 loss=0.8768 MAE=14.122/9.730 score=0.7864
C_009_fcn_55c5b9c0 epoch=5 loss=0.8597 MAE=13.866/9.958 score=0.7885
C_009_fcn_55c5b9c0 epoch=6 loss=0.8260 MAE=14.951/9.862 score=0.8148
C_010_fcn_05a9270e epoch=1 loss=0.6944 MAE=13.101/8.821 score=0.7212
C_010_fcn_05a9270e epoch=2 loss=0.6467 MAE=13.170/8.563 score=0.7127
C_010_fcn_05a9270e epoch=3 loss=0.6304 MAE=13.020/8.680 score=0.7132
C_010_fcn_05a9270e epoch=4 loss=0.6216 MAE=13.013/8.536 score=0.7072
C_010_fcn_05a9270e epoch=5 loss=0.6078 MAE=13.041/8.540 score=0.7082
C_010_fcn_05a9270e epoch=6 loss=0.5967 MAE=12.956/8.401 score=0.7002
C_010_fcn_05a9270e epoch=7 loss=0.5868 MAE=13.243/8.526 score=0.7132
C_010_fcn_05a9270e epoch=8 loss=0.5734 MAE=13.002/8.438 score=0.7030
C_011_fcn_993dd637 epoch=1 loss=0.4282 MAE=13.291/9.255 score=0.7440
C_011_fcn_993dd637 epoch=2 loss=0.3718 MAE=13.198/8.731 score=0.7202
C_011_fcn_993dd637 epoch=3 loss=0.3570 MAE=13.014/8.428 score=0.7029
C_011_fcn_993dd637 epoch=4 loss=0.3439 MAE=12.914/8.545 score=0.7048
C_011_fcn_993dd637 epoch=5 loss=0.3291 MAE=13.562/8.632 score=0.7264
C_011_fcn_993dd637 epoch=6 loss=0.3144 MAE=13.145/8.489 score=0.7090
C_012_fcn_050e745d epoch=1 loss=0.2370 MAE=13.190/8.802 score=0.7229
C_012_fcn_050e745d epoch=2 loss=0.2217 MAE=13.116/8.610 score=0.7131
C_012_fcn_050e745d epoch=3 loss=0.2178 MAE=13.008/8.705 score=0.7139
C_012_fcn_050e745d epoch=4 loss=0.2162 MAE=13.294/8.586 score=0.7170
C_012_fcn_050e745d epoch=5 loss=0.2134 MAE=13.177/8.560 score=0.7127
C_012_fcn_050e745d epoch=6 loss=0.2108 MAE=12.994/8.660 score=0.7117
C_012_fcn_050e745d epoch=7 loss=0.2086 MAE=13.122/8.641 score=0.7145
C_012_fcn_050e745d epoch=8 loss=0.2060 MAE=12.960/8.537 score=0.7058
C_013_convnext_154e0924 epoch=1 loss=0.7290 MAE=13.127/8.886 score=0.7245
C_013_convnext_154e0924 epoch=2 loss=0.7002 MAE=12.970/8.535 score=0.7060
C_013_convnext_154e0924 epoch=3 loss=0.6882 MAE=13.165/8.483 score=0.7093
C_013_convnext_154e0924 epoch=4 loss=0.6792 MAE=13.292/8.887 score=0.7292
C_013_convnext_154e0924 epoch=5 loss=0.6714 MAE=13.047/8.547 score=0.7086
C_014_convnext_9306cc75 epoch=1 loss=0.5135 MAE=13.067/8.745 score=0.7172
C_014_convnext_9306cc75 epoch=2 loss=0.4846 MAE=12.948/8.504 score=0.7041
C_014_convnext_9306cc75 epoch=3 loss=0.4748 MAE=13.121/8.543 score=0.7105
C_014_convnext_9306cc75 epoch=4 loss=0.4645 MAE=13.005/8.715 score=0.7142
C_014_convnext_9306cc75 epoch=5 loss=0.4562 MAE=13.292/8.642 score=0.7192
C_015_convnext_32fd1d42 epoch=1 loss=1.0150 MAE=13.192/9.002 score=0.7310
C_015_convnext_32fd1d42 epoch=2 loss=0.9187 MAE=13.894/9.599 score=0.7747
C_015_convnext_32fd1d42 epoch=3 loss=0.8917 MAE=13.770/9.452 score=0.7653
C_015_convnext_32fd1d42 epoch=4 loss=0.8655 MAE=14.155/9.726 score=0.7871
C_016_convnext_aa26f1c4 epoch=1 loss=0.6876 MAE=13.111/8.714 score=0.7171
C_016_convnext_aa26f1c4 epoch=2 loss=0.6470 MAE=12.949/8.490 score=0.7036
C_016_convnext_aa26f1c4 epoch=3 loss=0.6322 MAE=12.964/8.586 score=0.7079
C_016_convnext_aa26f1c4 epoch=4 loss=0.6180 MAE=13.089/8.752 score=0.7181
C_016_convnext_aa26f1c4 epoch=5 loss=0.6058 MAE=13.416/8.566 score=0.7196
C_017_convnext_5146af59 epoch=1 loss=0.4157 MAE=13.150/8.713 score=0.7182
C_017_convnext_5146af59 epoch=2 loss=0.3672 MAE=12.944/8.524 score=0.7048
C_017_convnext_5146af59 epoch=3 loss=0.3508 MAE=12.990/8.446 score=0.7029
C_017_convnext_5146af59 epoch=4 loss=0.3379 MAE=12.898/8.455 score=0.7008
C_017_convnext_5146af59 epoch=5 loss=0.3213 MAE=13.202/8.601 score=0.7151
C_017_convnext_5146af59 epoch=6 loss=0.3085 MAE=13.064/8.558 score=0.7095
C_017_convnext_5146af59 epoch=7 loss=0.2928 MAE=13.075/8.530 score=0.7087
C_018_convnext_e07f3421 epoch=1 loss=0.2358 MAE=13.119/8.810 score=0.7213
C_018_convnext_e07f3421 epoch=2 loss=0.2195 MAE=13.109/8.643 score=0.7142
C_018_convnext_e07f3421 epoch=3 loss=0.2165 MAE=12.995/8.480 score=0.7044
C_018_convnext_e07f3421 epoch=4 loss=0.2138 MAE=12.981/8.664 score=0.7115
C_018_convnext_e07f3421 epoch=5 loss=0.2111 MAE=13.219/8.629 score=0.7167
C_018_convnext_e07f3421 epoch=6 loss=0.2084 MAE=13.220/8.650 score=0.7176
C_019_convnext_655be1bd epoch=1 loss=0.7631 MAE=13.314/8.807 score=0.7266
C_019_convnext_655be1bd epoch=2 loss=0.7338 MAE=13.399/9.050 score=0.7388
C_019_convnext_655be1bd epoch=3 loss=0.7106 MAE=13.119/8.645 score=0.7146
C_019_convnext_655be1bd epoch=4 loss=0.7017 MAE=13.188/9.011 score=0.7313
C_019_convnext_655be1bd epoch=5 loss=0.6940 MAE=13.164/8.700 score=0.7180
C_019_convnext_655be1bd epoch=6 loss=0.6895 MAE=12.991/8.587 score=0.7087
C_019_convnext_655be1bd epoch=7 loss=0.6833 MAE=13.070/8.565 score=0.7100
C_019_convnext_655be1bd epoch=8 loss=0.6772 MAE=12.927/8.559 score=0.7057
C_020_convnext_17130341 epoch=1 loss=0.5448 MAE=13.327/9.094 score=0.7385
C_020_convnext_17130341 epoch=2 loss=0.5141 MAE=13.214/8.828 score=0.7246
C_020_convnext_17130341 epoch=3 loss=0.4979 MAE=13.102/8.701 score=0.7163
C_020_convnext_17130341 epoch=4 loss=0.4878 MAE=13.034/8.747 score=0.7163
C_020_convnext_17130341 epoch=5 loss=0.4814 MAE=13.276/8.783 score=0.7245
C_020_convnext_17130341 epoch=6 loss=0.4773 MAE=13.046/8.648 score=0.7126
C_020_convnext_17130341 epoch=7 loss=0.4721 MAE=13.052/8.567 score=0.7095
C_020_convnext_17130341 epoch=8 loss=0.4670 MAE=12.964/8.492 score=0.7041
C_021_convnext_342710f3 epoch=1 loss=1.0694 MAE=13.515/9.447 score=0.7580
C_021_convnext_342710f3 epoch=2 loss=0.9921 MAE=14.385/9.475 score=0.7833
C_021_convnext_342710f3 epoch=3 loss=0.9514 MAE=13.580/9.421 score=0.7588
C_021_convnext_342710f3 epoch=4 loss=0.9248 MAE=14.207/9.649 score=0.7854
C_022_convnext_a3fdbed3 epoch=1 loss=0.7260 MAE=13.467/9.107 score=0.7429
C_022_convnext_a3fdbed3 epoch=2 loss=0.6848 MAE=13.160/8.825 score=0.7230
C_022_convnext_a3fdbed3 epoch=3 loss=0.6611 MAE=13.081/8.719 score=0.7165
C_022_convnext_a3fdbed3 epoch=4 loss=0.6490 MAE=13.157/8.751 score=0.7199
C_022_convnext_a3fdbed3 epoch=5 loss=0.6395 MAE=13.255/8.675 score=0.7196
C_022_convnext_a3fdbed3 epoch=6 loss=0.6330 MAE=13.136/8.696 score=0.7171
C_023_convnext_b03da72f epoch=1 loss=0.4649 MAE=13.580/9.342 score=0.7556
C_023_convnext_b03da72f epoch=2 loss=0.4075 MAE=13.141/8.831 score=0.7227
C_023_convnext_b03da72f epoch=3 loss=0.3858 MAE=13.071/8.556 score=0.7096
C_023_convnext_b03da72f epoch=4 loss=0.3727 MAE=12.986/8.564 score=0.7076
C_023_convnext_b03da72f epoch=5 loss=0.3632 MAE=13.401/8.785 score=0.7281
C_023_convnext_b03da72f epoch=6 loss=0.3563 MAE=13.048/8.607 score=0.7111
C_023_convnext_b03da72f epoch=7 loss=0.3464 MAE=13.107/8.525 score=0.7094
C_024_convnext_44490799 epoch=1 loss=0.2439 MAE=13.569/9.092 score=0.7452
C_024_convnext_44490799 epoch=2 loss=0.2299 MAE=13.380/8.878 score=0.7313
C_024_convnext_44490799 epoch=3 loss=0.2242 MAE=13.139/8.635 score=0.7147
C_024_convnext_44490799 epoch=4 loss=0.2202 MAE=13.087/8.804 score=0.7201
C_024_convnext_44490799 epoch=5 loss=0.2175 MAE=13.187/8.588 score=0.7142
C_024_convnext_44490799 epoch=6 loss=0.2161 MAE=13.031/8.640 score=0.7119
C_024_convnext_44490799 epoch=7 loss=0.2144 MAE=13.078/8.514 score=0.7081
C_024_convnext_44490799 epoch=8 loss=0.2132 MAE=12.948/8.471 score=0.7028
 epoch  train_loss   mae_sbp  mae_dbp  mean_mae  worst_target_mae  rmse_sbp  rmse_dbp  bias_sbp  bias_dbp  pearson_sbp  pearson_dbp  selection_score  tail_count  tail_mae_sbp  tail_mae_dbp  high_count  high_mae_sbp  high_mae_dbp  low_count  low_mae_sbp  low_mae_dbp  high_bp_sensitivity  high_bp_specificity  sbp_within_5  sbp_within_10  sbp_within_15  dbp_within_5  dbp_within_10  dbp_within_15  clinical_selection_score                           run_id stage          backbone        view  duration_seconds        engineered      head      loss augmentation balance  seed  parameters  trainable_parameters  train_samples  eval_samples  runtime_seconds
     6    0.596742 12.956361 8.401109 10.678735         12.956361 16.523491 11.186595  0.016377 -1.479466     0.324050     0.422482         0.700183        2965     13.429832      8.014565         403     28.664324     19.178696       3562    11.917386     6.442236             0.007444              0.99743      0.246667       0.472991       0.656923      0.388034       0.699145       0.855043                  0.699566               C_010_fcn_05a9270e     C               fcn   multiview              10.0              none multitask multitask jitter_scale    none    42      229700                229700          32971          5850        14.275985
     2    0.698593 12.847207 8.479102 10.663155         12.847207 16.290459 11.266235 -2.098469 -2.166186     0.351613     0.416980         0.700302        2965     12.874863      7.843039         403     31.034962     20.053200       3562    11.419909     6.209124             0.000000              1.00000      0.248547       0.465470       0.657265      0.378120       0.694359       0.855214                  0.694062 C_001_patch_transformer_910e1b87     C patch_transformer derivatives              10.0 raw__fusion+scale    direct        l1         none    none    42     1305986               1305986          32971          5850        17.324956
     8    0.435323 12.996061 8.376980 10.686521         12.996061 16.354927 10.997124 -0.481514 -0.344203     0.318839     0.426653         0.700311        2965     13.468863      8.888001         403     30.779255     18.679825       3562    11.782287     7.049546             0.000000              1.00000      0.239829       0.456410       0.650427      0.387179       0.684444       0.857265                  0.708767               C_008_fcn_9f15caf5     C               fcn   multiview              10.0              none    direct     huber jitter_scale    none    42      229570                229570          32971          5850        14.055973
