
--- 2026-09-11T11:23:24.489535+00:00 ---
CV_c1_seed42_fold1 epoch=1 loss=0.6988 MAE=12.865/8.351 score=0.7019
CV_c1_seed42_fold1 epoch=2 loss=0.6539 MAE=12.753/8.275 score=0.6956
CV_c1_seed42_fold1 epoch=3 loss=0.6356 MAE=13.210/8.388 score=0.7131
CV_c1_seed42_fold1 epoch=4 loss=0.6294 MAE=12.740/8.253 score=0.6944
CV_c1_seed42_fold1 epoch=5 loss=0.6120 MAE=12.670/8.197 score=0.6901
CV_c1_seed42_fold1 epoch=6 loss=0.6038 MAE=12.867/8.587 score=0.7116
CV_c2_seed42_fold1 epoch=1 loss=0.7343 MAE=13.153/8.398 score=0.7119
CV_c2_seed42_fold1 epoch=2 loss=0.7058 MAE=12.867/8.282 score=0.6991
CV_c2_seed42_fold1 epoch=3 loss=0.6947 MAE=12.942/8.379 score=0.7052
CV_c3_seed42_fold1 epoch=1 loss=0.5207 MAE=12.851/8.300 score=0.6994
CV_c3_seed42_fold1 epoch=2 loss=0.4912 MAE=12.828/8.243 score=0.6964
CV_c3_seed42_fold1 epoch=3 loss=0.4792 MAE=13.043/8.332 score=0.7061
CV_c3_seed42_fold1 epoch=4 loss=0.4719 MAE=12.859/8.369 score=0.7025
CV_c3_seed42_fold1 epoch=5 loss=0.4628 MAE=12.681/8.203 score=0.6907
CV_c3_seed42_fold1 epoch=6 loss=0.4553 MAE=12.675/8.456 score=0.7009
CV_c3_seed42_fold1 epoch=7 loss=0.4470 MAE=12.893/8.377 score=0.7038
CV_c3_seed42_fold1 epoch=8 loss=0.4387 MAE=13.081/8.387 score=0.7094
CV_c1_seed42_fold2 epoch=1 loss=0.6940 MAE=13.534/8.900 score=0.7428
CV_c1_seed42_fold2 epoch=2 loss=0.6505 MAE=12.936/8.634 score=0.7152
CV_c1_seed42_fold2 epoch=3 loss=0.6337 MAE=13.061/8.500 score=0.7132
CV_c1_seed42_fold2 epoch=4 loss=0.6237 MAE=13.072/8.442 score=0.7111
CV_c1_seed42_fold2 epoch=5 loss=0.6103 MAE=12.986/8.225 score=0.6999
CV_c1_seed42_fold2 epoch=6 loss=0.5972 MAE=13.230/9.022 score=0.7392
CV_c2_seed42_fold2 epoch=1 loss=0.7287 MAE=13.727/9.500 score=0.7726
CV_c2_seed42_fold2 epoch=2 loss=0.7024 MAE=13.037/8.470 score=0.7113
CV_c2_seed42_fold2 epoch=3 loss=0.6933 MAE=13.247/8.335 score=0.7117
CV_c3_seed42_fold2 epoch=1 loss=0.5215 MAE=13.625/8.696 score=0.7371
CV_c3_seed42_fold2 epoch=2 loss=0.4909 MAE=12.934/8.785 score=0.7213
CV_c3_seed42_fold2 epoch=3 loss=0.4791 MAE=13.843/8.308 score=0.7274
CV_c3_seed42_fold2 epoch=4 loss=0.4724 MAE=13.008/8.248 score=0.7015
CV_c3_seed42_fold2 epoch=5 loss=0.4628 MAE=13.152/8.228 score=0.7047
CV_c3_seed42_fold2 epoch=6 loss=0.4515 MAE=13.137/8.629 score=0.7206
CV_c3_seed42_fold2 epoch=7 loss=0.4477 MAE=13.783/8.469 score=0.7322
CV_c3_seed42_fold2 epoch=8 loss=0.4369 MAE=12.951/8.170 score=0.6967
CV_c1_seed42_fold3 epoch=1 loss=0.6920 MAE=12.947/8.346 score=0.7051
CV_c1_seed42_fold3 epoch=2 loss=0.6507 MAE=12.962/8.340 score=0.7053
CV_c1_seed42_fold3 epoch=3 loss=0.6345 MAE=13.334/8.259 score=0.7124
CV_c1_seed42_fold3 epoch=4 loss=0.6230 MAE=12.881/8.191 score=0.6969
CV_c1_seed42_fold3 epoch=5 loss=0.6164 MAE=12.850/8.313 score=0.7010
CV_c1_seed42_fold3 epoch=6 loss=0.6012 MAE=12.916/8.422 score=0.7074
CV_c2_seed42_fold3 epoch=1 loss=0.7277 MAE=13.122/8.517 score=0.7170
CV_c2_seed42_fold3 epoch=2 loss=0.7031 MAE=13.199/8.425 score=0.7154
CV_c2_seed42_fold3 epoch=3 loss=0.6962 MAE=13.384/8.631 score=0.7290
CV_c3_seed42_fold3 epoch=1 loss=0.5165 MAE=13.128/8.308 score=0.7086
CV_c3_seed42_fold3 epoch=2 loss=0.4919 MAE=13.220/8.351 score=0.7130
CV_c3_seed42_fold3 epoch=3 loss=0.4795 MAE=13.642/8.290 score=0.7223
CV_c3_seed42_fold3 epoch=4 loss=0.4717 MAE=12.866/8.360 score=0.7034
CV_c3_seed42_fold3 epoch=5 loss=0.4652 MAE=12.818/8.358 score=0.7020
CV_c3_seed42_fold3 epoch=6 loss=0.4559 MAE=12.926/8.332 score=0.7039
CV_c3_seed42_fold3 epoch=7 loss=0.4488 MAE=13.620/8.893 score=0.7464
CV_c3_seed42_fold3 epoch=8 loss=0.4397 MAE=13.450/8.763 score=0.7363
CV_c1_seed42_fold4 epoch=1 loss=0.6966 MAE=12.920/7.941 score=0.6813
CV_c1_seed42_fold4 epoch=2 loss=0.6527 MAE=12.785/7.825 score=0.6729
CV_c1_seed42_fold4 epoch=3 loss=0.6348 MAE=12.739/7.963 score=0.6771
CV_c1_seed42_fold4 epoch=4 loss=0.6245 MAE=12.867/7.973 score=0.6812
CV_c1_seed42_fold4 epoch=5 loss=0.6176 MAE=12.803/7.864 score=0.6749
CV_c1_seed42_fold4 epoch=6 loss=0.6024 MAE=12.836/7.896 score=0.6771
CV_c2_seed42_fold4 epoch=1 loss=0.7315 MAE=13.149/7.959 score=0.6884
CV_c2_seed42_fold4 epoch=2 loss=0.7013 MAE=12.695/7.968 score=0.6761
CV_c2_seed42_fold4 epoch=3 loss=0.6931 MAE=12.621/8.025 score=0.6764
CV_c3_seed42_fold4 epoch=1 loss=0.5216 MAE=13.022/7.914 score=0.6831
CV_c3_seed42_fold4 epoch=2 loss=0.4907 MAE=12.805/7.860 score=0.6748
CV_c3_seed42_fold4 epoch=3 loss=0.4801 MAE=12.856/7.988 score=0.6814
CV_c3_seed42_fold4 epoch=4 loss=0.4706 MAE=12.749/7.888 score=0.6744
CV_c3_seed42_fold4 epoch=5 loss=0.4655 MAE=12.727/7.853 score=0.6724
CV_c3_seed42_fold4 epoch=6 loss=0.4533 MAE=12.947/7.949 score=0.6824
CV_c3_seed42_fold4 epoch=7 loss=0.4502 MAE=12.965/7.991 score=0.6846
CV_c3_seed42_fold4 epoch=8 loss=0.4379 MAE=12.986/8.118 score=0.6903
CV_c1_seed42_fold5 epoch=1 loss=0.6906 MAE=14.207/9.028 score=0.7693
CV_c1_seed42_fold5 epoch=2 loss=0.6435 MAE=13.654/8.599 score=0.7361
CV_c1_seed42_fold5 epoch=3 loss=0.6274 MAE=13.765/8.630 score=0.7406
CV_c1_seed42_fold5 epoch=4 loss=0.6149 MAE=13.727/8.619 score=0.7390
CV_c1_seed42_fold5 epoch=5 loss=0.6041 MAE=13.636/8.590 score=0.7353
CV_c1_seed42_fold5 epoch=6 loss=0.5957 MAE=13.744/8.528 score=0.7358
CV_c2_seed42_fold5 epoch=1 loss=0.7281 MAE=14.032/8.955 score=0.7613
CV_c2_seed42_fold5 epoch=2 loss=0.6971 MAE=13.604/8.786 score=0.7424
CV_c2_seed42_fold5 epoch=3 loss=0.6890 MAE=13.722/8.660 score=0.7406
CV_c3_seed42_fold5 epoch=1 loss=0.5121 MAE=14.168/9.074 score=0.7701
CV_c3_seed42_fold5 epoch=2 loss=0.4815 MAE=13.738/8.594 score=0.7383
CV_c3_seed42_fold5 epoch=3 loss=0.4710 MAE=13.700/8.649 score=0.7395
CV_c3_seed42_fold5 epoch=4 loss=0.4637 MAE=13.732/8.649 score=0.7404
CV_c3_seed42_fold5 epoch=5 loss=0.4571 MAE=14.037/8.710 score=0.7515
CV_c3_seed42_fold5 epoch=6 loss=0.4525 MAE=13.766/8.549 score=0.7373
CV_c3_seed42_fold5 epoch=7 loss=0.4428 MAE=13.680/8.577 score=0.7360
CV_c3_seed42_fold5 epoch=8 loss=0.4368 MAE=13.691/8.645 score=0.7391
CV_c1_seed123_fold1 epoch=1 loss=0.6935 MAE=13.940/9.001 score=0.7609
CV_c1_seed123_fold1 epoch=2 loss=0.6495 MAE=13.100/9.031 score=0.7386
CV_c1_seed123_fold1 epoch=3 loss=0.6372 MAE=13.187/8.886 score=0.7351
CV_c1_seed123_fold1 epoch=4 loss=0.6211 MAE=13.016/8.667 score=0.7213
CV_c1_seed123_fold1 epoch=5 loss=0.6118 MAE=13.070/8.842 score=0.7300
CV_c1_seed123_fold1 epoch=6 loss=0.6013 MAE=13.065/8.851 score=0.7302
CV_c2_seed123_fold1 epoch=1 loss=0.7240 MAE=13.489/9.245 score=0.7583
CV_c2_seed123_fold1 epoch=2 loss=0.6975 MAE=13.411/8.858 score=0.7402
CV_c2_seed123_fold1 epoch=3 loss=0.6918 MAE=13.512/8.890 score=0.7443
CV_c3_seed123_fold1 epoch=1 loss=0.5170 MAE=13.136/8.927 score=0.7353
CV_c3_seed123_fold1 epoch=2 loss=0.4864 MAE=13.084/8.923 score=0.7337
CV_c3_seed123_fold1 epoch=3 loss=0.4802 MAE=13.372/8.824 score=0.7377
CV_c3_seed123_fold1 epoch=4 loss=0.4679 MAE=13.083/8.708 score=0.7248
CV_c3_seed123_fold1 epoch=5 loss=0.4610 MAE=13.056/8.841 score=0.7296
CV_c3_seed123_fold1 epoch=6 loss=0.4540 MAE=12.999/8.747 score=0.7241
CV_c3_seed123_fold1 epoch=7 loss=0.4470 MAE=13.049/9.018 score=0.7367
CV_c3_seed123_fold1 epoch=8 loss=0.4393 MAE=13.260/8.946 score=0.7396
CV_c1_seed123_fold2 epoch=1 loss=0.6958 MAE=13.737/8.264 score=0.7197
CV_c1_seed123_fold2 epoch=2 loss=0.6481 MAE=13.142/8.208 score=0.7007
CV_c1_seed123_fold2 epoch=3 loss=0.6352 MAE=13.142/8.040 score=0.6939
CV_c1_seed123_fold2 epoch=4 loss=0.6203 MAE=13.236/8.302 score=0.7071
CV_c1_seed123_fold2 epoch=5 loss=0.6105 MAE=12.983/8.065 score=0.6905
CV_c1_seed123_fold2 epoch=6 loss=0.6017 MAE=12.891/8.313 score=0.6979
CV_c2_seed123_fold2 epoch=1 loss=0.7271 MAE=13.435/8.568 score=0.7235
CV_c2_seed123_fold2 epoch=2 loss=0.7008 MAE=13.213/8.241 score=0.7040
CV_c2_seed123_fold2 epoch=3 loss=0.6931 MAE=13.181/8.264 score=0.7041
CV_c3_seed123_fold2 epoch=1 loss=0.5213 MAE=13.469/8.527 score=0.7227
CV_c3_seed123_fold2 epoch=2 loss=0.4872 MAE=13.149/8.171 score=0.6994
CV_c3_seed123_fold2 epoch=3 loss=0.4775 MAE=13.227/8.022 score=0.6956
CV_c3_seed123_fold2 epoch=4 loss=0.4689 MAE=13.312/8.203 score=0.7053
CV_c3_seed123_fold2 epoch=5 loss=0.4621 MAE=13.036/8.036 score=0.6908
CV_c3_seed123_fold2 epoch=6 loss=0.4554 MAE=13.041/8.203 score=0.6977
CV_c3_seed123_fold2 epoch=7 loss=0.4465 MAE=13.063/8.163 score=0.6967
CV_c3_seed123_fold2 epoch=8 loss=0.4367 MAE=13.110/8.256 score=0.7017
CV_c1_seed123_fold3 epoch=1 loss=0.7002 MAE=13.289/8.454 score=0.7191
CV_c1_seed123_fold3 epoch=2 loss=0.6543 MAE=12.861/8.333 score=0.7021
CV_c1_seed123_fold3 epoch=3 loss=0.6420 MAE=12.751/8.291 score=0.6973
CV_c1_seed123_fold3 epoch=4 loss=0.6304 MAE=13.083/8.149 score=0.7008
CV_c1_seed123_fold3 epoch=5 loss=0.6215 MAE=12.803/8.217 score=0.6957
CV_c1_seed123_fold3 epoch=6 loss=0.6113 MAE=12.738/8.104 score=0.6893
CV_c2_seed123_fold3 epoch=1 loss=0.7362 MAE=13.362/8.397 score=0.7188
CV_c2_seed123_fold3 epoch=2 loss=0.7064 MAE=12.841/8.345 score=0.7020
CV_c2_seed123_fold3 epoch=3 loss=0.6992 MAE=12.927/8.319 score=0.7034
CV_c3_seed123_fold3 epoch=1 loss=0.5244 MAE=13.344/8.262 score=0.7127
CV_c3_seed123_fold3 epoch=2 loss=0.4929 MAE=13.091/8.178 score=0.7022
CV_c3_seed123_fold3 epoch=3 loss=0.4834 MAE=12.825/8.290 score=0.6994
CV_c3_seed123_fold3 epoch=4 loss=0.4754 MAE=12.791/8.104 score=0.6908
CV_c3_seed123_fold3 epoch=5 loss=0.4693 MAE=12.836/8.240 score=0.6976
CV_c3_seed123_fold3 epoch=6 loss=0.4613 MAE=12.844/8.205 score=0.6964
CV_c3_seed123_fold3 epoch=7 loss=0.4540 MAE=12.885/8.123 score=0.6942
CV_c3_seed123_fold3 epoch=8 loss=0.4430 MAE=13.053/9.026 score=0.7359
CV_c1_seed123_fold4 epoch=1 loss=0.6880 MAE=13.809/8.449 score=0.7333
CV_c1_seed123_fold4 epoch=2 loss=0.6471 MAE=14.035/8.587 score=0.7453
CV_c1_seed123_fold4 epoch=3 loss=0.6316 MAE=13.738/8.349 score=0.7272
CV_c1_seed123_fold4 epoch=4 loss=0.6214 MAE=13.636/8.275 score=0.7214
CV_c1_seed123_fold4 epoch=5 loss=0.6096 MAE=13.682/8.452 score=0.7299
CV_c1_seed123_fold4 epoch=6 loss=0.6023 MAE=13.453/8.460 score=0.7237
CV_c2_seed123_fold4 epoch=1 loss=0.7253 MAE=13.634/8.404 score=0.7265
CV_c2_seed123_fold4 epoch=2 loss=0.6987 MAE=13.938/9.274 score=0.7704
CV_c2_seed123_fold4 epoch=3 loss=0.6923 MAE=13.732/8.410 score=0.7296
CV_c3_seed123_fold4 epoch=1 loss=0.5173 MAE=13.867/8.457 score=0.7353
CV_c3_seed123_fold4 epoch=2 loss=0.4882 MAE=13.999/8.571 score=0.7436
CV_c3_seed123_fold4 epoch=3 loss=0.4776 MAE=13.701/8.376 score=0.7273
CV_c3_seed123_fold4 epoch=4 loss=0.4704 MAE=13.650/8.271 score=0.7216
CV_c3_seed123_fold4 epoch=5 loss=0.4617 MAE=13.830/8.254 score=0.7260
CV_c3_seed123_fold4 epoch=6 loss=0.4583 MAE=13.481/8.291 score=0.7176
CV_c3_seed123_fold4 epoch=7 loss=0.4510 MAE=13.785/8.560 score=0.7371
CV_c3_seed123_fold4 epoch=8 loss=0.4452 MAE=13.779/8.365 score=0.7291
CV_c1_seed123_fold5 epoch=1 loss=0.6983 MAE=13.195/8.381 score=0.7088
CV_c1_seed123_fold5 epoch=2 loss=0.6523 MAE=12.711/7.912 score=0.6762
CV_c1_seed123_fold5 epoch=3 loss=0.6349 MAE=13.134/8.028 score=0.6927
CV_c1_seed123_fold5 epoch=4 loss=0.6315 MAE=12.671/7.902 score=0.6747
CV_c1_seed123_fold5 epoch=5 loss=0.6149 MAE=12.717/8.018 score=0.6808
CV_c1_seed123_fold5 epoch=6 loss=0.6077 MAE=12.656/7.837 score=0.6717
CV_c2_seed123_fold5 epoch=1 loss=0.7338 MAE=13.114/8.044 score=0.6928
CV_c2_seed123_fold5 epoch=2 loss=0.7057 MAE=12.978/8.057 score=0.6896
CV_c2_seed123_fold5 epoch=3 loss=0.6998 MAE=12.843/8.047 score=0.6854
CV_c3_seed123_fold5 epoch=1 loss=0.5180 MAE=13.280/8.479 score=0.7152
CV_c3_seed123_fold5 epoch=2 loss=0.4889 MAE=12.693/7.900 score=0.6753
CV_c3_seed123_fold5 epoch=3 loss=0.4766 MAE=12.912/7.989 score=0.6850
CV_c3_seed123_fold5 epoch=4 loss=0.4735 MAE=12.680/7.952 score=0.6770
CV_c3_seed123_fold5 epoch=5 loss=0.4628 MAE=12.881/8.019 score=0.6854
CV_c3_seed123_fold5 epoch=6 loss=0.4550 MAE=12.859/7.869 score=0.6786
CV_c3_seed123_fold5 epoch=7 loss=0.4467 MAE=13.015/8.136 score=0.6938
CV_c3_seed123_fold5 epoch=8 loss=0.4387 MAE=13.295/8.518 score=0.7172
CV_c1_seed2026_fold1 epoch=1 loss=0.6980 MAE=13.181/8.279 score=0.7066
CV_c1_seed2026_fold1 epoch=2 loss=0.6499 MAE=13.090/8.312 score=0.7054
CV_c1_seed2026_fold1 epoch=3 loss=0.6350 MAE=13.041/8.197 score=0.6994
CV_c1_seed2026_fold1 epoch=4 loss=0.6224 MAE=13.099/8.302 score=0.7053
CV_c1_seed2026_fold1 epoch=5 loss=0.6127 MAE=13.208/8.209 score=0.7045
CV_c1_seed2026_fold1 epoch=6 loss=0.6022 MAE=13.104/8.239 score=0.7029
CV_c2_seed2026_fold1 epoch=1 loss=0.7319 MAE=13.248/8.253 score=0.7075
CV_c2_seed2026_fold1 epoch=2 loss=0.6985 MAE=13.454/8.423 score=0.7201
CV_c2_seed2026_fold1 epoch=3 loss=0.6926 MAE=13.215/8.208 score=0.7047
CV_c3_seed2026_fold1 epoch=1 loss=0.5262 MAE=13.309/8.280 score=0.7103
CV_c3_seed2026_fold1 epoch=2 loss=0.4876 MAE=13.103/8.288 score=0.7048
CV_c3_seed2026_fold1 epoch=3 loss=0.4770 MAE=13.049/8.177 score=0.6988
CV_c3_seed2026_fold1 epoch=4 loss=0.4687 MAE=13.183/8.316 score=0.7082
CV_c3_seed2026_fold1 epoch=5 loss=0.4628 MAE=13.242/8.191 score=0.7048
CV_c3_seed2026_fold1 epoch=6 loss=0.4557 MAE=13.126/8.326 score=0.7070
CV_c3_seed2026_fold1 epoch=7 loss=0.4489 MAE=13.057/8.276 score=0.7030
CV_c3_seed2026_fold1 epoch=8 loss=0.4395 MAE=13.143/8.350 score=0.7084
CV_c1_seed2026_fold2 epoch=1 loss=0.6969 MAE=13.004/8.271 score=0.7006
CV_c1_seed2026_fold2 epoch=2 loss=0.6542 MAE=13.492/8.635 score=0.7290
CV_c1_seed2026_fold2 epoch=3 loss=0.6428 MAE=12.976/8.349 score=0.7030
CV_c1_seed2026_fold2 epoch=4 loss=0.6259 MAE=13.013/8.315 score=0.7026
CV_c1_seed2026_fold2 epoch=5 loss=0.6190 MAE=13.067/8.079 score=0.6945
CV_c1_seed2026_fold2 epoch=6 loss=0.6095 MAE=12.777/8.172 score=0.6902
CV_c2_seed2026_fold2 epoch=1 loss=0.7312 MAE=12.968/8.230 score=0.6979
CV_c2_seed2026_fold2 epoch=2 loss=0.7031 MAE=13.531/8.281 score=0.7157
CV_c2_seed2026_fold2 epoch=3 loss=0.6957 MAE=13.052/8.256 score=0.7013
CV_c3_seed2026_fold2 epoch=1 loss=0.5210 MAE=13.208/8.472 score=0.7145
CV_c3_seed2026_fold2 epoch=2 loss=0.4903 MAE=13.235/8.802 score=0.7287
CV_c3_seed2026_fold2 epoch=3 loss=0.4829 MAE=13.101/8.193 score=0.7001
CV_c3_seed2026_fold2 epoch=4 loss=0.4714 MAE=13.027/8.368 score=0.7052
CV_c3_seed2026_fold2 epoch=5 loss=0.4649 MAE=12.862/8.171 score=0.6925
CV_c3_seed2026_fold2 epoch=6 loss=0.4585 MAE=12.758/8.214 score=0.6914
CV_c3_seed2026_fold2 epoch=7 loss=0.4494 MAE=12.885/8.384 score=0.7018
CV_c3_seed2026_fold2 epoch=8 loss=0.4413 MAE=13.128/8.245 score=0.7030
CV_c1_seed2026_fold3 epoch=1 loss=0.6920 MAE=12.678/8.242 score=0.6878
CV_c1_seed2026_fold3 epoch=2 loss=0.6551 MAE=12.548/8.213 score=0.6830
CV_c1_seed2026_fold3 epoch=3 loss=0.6348 MAE=12.690/8.517 score=0.6993
CV_c1_seed2026_fold3 epoch=4 loss=0.6227 MAE=12.620/8.202 score=0.6845
CV_c1_seed2026_fold3 epoch=5 loss=0.6143 MAE=12.880/8.426 score=0.7009
CV_c1_seed2026_fold3 epoch=6 loss=0.6030 MAE=12.683/8.248 score=0.6881
CV_c2_seed2026_fold3 epoch=1 loss=0.7264 MAE=12.739/8.401 score=0.6959
CV_c2_seed2026_fold3 epoch=2 loss=0.7029 MAE=12.789/8.290 score=0.6928
CV_c2_seed2026_fold3 epoch=3 loss=0.6945 MAE=12.756/8.392 score=0.6961
CV_c3_seed2026_fold3 epoch=1 loss=0.5179 MAE=13.077/8.354 score=0.7034
CV_c3_seed2026_fold3 epoch=2 loss=0.4918 MAE=12.617/8.253 score=0.6865
CV_c3_seed2026_fold3 epoch=3 loss=0.4782 MAE=12.685/8.374 score=0.6933
CV_c3_seed2026_fold3 epoch=4 loss=0.4703 MAE=12.542/8.193 score=0.6820
CV_c3_seed2026_fold3 epoch=5 loss=0.4631 MAE=12.892/8.534 score=0.7056
CV_c3_seed2026_fold3 epoch=6 loss=0.4556 MAE=12.663/8.309 score=0.6901
CV_c3_seed2026_fold3 epoch=7 loss=0.4442 MAE=13.291/8.659 score=0.7218
CV_c3_seed2026_fold3 epoch=8 loss=0.4386 MAE=12.690/8.307 score=0.6908
CV_c1_seed2026_fold4 epoch=1 loss=0.6983 MAE=14.544/8.843 score=0.7755
CV_c1_seed2026_fold4 epoch=2 loss=0.6530 MAE=13.238/8.508 score=0.7247
CV_c1_seed2026_fold4 epoch=3 loss=0.6355 MAE=13.412/9.014 score=0.7505
CV_c1_seed2026_fold4 epoch=4 loss=0.6247 MAE=13.196/8.481 score=0.7224
CV_c1_seed2026_fold4 epoch=5 loss=0.6107 MAE=13.493/8.639 score=0.7374
CV_c1_seed2026_fold4 epoch=6 loss=0.6005 MAE=13.549/8.464 score=0.7317
CV_c2_seed2026_fold4 epoch=1 loss=0.7292 MAE=13.358/9.083 score=0.7518
CV_c2_seed2026_fold4 epoch=2 loss=0.7031 MAE=13.437/8.716 score=0.7389
CV_c2_seed2026_fold4 epoch=3 loss=0.6947 MAE=13.367/8.631 score=0.7334
CV_c3_seed2026_fold4 epoch=1 loss=0.5208 MAE=13.752/8.635 score=0.7445
CV_c3_seed2026_fold4 epoch=2 loss=0.4926 MAE=13.285/8.599 score=0.7298
CV_c3_seed2026_fold4 epoch=3 loss=0.4806 MAE=13.491/8.658 score=0.7381
CV_c3_seed2026_fold4 epoch=4 loss=0.4736 MAE=13.328/8.453 score=0.7250
CV_c3_seed2026_fold4 epoch=5 loss=0.4631 MAE=13.545/8.759 score=0.7438
CV_c3_seed2026_fold4 epoch=6 loss=0.4567 MAE=13.309/8.486 score=0.7259
CV_c3_seed2026_fold4 epoch=7 loss=0.4491 MAE=13.557/8.590 score=0.7371
CV_c3_seed2026_fold4 epoch=8 loss=0.4404 MAE=13.679/9.163 score=0.7642
CV_c1_seed2026_fold5 epoch=1 loss=0.6905 MAE=13.416/8.196 score=0.7101
CV_c1_seed2026_fold5 epoch=2 loss=0.6490 MAE=13.591/8.979 score=0.7469
CV_c1_seed2026_fold5 epoch=3 loss=0.6328 MAE=13.260/8.186 score=0.7053
CV_c1_seed2026_fold5 epoch=4 loss=0.6213 MAE=13.836/8.114 score=0.7186
CV_c1_seed2026_fold5 epoch=5 loss=0.6097 MAE=13.291/8.265 score=0.7094
CV_c1_seed2026_fold5 epoch=6 loss=0.6016 MAE=13.214/8.123 score=0.7015
CV_c2_seed2026_fold5 epoch=1 loss=0.7266 MAE=13.361/8.484 score=0.7203
CV_c2_seed2026_fold5 epoch=2 loss=0.7004 MAE=13.940/8.518 score=0.7379
CV_c2_seed2026_fold5 epoch=3 loss=0.6896 MAE=13.564/8.404 score=0.7227
CV_c3_seed2026_fold5 epoch=1 loss=0.5157 MAE=13.385/8.204 score=0.7096
CV_c3_seed2026_fold5 epoch=2 loss=0.4878 MAE=13.640/8.470 score=0.7275
CV_c3_seed2026_fold5 epoch=3 loss=0.4751 MAE=13.316/8.168 score=0.7062
CV_c3_seed2026_fold5 epoch=4 loss=0.4675 MAE=13.552/8.100 score=0.7100
CV_c3_seed2026_fold5 epoch=5 loss=0.4591 MAE=13.366/8.339 score=0.7145
CV_c3_seed2026_fold5 epoch=6 loss=0.4530 MAE=13.190/8.095 score=0.6996
CV_c3_seed2026_fold5 epoch=7 loss=0.4407 MAE=13.448/8.614 score=0.7280
CV_c3_seed2026_fold5 epoch=8 loss=0.4355 MAE=13.749/8.553 score=0.7340
                                  folds  selection_score_mean  selection_score_sd  mae_sbp_mean  mae_sbp_sd  mae_dbp_mean  mae_dbp_sd  pearson_sbp_mean  pearson_dbp_mean
candidate_id                                                                                                                                                             
C_010_fcn_05a9270e                   15              0.706550            0.021611     13.048182    0.331656      8.351018    0.322793          0.411001          0.488619
C_001_patch_transformer_910e1b87     15              0.712528            0.020015     13.204369    0.345519      8.390092    0.233734          0.393867          0.465627
C_008_fcn_9f15caf5                   15              0.719710            0.021797     13.269698    0.330504      8.520741    0.324220          0.394932          0.476403
