
--- 2026-09-11T13:12:20.846802+00:00 ---
/home/asr/miniconda3/envs/taghsimivenv/lib/python3.12/site-packages/numpy/lib/_function_base_impl.py:3045: RuntimeWarning: invalid value encountered in divide
  c /= stddev[:, None]
/home/asr/miniconda3/envs/taghsimivenv/lib/python3.12/site-packages/numpy/lib/_function_base_impl.py:3046: RuntimeWarning: invalid value encountered in divide
  c /= stddev[None, :]
                       method  patients  windows   mae_sbp   mae_dbp   bias_sbp  bias_dbp  pearson_sbp  pearson_dbp  rmse_sbp  pct_sbp_within_5  pct_sbp_within_10  pct_sbp_within_15  rmse_dbp  pct_dbp_within_5  pct_dbp_within_10  pct_dbp_within_15  mae_sbp_ci_low  mae_sbp_ci_high  mae_dbp_ci_low  mae_dbp_ci_high  high_bp_prevalence  direct_sensitivity  direct_specificity  direct_ppv    auprc    auroc
            mimic_source_mean       119     2380 17.845543 10.447996  -6.726936 -5.582881          NaN          NaN 23.288658         18.109244          35.798319          52.016807 13.701956         32.016807          57.815126          76.428571       16.701263        19.096642        9.731182        11.206642            0.168908            0.000000            1.000000    0.000000 0.168908 0.500000
      innovation200_zero_shot       119     2380 18.389267 11.287054 -11.207428 -8.206226     0.249264     0.263520 24.349285         18.529412          36.596639          52.521008 14.596066         28.571429          53.571429          72.605042       17.250032        19.582588       10.490330        12.112458            0.168908            0.000000            1.000000    0.000000 0.312294 0.595149
    destination_mean_crossfit       119     2380 17.432701  9.697690   0.003316  0.001218    -0.094935    -0.102828 22.352831         17.899160          34.873950          52.100840 12.550529         33.403361          60.630252          79.159664       16.373520        18.665607        9.052117        10.388262            0.168908            0.000000            1.000000    0.000000 0.157558 0.470760
innovation200_affine_crossfit       119     2380 16.482004  9.248253   0.051908  0.000055     0.270729     0.253469 21.476418         18.697479          38.193277          54.621849 12.105838         35.966387          63.319328          81.050420       15.452987        17.686203        8.610473         9.931383            0.168908            0.034826            0.997978    0.777778 0.322864 0.647159
{
  "status": "PASS",
  "locked_vitaldb_manifest": {
    "status": "PASS",
    "selected_cases": 128,
    "accepted_cases": 119,
    "accepted_windows": 2380,
    "shape": [
      2380,
      3,
      1875
    ],
    "sbp_range": [
      55.0,
      219.0
    ],
    "dbp_range": [
      29.0,
      126.0
    ],
    "high_bp_prevalence": 0.1689075630252101,
    "prepared_sha256": "bc8cd689723166e7e1f48cf148268895caaab2129d6feef8520801fa0ba5eddb",
    "downloaded_bytes": 460121972,
    "selection_rule": "lowest SHA-256 rank of ICBME2026-vitaldb-sync-v1:<caseid>"
  },
  "internal_decision_status": "NO_CONFIRMED_IMPROVEMENT",
  "candidate_id": "PRIOR_WINNER_FIXED",
  "external_model_scope": "The external model is the locked secondary-confirmation candidate, not the fold-varying nested-selection procedure.",
  "candidate_config": {
    "run_id": "PRIOR_WINNER_FIXED",
    "stage": "REFERENCE",
    "innovation_label": "prior_resnet_multiview10_multitask",
    "selection_role": "fixed_prior_winner",
    "screening_epoch": 5,
    "backbone": "resnet",
    "view": "multiview",
    "duration_seconds": 10.0,
    "engineered": "none",
    "head": "multitask",
    "loss": "multitask",
    "augmentation": "jitter_scale",
    "balance": "none",
    "dropout": 0.15,
    "head_hidden": 192,
    "epochs": 5,
    "patience": 2,
    "batch_size": 192,
    "learning_rate": 0.001,
    "weight_decay": 0.0002,
    "optimizer": "adamw",
    "scheduler": "none"
  },
  "component_candidate_ids": [
    "PRIOR_WINNER_FIXED"
  ],
  "checkpoint_count": 15,
  "zero_shot": {
    "method": "innovation200_zero_shot",
    "patients": 119,
    "windows": 2380,
    "mae_sbp": 18.389266967773438,
    "mae_dbp": 11.287054061889648,
    "bias_sbp": -11.207427978515625,
    "bias_dbp": -8.206226348876953,
    "pearson_sbp": 0.24926385741647458,
    "pearson_dbp": 0.2635195099823841,
    "rmse_sbp": 24.349285125732422,
    "pct_sbp_within_5": 18.529411764705884,
    "pct_sbp_within_10": 36.59663865546218,
    "pct_sbp_within_15": 52.52100840336135,
    "rmse_dbp": 14.59606647491455,
    "pct_dbp_within_5": 28.57142857142857,
    "pct_dbp_within_10": 53.57142857142857,
    "pct_dbp_within_15": 72.60504201680672,
    "mae_sbp_ci_low": 17.250032424926758,
    "mae_sbp_ci_high": 19.58258819580078,
    "mae_dbp_ci_low": 10.49032974243164,
    "mae_dbp_ci_high": 12.112458229064941,
    "high_bp_prevalence": 0.1689075630252101,
    "direct_sensitivity": 0.0,
    "direct_specificity": 1.0,
    "direct_ppv": 0.0,
    "auprc": 0.31229449608610504,
    "auroc": 0.5951486249239143
  },
  "source_mean": {
    "method": "mimic_source_mean",
    "patients": 119,
    "windows": 2380,
    "mae_sbp": 17.845542907714844,
    "mae_dbp": 10.447996139526367,
    "bias_sbp": -6.726935863494873,
    "bias_dbp": -5.582880973815918,
    "pearson_sbp": NaN,
    "pearson_dbp": NaN,
    "rmse_sbp": 23.288658142089844,
    "pct_sbp_within_5": 18.10924369747899,
    "pct_sbp_within_10": 35.79831932773109,
    "pct_sbp_within_15": 52.01680672268908,
    "rmse_dbp": 13.701955795288086,
    "pct_dbp_within_5": 32.016806722689076,
    "pct_dbp_within_10": 57.815126050420176,
    "pct_dbp_within_15": 76.42857142857142,
    "mae_sbp_ci_low": 16.701263427734375,
    "mae_sbp_ci_high": 19.096641540527344,
    "mae_dbp_ci_low": 9.731182098388672,
    "mae_dbp_ci_high": 11.206642150878906,
    "high_bp_prevalence": 0.1689075630252101,
    "direct_sensitivity": 0.0,
    "direct_specificity": 1.0,
    "direct_ppv": 0.0,
    "auprc": 0.1689075630252101,
    "auroc": 0.5
  },
  "source_mean_scope": "official_internal_train_partition_only",
  "supervised_affine_context": {
    "method": "innovation200_affine_crossfit",
    "patients": 119,
    "windows": 2380,
    "mae_sbp": 16.482004165649414,
    "mae_dbp": 9.248252868652344,
    "bias_sbp": 0.051907509565353394,
    "bias_dbp": 5.457581573864445e-05,
    "pearson_sbp": 0.27072912304892227,
    "pearson_dbp": 0.2534686296052424,
    "rmse_sbp": 21.476417541503906,
    "pct_sbp_within_5": 18.69747899159664,
    "pct_sbp_within_10": 38.193277310924366,
    "pct_sbp_within_15": 54.621848739495796,
    "rmse_dbp": 12.10583782196045,
    "pct_dbp_within_5": 35.96638655462185,
    "pct_dbp_within_10": 63.319327731092436,
    "pct_dbp_within_15": 81.05042016806723,
    "mae_sbp_ci_low": 15.452986717224121,
    "mae_sbp_ci_high": 17.686203002929688,
    "mae_dbp_ci_low": 8.610472679138184,
    "mae_dbp_ci_high": 9.93138313293457,
    "high_bp_prevalence": 0.1689075630252101,
    "direct_sensitivity": 0.03482587064676617,
    "direct_specificity": 0.9979777553083923,
    "direct_ppv": 0.7777777777777778,
    "auprc": 0.3228635329509829,
    "auroc": 0.6471591737973428
  },
  "crossfit_event_threshold": {
    "method": "patient-cross-fitted threshold on unchanged external score",
    "sensitivity": 0.2935323383084577,
    "specificity": 0.89737108190091
  },
  "previous_fixed_resnet_zero_shot": null,
  "claim_limit": "VitalDB is a locked synchronized retrospective stress test, not prospective clinical validation; affine calibration is supervised."
}
