
--- 2026-09-11T10:48:59.987879+00:00 ---

Building neural input cache:   0%|          | 0/45689 [00:00<?, ?it/s]
Building neural input cache:   1%|          | 459/45689 [00:00<00:09, 4589.39it/s]
Building neural input cache:   2%|▏         | 943/45689 [00:00<00:09, 4734.29it/s]
Building neural input cache:   3%|▎         | 1417/45689 [00:00<00:09, 4720.93it/s]
Building neural input cache:   4%|▍         | 1893/45689 [00:00<00:09, 4734.26it/s]
Building neural input cache:   5%|▌         | 2387/45689 [00:00<00:09, 4806.58it/s]
Building neural input cache:   6%|▋         | 2886/45689 [00:00<00:08, 4868.80it/s]
Building neural input cache:   7%|▋         | 3373/45689 [00:00<00:08, 4867.56it/s]
Building neural input cache:   8%|▊         | 3860/45689 [00:00<00:08, 4857.46it/s]
Building neural input cache:  10%|▉         | 4346/45689 [00:00<00:08, 4846.61it/s]
Building neural input cache:  11%|█         | 4832/45689 [00:01<00:08, 4849.33it/s]
Building neural input cache:  12%|█▏        | 5317/45689 [00:01<00:08, 4826.36it/s]
Building neural input cache:  13%|█▎        | 5800/45689 [00:01<00:08, 4791.23it/s]
Building neural input cache:  14%|█▍        | 6311/45689 [00:01<00:08, 4884.33it/s]
Building neural input cache:  15%|█▍        | 6820/45689 [00:01<00:07, 4944.35it/s]
Building neural input cache:  16%|█▌        | 7315/45689 [00:01<00:07, 4927.07it/s]
Building neural input cache:  17%|█▋        | 7830/45689 [00:01<00:07, 4990.88it/s]
Building neural input cache:  18%|█▊        | 8332/45689 [00:01<00:07, 4997.41it/s]
Building neural input cache:  19%|█▉        | 8836/45689 [00:01<00:07, 5008.16it/s]
Building neural input cache:  20%|██        | 9356/45689 [00:01<00:07, 5062.74it/s]
Building neural input cache:  22%|██▏       | 9863/45689 [00:02<00:07, 4994.80it/s]
Building neural input cache:  23%|██▎       | 10363/45689 [00:02<00:07, 4927.61it/s]
Building neural input cache:  24%|██▍       | 10857/45689 [00:02<00:07, 4908.19it/s]
Building neural input cache:  25%|██▍       | 11349/45689 [00:02<00:06, 4911.41it/s]
Building neural input cache:  26%|██▌       | 11859/45689 [00:02<00:06, 4966.94it/s]
Building neural input cache:  27%|██▋       | 12356/45689 [00:02<00:06, 4896.78it/s]
Building neural input cache:  28%|██▊       | 12858/45689 [00:02<00:06, 4932.36it/s]
Building neural input cache:  29%|██▉       | 13376/45689 [00:02<00:06, 5001.78it/s]
Building neural input cache:  30%|███       | 13877/45689 [00:02<00:06, 4986.08it/s]
Building neural input cache:  31%|███▏      | 14379/45689 [00:02<00:06, 4995.25it/s]
Building neural input cache:  33%|███▎      | 14883/45689 [00:03<00:06, 5006.19it/s]
Building neural input cache:  34%|███▎      | 15384/45689 [00:03<00:06, 5003.91it/s]
Building neural input cache:  35%|███▍      | 15885/45689 [00:03<00:05, 4978.07it/s]
Building neural input cache:  36%|███▌      | 16383/45689 [00:03<00:05, 4943.44it/s]
Building neural input cache:  37%|███▋      | 16884/45689 [00:03<00:05, 4962.74it/s]
Building neural input cache:  38%|███▊      | 17381/45689 [00:03<00:05, 4956.05it/s]
Building neural input cache:  39%|███▉      | 17888/45689 [00:03<00:05, 4987.76it/s]
Building neural input cache:  40%|████      | 18398/45689 [00:03<00:05, 5020.38it/s]
Building neural input cache:  41%|████▏     | 18903/45689 [00:03<00:05, 5026.28it/s]
Building neural input cache:  42%|████▏     | 19406/45689 [00:03<00:05, 4974.67it/s]
Building neural input cache:  44%|████▎     | 19905/45689 [00:04<00:05, 4978.63it/s]
Building neural input cache:  45%|████▍     | 20403/45689 [00:04<00:05, 4978.19it/s]
Building neural input cache:  46%|████▌     | 20901/45689 [00:04<00:05, 4955.69it/s]
Building neural input cache:  47%|████▋     | 21406/45689 [00:04<00:04, 4983.71it/s]
Building neural input cache:  48%|████▊     | 21906/45689 [00:04<00:04, 4986.09it/s]
Building neural input cache:  49%|████▉     | 22405/45689 [00:04<00:04, 4976.25it/s]
Building neural input cache:  50%|█████     | 22915/45689 [00:04<00:04, 5012.61it/s]
Building neural input cache:  51%|█████▏    | 23417/45689 [00:04<00:04, 5006.62it/s]
Building neural input cache:  52%|█████▏    | 23918/45689 [00:04<00:04, 4998.32it/s]
Building neural input cache:  53%|█████▎    | 24418/45689 [00:04<00:04, 4985.30it/s]
Building neural input cache:  55%|█████▍    | 24920/45689 [00:05<00:04, 4994.12it/s]
Building neural input cache:  56%|█████▌    | 25422/45689 [00:05<00:04, 5001.77it/s]
Building neural input cache:  57%|█████▋    | 25923/45689 [00:05<00:03, 4970.60it/s]
Building neural input cache:  58%|█████▊    | 26421/45689 [00:05<00:03, 4940.73it/s]
Building neural input cache:  59%|█████▉    | 26927/45689 [00:05<00:03, 4975.19it/s]
Building neural input cache:  60%|██████    | 27425/45689 [00:05<00:03, 4969.28it/s]
Building neural input cache:  61%|██████    | 27922/45689 [00:05<00:03, 4923.11it/s]
Building neural input cache:  62%|██████▏   | 28419/45689 [00:05<00:03, 4936.58it/s]
Building neural input cache:  63%|██████▎   | 28913/45689 [00:05<00:03, 4922.19it/s]
Building neural input cache:  64%|██████▍   | 29413/45689 [00:05<00:03, 4944.31it/s]
Building neural input cache:  65%|██████▌   | 29908/45689 [00:06<00:03, 4925.64it/s]
Building neural input cache:  67%|██████▋   | 30406/45689 [00:06<00:03, 4938.93it/s]
Building neural input cache:  68%|██████▊   | 30900/45689 [00:06<00:03, 4786.24it/s]
Building neural input cache:  69%|██████▊   | 31380/45689 [00:06<00:03, 4442.75it/s]
Building neural input cache:  70%|██████▉   | 31883/45689 [00:06<00:02, 4605.79it/s]
Building neural input cache:  71%|███████   | 32368/45689 [00:06<00:02, 4674.75it/s]
Building neural input cache:  72%|███████▏  | 32874/45689 [00:06<00:02, 4786.18it/s]
Building neural input cache:  73%|███████▎  | 33369/45689 [00:06<00:02, 4831.31it/s]
Building neural input cache:  74%|███████▍  | 33859/45689 [00:06<00:02, 4851.52it/s]
Building neural input cache:  75%|███████▌  | 34355/45689 [00:06<00:02, 4882.89it/s]
Building neural input cache:  76%|███████▋  | 34858/45689 [00:07<00:02, 4924.94it/s]
Building neural input cache:  77%|███████▋  | 35353/45689 [00:07<00:02, 4930.88it/s]
Building neural input cache:  78%|███████▊  | 35847/45689 [00:07<00:01, 4928.90it/s]
Building neural input cache:  80%|███████▉  | 36354/45689 [00:07<00:01, 4970.09it/s]
Building neural input cache:  81%|████████  | 36859/45689 [00:07<00:01, 4992.35it/s]
Building neural input cache:  82%|████████▏ | 37374/45689 [00:07<00:01, 5037.11it/s]
Building neural input cache:  83%|████████▎ | 37878/45689 [00:07<00:01, 5019.56it/s]
Building neural input cache:  84%|████████▍ | 38381/45689 [00:07<00:01, 5016.02it/s]
Building neural input cache:  85%|████████▌ | 38883/45689 [00:07<00:01, 4983.00it/s]
Building neural input cache:  86%|████████▌ | 39390/45689 [00:07<00:01, 5006.18it/s]
Building neural input cache:  87%|████████▋ | 39893/45689 [00:08<00:01, 5011.29it/s]
Building neural input cache:  88%|████████▊ | 40395/45689 [00:08<00:01, 4994.07it/s]
Building neural input cache:  90%|████████▉ | 40896/45689 [00:08<00:00, 4996.24it/s]
Building neural input cache:  91%|█████████ | 41399/45689 [00:08<00:00, 5005.24it/s]
Building neural input cache:  92%|█████████▏| 41918/45689 [00:08<00:00, 5060.00it/s]
Building neural input cache:  93%|█████████▎| 42425/45689 [00:08<00:00, 5058.93it/s]
Building neural input cache:  94%|█████████▍| 42937/45689 [00:08<00:00, 5076.30it/s]
Building neural input cache:  95%|█████████▌| 43445/45689 [00:08<00:00, 5073.30it/s]
Building neural input cache:  96%|█████████▌| 43953/45689 [00:08<00:00, 5031.39it/s]
Building neural input cache:  97%|█████████▋| 44457/45689 [00:08<00:00, 5031.26it/s]
Building neural input cache:  98%|█████████▊| 44961/45689 [00:09<00:00, 5015.98it/s]
Building neural input cache: 100%|█████████▉| 45468/45689 [00:09<00:00, 5029.22it/s]
Building neural input cache: 100%|██████████| 45689/45689 [00:09<00:00, 4941.58it/s]
Saved outputs/neural/cache/ppg15s_3ch_float16.npy and outputs/neural/cache/metadata.npz
